core_cm3.h:1674:22:__NVIC_SetPriority	16	static
core_cm3.h:1872:26:SysTick_Config	16	static
CortexMx_Os_Porting.c:13:6:HardFault_Handler	4	static
CortexMx_Os_Porting.c:17:6:MemManage_Handler	4	static
CortexMx_Os_Porting.c:21:6:BusFault_Handler	4	static
CortexMx_Os_Porting.c:25:6:UsageFault_Handler	4	static
CortexMx_Os_Porting.c:30:6:trigger_OS_PendSV	4	static
CortexMx_Os_Porting.c:37:6:SysTick_Handler	8	static
CortexMx_Os_Porting.c:51:27:SVC_Handler	0	static,ignoring_inline_asm
CortexMx_Os_Porting.c:60:6:Hardware_init	8	static
CortexMx_Os_Porting.c:73:6:Start_Systick	8	static
