core_cm3.h:1674:22:__NVIC_SetPriority	16	static
core_cm3.h:1872:26:SysTick_Config	16	static
CortexMx_Os_Porting.c:18:6:HardFault_Handler	4	static
CortexMx_Os_Porting.c:22:6:MemManage_Handler	4	static
CortexMx_Os_Porting.c:26:6:BusFault_Handler	4	static
CortexMx_Os_Porting.c:30:6:UsageFault_Handler	4	static
CortexMx_Os_Porting.c:34:6:SysTick_Handler	8	static
CortexMx_Os_Porting.c:43:27:SVC_Handler	0	static,ignoring_inline_asm
CortexMx_Os_Porting.c:66:6:HW_Init	8	static
CortexMx_Os_Porting.c:83:6:trigger_OS_PendSV	4	static
CortexMx_Os_Porting.c:95:6:System_Start_Ticker	8	static
