Scheduler.c:46:27:PendSV_Handler	0	static,ignoring_inline_asm
Scheduler.c:107:6:RTOS_PrivCreate_MainStack	4	static
Scheduler.c:124:6:RTOS_privIdleTask	4	static,ignoring_inline_asm
Scheduler.c:133:6:RTOS_PrivCreate_Stack	24	static
Scheduler.c:180:6:RTOS_Tasks_Sorting	24	static
Scheduler.c:205:6:RTOS_Update_SchedulerTable	24	static
Scheduler.c:254:6:RTOS_Select_Next_Task	8	static
Scheduler.c:285:6:OS_SVC_Services	24	static
Scheduler.c:328:6:Os_SVC_Set	16	static,ignoring_inline_asm
Scheduler.c:356:18:RTOS_Init	16	static
Scheduler.c:383:18:RTOS_Create_Task	24	static
Scheduler.c:413:18:RTOS_Activate_Task	24	static
Scheduler.c:430:18:RTOS_Terminate_Task	24	static
Scheduler.c:447:18:RTOS_StartOS	16	static,ignoring_inline_asm
