Scheduler.c:44:23:PendSV_Handler	0	static,ignoring_inline_asm
Scheduler.c:138:6:Idle_Task	4	static,ignoring_inline_asm
Scheduler.c:153:14:RTOS_Create_MainStack	16	static
Scheduler.c:171:14:RTOS_Create_TaskStack	24	static
Scheduler.c:225:6:RTOS_Tasks_Sorting	24	static
Scheduler.c:248:6:RTOS_Update_SchedulerTable	24	static
Scheduler.c:298:6:RTOS_Select_Next_Task	8	static
Scheduler.c:331:6:OS_SVC_Service	24	static
Scheduler.c:367:6:OS_SVC_Set	16	static,ignoring_inline_asm
Scheduler.c:389:6:RTOS_Update_TaskTime	16	static
Scheduler.c:419:14:RTOS_init	16	static
Scheduler.c:453:14:RTOS_CreateTask	24	static
Scheduler.c:499:6:RTOS_ActivateTask	16	static
Scheduler.c:510:6:RTOS_TerminalTask	16	static
Scheduler.c:521:6:RTOS_StartOS	8	static,ignoring_inline_asm
Scheduler.c:542:6:RTOS_Task_Wait	16	static
Scheduler.c:556:14:RTOS_AcquireMutex	24	static
Scheduler.c:584:6:RTOS_ReleaseMutex	16	static
