Archive member included to satisfy reference by file (symbol)

c:/st/stm32cubeide_1.4.0/stm32cubeide/plugins/com.st.stm32cube.ide.mcu.externaltools.gnu-tools-for-stm32.7-2018-q2-update.win32_1.4.0.202007081208/tools/bin/../lib/gcc/arm-none-eabi/7.3.1/../../../../arm-none-eabi/lib/thumb/v7-m\libc_nano.a(lib_a-errno.o)
                              Src/syscalls.o (__errno)
c:/st/stm32cubeide_1.4.0/stm32cubeide/plugins/com.st.stm32cube.ide.mcu.externaltools.gnu-tools-for-stm32.7-2018-q2-update.win32_1.4.0.202007081208/tools/bin/../lib/gcc/arm-none-eabi/7.3.1/../../../../arm-none-eabi/lib/thumb/v7-m\libc_nano.a(lib_a-exit.o)
                              c:/st/stm32cubeide_1.4.0/stm32cubeide/plugins/com.st.stm32cube.ide.mcu.externaltools.gnu-tools-for-stm32.7-2018-q2-update.win32_1.4.0.202007081208/tools/bin/../lib/gcc/arm-none-eabi/7.3.1/../../../../arm-none-eabi/lib/thumb/v7-m/crt0.o (exit)
c:/st/stm32cubeide_1.4.0/stm32cubeide/plugins/com.st.stm32cube.ide.mcu.externaltools.gnu-tools-for-stm32.7-2018-q2-update.win32_1.4.0.202007081208/tools/bin/../lib/gcc/arm-none-eabi/7.3.1/../../../../arm-none-eabi/lib/thumb/v7-m\libc_nano.a(lib_a-impure.o)
                              c:/st/stm32cubeide_1.4.0/stm32cubeide/plugins/com.st.stm32cube.ide.mcu.externaltools.gnu-tools-for-stm32.7-2018-q2-update.win32_1.4.0.202007081208/tools/bin/../lib/gcc/arm-none-eabi/7.3.1/../../../../arm-none-eabi/lib/thumb/v7-m\libc_nano.a(lib_a-exit.o) (_global_impure_ptr)
c:/st/stm32cubeide_1.4.0/stm32cubeide/plugins/com.st.stm32cube.ide.mcu.externaltools.gnu-tools-for-stm32.7-2018-q2-update.win32_1.4.0.202007081208/tools/bin/../lib/gcc/arm-none-eabi/7.3.1/../../../../arm-none-eabi/lib/thumb/v7-m\libc_nano.a(lib_a-init.o)
                              c:/st/stm32cubeide_1.4.0/stm32cubeide/plugins/com.st.stm32cube.ide.mcu.externaltools.gnu-tools-for-stm32.7-2018-q2-update.win32_1.4.0.202007081208/tools/bin/../lib/gcc/arm-none-eabi/7.3.1/../../../../arm-none-eabi/lib/thumb/v7-m/crt0.o (__libc_init_array)
c:/st/stm32cubeide_1.4.0/stm32cubeide/plugins/com.st.stm32cube.ide.mcu.externaltools.gnu-tools-for-stm32.7-2018-q2-update.win32_1.4.0.202007081208/tools/bin/../lib/gcc/arm-none-eabi/7.3.1/../../../../arm-none-eabi/lib/thumb/v7-m\libc_nano.a(lib_a-memset.o)
                              c:/st/stm32cubeide_1.4.0/stm32cubeide/plugins/com.st.stm32cube.ide.mcu.externaltools.gnu-tools-for-stm32.7-2018-q2-update.win32_1.4.0.202007081208/tools/bin/../lib/gcc/arm-none-eabi/7.3.1/../../../../arm-none-eabi/lib/thumb/v7-m/crt0.o (memset)

Allocating common symbols
Common symbol       size              file

Global_ptr_callBack
                    0x3c              Src/MCAL/EXTI/EXTI.o

Discarded input sections

 .text          0x0000000000000000        0x0 c:/st/stm32cubeide_1.4.0/stm32cubeide/plugins/com.st.stm32cube.ide.mcu.externaltools.gnu-tools-for-stm32.7-2018-q2-update.win32_1.4.0.202007081208/tools/bin/../lib/gcc/arm-none-eabi/7.3.1/thumb/v7-m/crti.o
 .data          0x0000000000000000        0x0 c:/st/stm32cubeide_1.4.0/stm32cubeide/plugins/com.st.stm32cube.ide.mcu.externaltools.gnu-tools-for-stm32.7-2018-q2-update.win32_1.4.0.202007081208/tools/bin/../lib/gcc/arm-none-eabi/7.3.1/thumb/v7-m/crti.o
 .bss           0x0000000000000000        0x0 c:/st/stm32cubeide_1.4.0/stm32cubeide/plugins/com.st.stm32cube.ide.mcu.externaltools.gnu-tools-for-stm32.7-2018-q2-update.win32_1.4.0.202007081208/tools/bin/../lib/gcc/arm-none-eabi/7.3.1/thumb/v7-m/crti.o
 .data          0x0000000000000000        0x4 c:/st/stm32cubeide_1.4.0/stm32cubeide/plugins/com.st.stm32cube.ide.mcu.externaltools.gnu-tools-for-stm32.7-2018-q2-update.win32_1.4.0.202007081208/tools/bin/../lib/gcc/arm-none-eabi/7.3.1/thumb/v7-m/crtbegin.o
 .text          0x0000000000000000       0x74 c:/st/stm32cubeide_1.4.0/stm32cubeide/plugins/com.st.stm32cube.ide.mcu.externaltools.gnu-tools-for-stm32.7-2018-q2-update.win32_1.4.0.202007081208/tools/bin/../lib/gcc/arm-none-eabi/7.3.1/../../../../arm-none-eabi/lib/thumb/v7-m/crt0.o
 .data          0x0000000000000000        0x0 c:/st/stm32cubeide_1.4.0/stm32cubeide/plugins/com.st.stm32cube.ide.mcu.externaltools.gnu-tools-for-stm32.7-2018-q2-update.win32_1.4.0.202007081208/tools/bin/../lib/gcc/arm-none-eabi/7.3.1/../../../../arm-none-eabi/lib/thumb/v7-m/crt0.o
 .bss           0x0000000000000000        0x0 c:/st/stm32cubeide_1.4.0/stm32cubeide/plugins/com.st.stm32cube.ide.mcu.externaltools.gnu-tools-for-stm32.7-2018-q2-update.win32_1.4.0.202007081208/tools/bin/../lib/gcc/arm-none-eabi/7.3.1/../../../../arm-none-eabi/lib/thumb/v7-m/crt0.o
 .ARM.extab     0x0000000000000000        0x0 c:/st/stm32cubeide_1.4.0/stm32cubeide/plugins/com.st.stm32cube.ide.mcu.externaltools.gnu-tools-for-stm32.7-2018-q2-update.win32_1.4.0.202007081208/tools/bin/../lib/gcc/arm-none-eabi/7.3.1/../../../../arm-none-eabi/lib/thumb/v7-m/crt0.o
 .ARM.exidx     0x0000000000000000        0x8 c:/st/stm32cubeide_1.4.0/stm32cubeide/plugins/com.st.stm32cube.ide.mcu.externaltools.gnu-tools-for-stm32.7-2018-q2-update.win32_1.4.0.202007081208/tools/bin/../lib/gcc/arm-none-eabi/7.3.1/../../../../arm-none-eabi/lib/thumb/v7-m/crt0.o
 .ARM.attributes
                0x0000000000000000       0x1b c:/st/stm32cubeide_1.4.0/stm32cubeide/plugins/com.st.stm32cube.ide.mcu.externaltools.gnu-tools-for-stm32.7-2018-q2-update.win32_1.4.0.202007081208/tools/bin/../lib/gcc/arm-none-eabi/7.3.1/../../../../arm-none-eabi/lib/thumb/v7-m/crt0.o
 .group         0x0000000000000000        0xc Src/HAL/KEYPAD/KEYPAD.o
 .group         0x0000000000000000        0xc Src/HAL/KEYPAD/KEYPAD.o
 .group         0x0000000000000000        0xc Src/HAL/KEYPAD/KEYPAD.o
 .group         0x0000000000000000        0xc Src/HAL/KEYPAD/KEYPAD.o
 .group         0x0000000000000000        0xc Src/HAL/KEYPAD/KEYPAD.o
 .group         0x0000000000000000        0xc Src/HAL/KEYPAD/KEYPAD.o
 .group         0x0000000000000000        0xc Src/HAL/KEYPAD/KEYPAD.o
 .group         0x0000000000000000        0xc Src/HAL/KEYPAD/KEYPAD.o
 .group         0x0000000000000000        0xc Src/HAL/KEYPAD/KEYPAD.o
 .group         0x0000000000000000        0xc Src/HAL/KEYPAD/KEYPAD.o
 .group         0x0000000000000000        0xc Src/HAL/KEYPAD/KEYPAD.o
 .group         0x0000000000000000        0xc Src/HAL/KEYPAD/KEYPAD.o
 .group         0x0000000000000000        0xc Src/HAL/KEYPAD/KEYPAD.o
 .group         0x0000000000000000        0xc Src/HAL/KEYPAD/KEYPAD.o
 .group         0x0000000000000000        0xc Src/HAL/KEYPAD/KEYPAD.o
 .group         0x0000000000000000        0xc Src/HAL/KEYPAD/KEYPAD.o
 .group         0x0000000000000000        0xc Src/HAL/KEYPAD/KEYPAD.o
 .group         0x0000000000000000        0xc Src/HAL/KEYPAD/KEYPAD.o
 .group         0x0000000000000000        0xc Src/HAL/KEYPAD/KEYPAD.o
 .group         0x0000000000000000        0xc Src/HAL/KEYPAD/KEYPAD.o
 .group         0x0000000000000000        0xc Src/HAL/KEYPAD/KEYPAD.o
 .group         0x0000000000000000        0xc Src/HAL/KEYPAD/KEYPAD.o
 .group         0x0000000000000000        0xc Src/HAL/KEYPAD/KEYPAD.o
 .text          0x0000000000000000        0x0 Src/HAL/KEYPAD/KEYPAD.o
 .data          0x0000000000000000        0x0 Src/HAL/KEYPAD/KEYPAD.o
 .bss           0x0000000000000000        0x0 Src/HAL/KEYPAD/KEYPAD.o
 .text.HAL_KEYPAD_Init
                0x0000000000000000       0xb4 Src/HAL/KEYPAD/KEYPAD.o
 .rodata        0x0000000000000000       0x10 Src/HAL/KEYPAD/KEYPAD.o
 .text.HAL_KEYPAD_Get_PressedKey
                0x0000000000000000       0xcc Src/HAL/KEYPAD/KEYPAD.o
 .debug_info    0x0000000000000000      0xb38 Src/HAL/KEYPAD/KEYPAD.o
 .debug_abbrev  0x0000000000000000      0x1b1 Src/HAL/KEYPAD/KEYPAD.o
 .debug_loc     0x0000000000000000       0xa0 Src/HAL/KEYPAD/KEYPAD.o
 .debug_aranges
                0x0000000000000000       0x28 Src/HAL/KEYPAD/KEYPAD.o
 .debug_ranges  0x0000000000000000       0x18 Src/HAL/KEYPAD/KEYPAD.o
 .debug_macro   0x0000000000000000      0x14a Src/HAL/KEYPAD/KEYPAD.o
 .debug_macro   0x0000000000000000      0xa60 Src/HAL/KEYPAD/KEYPAD.o
 .debug_macro   0x0000000000000000       0x2e Src/HAL/KEYPAD/KEYPAD.o
 .debug_macro   0x0000000000000000       0x18 Src/HAL/KEYPAD/KEYPAD.o
 .debug_macro   0x0000000000000000       0x22 Src/HAL/KEYPAD/KEYPAD.o
 .debug_macro   0x0000000000000000       0x40 Src/HAL/KEYPAD/KEYPAD.o
 .debug_macro   0x0000000000000000       0x94 Src/HAL/KEYPAD/KEYPAD.o
 .debug_macro   0x0000000000000000       0x3c Src/HAL/KEYPAD/KEYPAD.o
 .debug_macro   0x0000000000000000       0x34 Src/HAL/KEYPAD/KEYPAD.o
 .debug_macro   0x0000000000000000       0x16 Src/HAL/KEYPAD/KEYPAD.o
 .debug_macro   0x0000000000000000      0x10e Src/HAL/KEYPAD/KEYPAD.o
 .debug_macro   0x0000000000000000       0x8d Src/HAL/KEYPAD/KEYPAD.o
 .debug_macro   0x0000000000000000       0x57 Src/HAL/KEYPAD/KEYPAD.o
 .debug_macro   0x0000000000000000       0x52 Src/HAL/KEYPAD/KEYPAD.o
 .debug_macro   0x0000000000000000       0x1f Src/HAL/KEYPAD/KEYPAD.o
 .debug_macro   0x0000000000000000       0x43 Src/HAL/KEYPAD/KEYPAD.o
 .debug_macro   0x0000000000000000       0x20 Src/HAL/KEYPAD/KEYPAD.o
 .debug_macro   0x0000000000000000      0x1a3 Src/HAL/KEYPAD/KEYPAD.o
 .debug_macro   0x0000000000000000      0x330 Src/HAL/KEYPAD/KEYPAD.o
 .debug_macro   0x0000000000000000       0x16 Src/HAL/KEYPAD/KEYPAD.o
 .debug_macro   0x0000000000000000       0x29 Src/HAL/KEYPAD/KEYPAD.o
 .debug_macro   0x0000000000000000      0x31c Src/HAL/KEYPAD/KEYPAD.o
 .debug_macro   0x0000000000000000       0xc4 Src/HAL/KEYPAD/KEYPAD.o
 .debug_macro   0x0000000000000000       0x2e Src/HAL/KEYPAD/KEYPAD.o
 .debug_line    0x0000000000000000      0x5ff Src/HAL/KEYPAD/KEYPAD.o
 .debug_str     0x0000000000000000     0x7a35 Src/HAL/KEYPAD/KEYPAD.o
 .comment       0x0000000000000000       0x7c Src/HAL/KEYPAD/KEYPAD.o
 .debug_frame   0x0000000000000000       0x5c Src/HAL/KEYPAD/KEYPAD.o
 .ARM.attributes
                0x0000000000000000       0x33 Src/HAL/KEYPAD/KEYPAD.o
 .group         0x0000000000000000        0xc Src/HAL/LCD/LCD.o
 .group         0x0000000000000000        0xc Src/HAL/LCD/LCD.o
 .group         0x0000000000000000        0xc Src/HAL/LCD/LCD.o
 .group         0x0000000000000000        0xc Src/HAL/LCD/LCD.o
 .group         0x0000000000000000        0xc Src/HAL/LCD/LCD.o
 .group         0x0000000000000000        0xc Src/HAL/LCD/LCD.o
 .group         0x0000000000000000        0xc Src/HAL/LCD/LCD.o
 .group         0x0000000000000000        0xc Src/HAL/LCD/LCD.o
 .group         0x0000000000000000        0xc Src/HAL/LCD/LCD.o
 .group         0x0000000000000000        0xc Src/HAL/LCD/LCD.o
 .group         0x0000000000000000        0xc Src/HAL/LCD/LCD.o
 .group         0x0000000000000000        0xc Src/HAL/LCD/LCD.o
 .group         0x0000000000000000        0xc Src/HAL/LCD/LCD.o
 .group         0x0000000000000000        0xc Src/HAL/LCD/LCD.o
 .group         0x0000000000000000        0xc Src/HAL/LCD/LCD.o
 .group         0x0000000000000000        0xc Src/HAL/LCD/LCD.o
 .group         0x0000000000000000        0xc Src/HAL/LCD/LCD.o
 .group         0x0000000000000000        0xc Src/HAL/LCD/LCD.o
 .group         0x0000000000000000        0xc Src/HAL/LCD/LCD.o
 .group         0x0000000000000000        0xc Src/HAL/LCD/LCD.o
 .group         0x0000000000000000        0xc Src/HAL/LCD/LCD.o
 .group         0x0000000000000000        0xc Src/HAL/LCD/LCD.o
 .group         0x0000000000000000        0xc Src/HAL/LCD/LCD.o
 .text          0x0000000000000000        0x0 Src/HAL/LCD/LCD.o
 .data          0x0000000000000000        0x0 Src/HAL/LCD/LCD.o
 .bss           0x0000000000000000        0x0 Src/HAL/LCD/LCD.o
 .text.wait_ms  0x0000000000000000       0x38 Src/HAL/LCD/LCD.o
 .text.Private_LCD_Pins_init
                0x0000000000000000      0x124 Src/HAL/LCD/LCD.o
 .text.Private_LCD_Kick
                0x0000000000000000       0x28 Src/HAL/LCD/LCD.o
 .text.HAL_LCD_Init
                0x0000000000000000       0x34 Src/HAL/LCD/LCD.o
 .text.HAL_LCD_Send_Command
                0x0000000000000000       0xdc Src/HAL/LCD/LCD.o
 .text.HAL_LCD_Display_Char
                0x0000000000000000       0xdc Src/HAL/LCD/LCD.o
 .text.HAL_LCD_Clear_Screen
                0x0000000000000000        0xe Src/HAL/LCD/LCD.o
 .text.HAL_LCD_Display_String
                0x0000000000000000       0x36 Src/HAL/LCD/LCD.o
 .text.HAL_LCD_GoToXY
                0x0000000000000000       0x4a Src/HAL/LCD/LCD.o
 .text.HAL_LCD_Display_Number
                0x0000000000000000       0x1e Src/HAL/LCD/LCD.o
 .debug_info    0x0000000000000000      0xceb Src/HAL/LCD/LCD.o
 .debug_abbrev  0x0000000000000000      0x226 Src/HAL/LCD/LCD.o
 .debug_loc     0x0000000000000000      0x2c0 Src/HAL/LCD/LCD.o
 .debug_aranges
                0x0000000000000000       0x68 Src/HAL/LCD/LCD.o
 .debug_ranges  0x0000000000000000       0x58 Src/HAL/LCD/LCD.o
 .debug_macro   0x0000000000000000      0x14a Src/HAL/LCD/LCD.o
 .debug_macro   0x0000000000000000      0xa60 Src/HAL/LCD/LCD.o
 .debug_macro   0x0000000000000000       0x2e Src/HAL/LCD/LCD.o
 .debug_macro   0x0000000000000000       0x18 Src/HAL/LCD/LCD.o
 .debug_macro   0x0000000000000000       0x22 Src/HAL/LCD/LCD.o
 .debug_macro   0x0000000000000000       0x40 Src/HAL/LCD/LCD.o
 .debug_macro   0x0000000000000000       0x94 Src/HAL/LCD/LCD.o
 .debug_macro   0x0000000000000000       0x3c Src/HAL/LCD/LCD.o
 .debug_macro   0x0000000000000000       0x34 Src/HAL/LCD/LCD.o
 .debug_macro   0x0000000000000000       0x16 Src/HAL/LCD/LCD.o
 .debug_macro   0x0000000000000000      0x10e Src/HAL/LCD/LCD.o
 .debug_macro   0x0000000000000000       0x8d Src/HAL/LCD/LCD.o
 .debug_macro   0x0000000000000000       0x57 Src/HAL/LCD/LCD.o
 .debug_macro   0x0000000000000000       0x52 Src/HAL/LCD/LCD.o
 .debug_macro   0x0000000000000000       0x1f Src/HAL/LCD/LCD.o
 .debug_macro   0x0000000000000000       0x43 Src/HAL/LCD/LCD.o
 .debug_macro   0x0000000000000000       0x20 Src/HAL/LCD/LCD.o
 .debug_macro   0x0000000000000000      0x1a3 Src/HAL/LCD/LCD.o
 .debug_macro   0x0000000000000000      0x330 Src/HAL/LCD/LCD.o
 .debug_macro   0x0000000000000000       0x16 Src/HAL/LCD/LCD.o
 .debug_macro   0x0000000000000000       0x29 Src/HAL/LCD/LCD.o
 .debug_macro   0x0000000000000000      0x31c Src/HAL/LCD/LCD.o
 .debug_macro   0x0000000000000000       0xc4 Src/HAL/LCD/LCD.o
 .debug_macro   0x0000000000000000       0x94 Src/HAL/LCD/LCD.o
 .debug_line    0x0000000000000000      0x6a2 Src/HAL/LCD/LCD.o
 .debug_str     0x0000000000000000     0x7dd7 Src/HAL/LCD/LCD.o
 .comment       0x0000000000000000       0x7c Src/HAL/LCD/LCD.o
 .debug_frame   0x0000000000000000      0x164 Src/HAL/LCD/LCD.o
 .ARM.attributes
                0x0000000000000000       0x33 Src/HAL/LCD/LCD.o
 .group         0x0000000000000000        0xc Src/MCAL/EXTI/EXTI.o
 .group         0x0000000000000000        0xc Src/MCAL/EXTI/EXTI.o
 .group         0x0000000000000000        0xc Src/MCAL/EXTI/EXTI.o
 .group         0x0000000000000000        0xc Src/MCAL/EXTI/EXTI.o
 .group         0x0000000000000000        0xc Src/MCAL/EXTI/EXTI.o
 .group         0x0000000000000000        0xc Src/MCAL/EXTI/EXTI.o
 .group         0x0000000000000000        0xc Src/MCAL/EXTI/EXTI.o
 .group         0x0000000000000000        0xc Src/MCAL/EXTI/EXTI.o
 .group         0x0000000000000000        0xc Src/MCAL/EXTI/EXTI.o
 .group         0x0000000000000000        0xc Src/MCAL/EXTI/EXTI.o
 .group         0x0000000000000000        0xc Src/MCAL/EXTI/EXTI.o
 .group         0x0000000000000000        0xc Src/MCAL/EXTI/EXTI.o
 .group         0x0000000000000000        0xc Src/MCAL/EXTI/EXTI.o
 .group         0x0000000000000000        0xc Src/MCAL/EXTI/EXTI.o
 .group         0x0000000000000000        0xc Src/MCAL/EXTI/EXTI.o
 .group         0x0000000000000000        0xc Src/MCAL/EXTI/EXTI.o
 .group         0x0000000000000000        0xc Src/MCAL/EXTI/EXTI.o
 .group         0x0000000000000000        0xc Src/MCAL/EXTI/EXTI.o
 .group         0x0000000000000000        0xc Src/MCAL/EXTI/EXTI.o
 .group         0x0000000000000000        0xc Src/MCAL/EXTI/EXTI.o
 .group         0x0000000000000000        0xc Src/MCAL/EXTI/EXTI.o
 .group         0x0000000000000000        0xc Src/MCAL/EXTI/EXTI.o
 .group         0x0000000000000000        0xc Src/MCAL/EXTI/EXTI.o
 .text          0x0000000000000000        0x0 Src/MCAL/EXTI/EXTI.o
 .data          0x0000000000000000        0x0 Src/MCAL/EXTI/EXTI.o
 .bss           0x0000000000000000        0x0 Src/MCAL/EXTI/EXTI.o
 .text.MCAL_EXTI_DeInit
                0x0000000000000000       0x94 Src/MCAL/EXTI/EXTI.o
 .text.MCAL_EXTI_Update
                0x0000000000000000       0x16 Src/MCAL/EXTI/EXTI.o
 .debug_macro   0x0000000000000000      0xa60 Src/MCAL/EXTI/EXTI.o
 .debug_macro   0x0000000000000000       0x2e Src/MCAL/EXTI/EXTI.o
 .debug_macro   0x0000000000000000       0x18 Src/MCAL/EXTI/EXTI.o
 .debug_macro   0x0000000000000000       0x22 Src/MCAL/EXTI/EXTI.o
 .debug_macro   0x0000000000000000       0x40 Src/MCAL/EXTI/EXTI.o
 .debug_macro   0x0000000000000000       0x94 Src/MCAL/EXTI/EXTI.o
 .debug_macro   0x0000000000000000       0x3c Src/MCAL/EXTI/EXTI.o
 .debug_macro   0x0000000000000000       0x34 Src/MCAL/EXTI/EXTI.o
 .debug_macro   0x0000000000000000       0x16 Src/MCAL/EXTI/EXTI.o
 .debug_macro   0x0000000000000000      0x10e Src/MCAL/EXTI/EXTI.o
 .debug_macro   0x0000000000000000       0x8d Src/MCAL/EXTI/EXTI.o
 .debug_macro   0x0000000000000000       0x57 Src/MCAL/EXTI/EXTI.o
 .debug_macro   0x0000000000000000       0x52 Src/MCAL/EXTI/EXTI.o
 .debug_macro   0x0000000000000000       0x1f Src/MCAL/EXTI/EXTI.o
 .debug_macro   0x0000000000000000       0x43 Src/MCAL/EXTI/EXTI.o
 .debug_macro   0x0000000000000000       0x20 Src/MCAL/EXTI/EXTI.o
 .debug_macro   0x0000000000000000      0x1a3 Src/MCAL/EXTI/EXTI.o
 .debug_macro   0x0000000000000000      0x330 Src/MCAL/EXTI/EXTI.o
 .debug_macro   0x0000000000000000       0x16 Src/MCAL/EXTI/EXTI.o
 .debug_macro   0x0000000000000000       0x29 Src/MCAL/EXTI/EXTI.o
 .debug_macro   0x0000000000000000      0x31c Src/MCAL/EXTI/EXTI.o
 .debug_macro   0x0000000000000000       0xc4 Src/MCAL/EXTI/EXTI.o
 .group         0x0000000000000000        0xc Src/MCAL/GPIO/GPIO.o
 .group         0x0000000000000000        0xc Src/MCAL/GPIO/GPIO.o
 .group         0x0000000000000000        0xc Src/MCAL/GPIO/GPIO.o
 .group         0x0000000000000000        0xc Src/MCAL/GPIO/GPIO.o
 .group         0x0000000000000000        0xc Src/MCAL/GPIO/GPIO.o
 .group         0x0000000000000000        0xc Src/MCAL/GPIO/GPIO.o
 .group         0x0000000000000000        0xc Src/MCAL/GPIO/GPIO.o
 .group         0x0000000000000000        0xc Src/MCAL/GPIO/GPIO.o
 .group         0x0000000000000000        0xc Src/MCAL/GPIO/GPIO.o
 .group         0x0000000000000000        0xc Src/MCAL/GPIO/GPIO.o
 .group         0x0000000000000000        0xc Src/MCAL/GPIO/GPIO.o
 .group         0x0000000000000000        0xc Src/MCAL/GPIO/GPIO.o
 .group         0x0000000000000000        0xc Src/MCAL/GPIO/GPIO.o
 .group         0x0000000000000000        0xc Src/MCAL/GPIO/GPIO.o
 .group         0x0000000000000000        0xc Src/MCAL/GPIO/GPIO.o
 .group         0x0000000000000000        0xc Src/MCAL/GPIO/GPIO.o
 .group         0x0000000000000000        0xc Src/MCAL/GPIO/GPIO.o
 .group         0x0000000000000000        0xc Src/MCAL/GPIO/GPIO.o
 .group         0x0000000000000000        0xc Src/MCAL/GPIO/GPIO.o
 .group         0x0000000000000000        0xc Src/MCAL/GPIO/GPIO.o
 .group         0x0000000000000000        0xc Src/MCAL/GPIO/GPIO.o
 .group         0x0000000000000000        0xc Src/MCAL/GPIO/GPIO.o
 .text          0x0000000000000000        0x0 Src/MCAL/GPIO/GPIO.o
 .data          0x0000000000000000        0x0 Src/MCAL/GPIO/GPIO.o
 .bss           0x0000000000000000        0x0 Src/MCAL/GPIO/GPIO.o
 .text.MCAL_GPIO_DeInit
                0x0000000000000000       0x3a Src/MCAL/GPIO/GPIO.o
 .text.MCAL_GPIO_Pin_Write
                0x0000000000000000       0x48 Src/MCAL/GPIO/GPIO.o
 .text.MCAL_GPIO_Port_Write
                0x0000000000000000       0x1c Src/MCAL/GPIO/GPIO.o
 .text.MCAL_GPIO_Pin_Read
                0x0000000000000000       0x34 Src/MCAL/GPIO/GPIO.o
 .text.MCAL_GPIO_Pin_Toggle
                0x0000000000000000       0x28 Src/MCAL/GPIO/GPIO.o
 .text.MCAL_GPIO_Port_Read
                0x0000000000000000       0x1a Src/MCAL/GPIO/GPIO.o
 .text.MCAL_GPIO_Pin_Lock
                0x0000000000000000       0x5e Src/MCAL/GPIO/GPIO.o
 .debug_macro   0x0000000000000000      0xa60 Src/MCAL/GPIO/GPIO.o
 .debug_macro   0x0000000000000000       0x2e Src/MCAL/GPIO/GPIO.o
 .debug_macro   0x0000000000000000       0x18 Src/MCAL/GPIO/GPIO.o
 .debug_macro   0x0000000000000000       0x22 Src/MCAL/GPIO/GPIO.o
 .debug_macro   0x0000000000000000       0x40 Src/MCAL/GPIO/GPIO.o
 .debug_macro   0x0000000000000000       0x94 Src/MCAL/GPIO/GPIO.o
 .debug_macro   0x0000000000000000       0x3c Src/MCAL/GPIO/GPIO.o
 .debug_macro   0x0000000000000000       0x34 Src/MCAL/GPIO/GPIO.o
 .debug_macro   0x0000000000000000       0x16 Src/MCAL/GPIO/GPIO.o
 .debug_macro   0x0000000000000000      0x10e Src/MCAL/GPIO/GPIO.o
 .debug_macro   0x0000000000000000       0x8d Src/MCAL/GPIO/GPIO.o
 .debug_macro   0x0000000000000000       0x57 Src/MCAL/GPIO/GPIO.o
 .debug_macro   0x0000000000000000       0x52 Src/MCAL/GPIO/GPIO.o
 .debug_macro   0x0000000000000000       0x1f Src/MCAL/GPIO/GPIO.o
 .debug_macro   0x0000000000000000       0x43 Src/MCAL/GPIO/GPIO.o
 .debug_macro   0x0000000000000000       0x20 Src/MCAL/GPIO/GPIO.o
 .debug_macro   0x0000000000000000      0x1a3 Src/MCAL/GPIO/GPIO.o
 .debug_macro   0x0000000000000000      0x330 Src/MCAL/GPIO/GPIO.o
 .debug_macro   0x0000000000000000       0x16 Src/MCAL/GPIO/GPIO.o
 .debug_macro   0x0000000000000000       0x29 Src/MCAL/GPIO/GPIO.o
 .debug_macro   0x0000000000000000      0x31c Src/MCAL/GPIO/GPIO.o
 .debug_macro   0x0000000000000000       0xc4 Src/MCAL/GPIO/GPIO.o
 .group         0x0000000000000000        0xc Src/MCAL/I2C/I2C.o
 .text          0x0000000000000000        0x0 Src/MCAL/I2C/I2C.o
 .data          0x0000000000000000        0x0 Src/MCAL/I2C/I2C.o
 .bss           0x0000000000000000        0x0 Src/MCAL/I2C/I2C.o
 .debug_info    0x0000000000000000       0x21 Src/MCAL/I2C/I2C.o
 .debug_abbrev  0x0000000000000000       0x13 Src/MCAL/I2C/I2C.o
 .debug_aranges
                0x0000000000000000       0x18 Src/MCAL/I2C/I2C.o
 .debug_macro   0x0000000000000000       0x11 Src/MCAL/I2C/I2C.o
 .debug_macro   0x0000000000000000      0xa60 Src/MCAL/I2C/I2C.o
 .debug_line    0x0000000000000000       0x36 Src/MCAL/I2C/I2C.o
 .debug_str     0x0000000000000000     0x2cde Src/MCAL/I2C/I2C.o
 .comment       0x0000000000000000       0x7c Src/MCAL/I2C/I2C.o
 .ARM.attributes
                0x0000000000000000       0x33 Src/MCAL/I2C/I2C.o
 .group         0x0000000000000000        0xc Src/MCAL/RCC/RCC.o
 .group         0x0000000000000000        0xc Src/MCAL/RCC/RCC.o
 .group         0x0000000000000000        0xc Src/MCAL/RCC/RCC.o
 .group         0x0000000000000000        0xc Src/MCAL/RCC/RCC.o
 .group         0x0000000000000000        0xc Src/MCAL/RCC/RCC.o
 .group         0x0000000000000000        0xc Src/MCAL/RCC/RCC.o
 .group         0x0000000000000000        0xc Src/MCAL/RCC/RCC.o
 .group         0x0000000000000000        0xc Src/MCAL/RCC/RCC.o
 .group         0x0000000000000000        0xc Src/MCAL/RCC/RCC.o
 .group         0x0000000000000000        0xc Src/MCAL/RCC/RCC.o
 .group         0x0000000000000000        0xc Src/MCAL/RCC/RCC.o
 .group         0x0000000000000000        0xc Src/MCAL/RCC/RCC.o
 .group         0x0000000000000000        0xc Src/MCAL/RCC/RCC.o
 .group         0x0000000000000000        0xc Src/MCAL/RCC/RCC.o
 .group         0x0000000000000000        0xc Src/MCAL/RCC/RCC.o
 .group         0x0000000000000000        0xc Src/MCAL/RCC/RCC.o
 .group         0x0000000000000000        0xc Src/MCAL/RCC/RCC.o
 .group         0x0000000000000000        0xc Src/MCAL/RCC/RCC.o
 .group         0x0000000000000000        0xc Src/MCAL/RCC/RCC.o
 .group         0x0000000000000000        0xc Src/MCAL/RCC/RCC.o
 .group         0x0000000000000000        0xc Src/MCAL/RCC/RCC.o
 .text          0x0000000000000000        0x0 Src/MCAL/RCC/RCC.o
 .data          0x0000000000000000        0x0 Src/MCAL/RCC/RCC.o
 .bss           0x0000000000000000        0x0 Src/MCAL/RCC/RCC.o
 .data.Priv_APBprescaler
                0x0000000000000000        0x8 Src/MCAL/RCC/RCC.o
 .data.Priv_AHBprescaler
                0x0000000000000000       0x10 Src/MCAL/RCC/RCC.o
 .text.MCAL_RCC_Get_PCLK1_Freq
                0x0000000000000000       0x28 Src/MCAL/RCC/RCC.o
 .text.MCAL_RCC_Get_PCLK2_Freq
                0x0000000000000000       0x28 Src/MCAL/RCC/RCC.o
 .text.MCAL_RCC_Get_HCLK_Freq
                0x0000000000000000       0x28 Src/MCAL/RCC/RCC.o
 .text.MCAL_RCC_Get_SYSCLK_Freq
                0x0000000000000000       0x3c Src/MCAL/RCC/RCC.o
 .debug_info    0x0000000000000000      0xafd Src/MCAL/RCC/RCC.o
 .debug_abbrev  0x0000000000000000      0x197 Src/MCAL/RCC/RCC.o
 .debug_loc     0x0000000000000000       0xc8 Src/MCAL/RCC/RCC.o
 .debug_aranges
                0x0000000000000000       0x38 Src/MCAL/RCC/RCC.o
 .debug_ranges  0x0000000000000000       0x28 Src/MCAL/RCC/RCC.o
 .debug_macro   0x0000000000000000      0x130 Src/MCAL/RCC/RCC.o
 .debug_macro   0x0000000000000000      0xa60 Src/MCAL/RCC/RCC.o
 .debug_macro   0x0000000000000000       0x18 Src/MCAL/RCC/RCC.o
 .debug_macro   0x0000000000000000       0x22 Src/MCAL/RCC/RCC.o
 .debug_macro   0x0000000000000000       0x40 Src/MCAL/RCC/RCC.o
 .debug_macro   0x0000000000000000       0x94 Src/MCAL/RCC/RCC.o
 .debug_macro   0x0000000000000000       0x3c Src/MCAL/RCC/RCC.o
 .debug_macro   0x0000000000000000       0x34 Src/MCAL/RCC/RCC.o
 .debug_macro   0x0000000000000000       0x16 Src/MCAL/RCC/RCC.o
 .debug_macro   0x0000000000000000      0x10e Src/MCAL/RCC/RCC.o
 .debug_macro   0x0000000000000000       0x8d Src/MCAL/RCC/RCC.o
 .debug_macro   0x0000000000000000       0x57 Src/MCAL/RCC/RCC.o
 .debug_macro   0x0000000000000000       0x52 Src/MCAL/RCC/RCC.o
 .debug_macro   0x0000000000000000       0x1f Src/MCAL/RCC/RCC.o
 .debug_macro   0x0000000000000000       0x43 Src/MCAL/RCC/RCC.o
 .debug_macro   0x0000000000000000       0x20 Src/MCAL/RCC/RCC.o
 .debug_macro   0x0000000000000000      0x1a3 Src/MCAL/RCC/RCC.o
 .debug_macro   0x0000000000000000      0x330 Src/MCAL/RCC/RCC.o
 .debug_macro   0x0000000000000000       0x16 Src/MCAL/RCC/RCC.o
 .debug_macro   0x0000000000000000       0x29 Src/MCAL/RCC/RCC.o
 .debug_macro   0x0000000000000000       0x2e Src/MCAL/RCC/RCC.o
 .debug_macro   0x0000000000000000      0x31c Src/MCAL/RCC/RCC.o
 .debug_line    0x0000000000000000      0x536 Src/MCAL/RCC/RCC.o
 .debug_str     0x0000000000000000     0x7787 Src/MCAL/RCC/RCC.o
 .comment       0x0000000000000000       0x7c Src/MCAL/RCC/RCC.o
 .debug_frame   0x0000000000000000       0x84 Src/MCAL/RCC/RCC.o
 .ARM.attributes
                0x0000000000000000       0x33 Src/MCAL/RCC/RCC.o
 .group         0x0000000000000000        0xc Src/MCAL/SPI/SPI.o
 .group         0x0000000000000000        0xc Src/MCAL/SPI/SPI.o
 .group         0x0000000000000000        0xc Src/MCAL/SPI/SPI.o
 .group         0x0000000000000000        0xc Src/MCAL/SPI/SPI.o
 .group         0x0000000000000000        0xc Src/MCAL/SPI/SPI.o
 .group         0x0000000000000000        0xc Src/MCAL/SPI/SPI.o
 .group         0x0000000000000000        0xc Src/MCAL/SPI/SPI.o
 .group         0x0000000000000000        0xc Src/MCAL/SPI/SPI.o
 .group         0x0000000000000000        0xc Src/MCAL/SPI/SPI.o
 .group         0x0000000000000000        0xc Src/MCAL/SPI/SPI.o
 .group         0x0000000000000000        0xc Src/MCAL/SPI/SPI.o
 .group         0x0000000000000000        0xc Src/MCAL/SPI/SPI.o
 .group         0x0000000000000000        0xc Src/MCAL/SPI/SPI.o
 .group         0x0000000000000000        0xc Src/MCAL/SPI/SPI.o
 .group         0x0000000000000000        0xc Src/MCAL/SPI/SPI.o
 .group         0x0000000000000000        0xc Src/MCAL/SPI/SPI.o
 .group         0x0000000000000000        0xc Src/MCAL/SPI/SPI.o
 .group         0x0000000000000000        0xc Src/MCAL/SPI/SPI.o
 .group         0x0000000000000000        0xc Src/MCAL/SPI/SPI.o
 .group         0x0000000000000000        0xc Src/MCAL/SPI/SPI.o
 .group         0x0000000000000000        0xc Src/MCAL/SPI/SPI.o
 .group         0x0000000000000000        0xc Src/MCAL/SPI/SPI.o
 .group         0x0000000000000000        0xc Src/MCAL/SPI/SPI.o
 .text          0x0000000000000000        0x0 Src/MCAL/SPI/SPI.o
 .data          0x0000000000000000        0x0 Src/MCAL/SPI/SPI.o
 .bss           0x0000000000000000        0x0 Src/MCAL/SPI/SPI.o
 .text.MCAL_SPI_Init
                0x0000000000000000      0x11c Src/MCAL/SPI/SPI.o
 .text.MCAL_SPI_DeInit
                0x0000000000000000       0x64 Src/MCAL/SPI/SPI.o
 .text.MCAL_SPI_ReciveData
                0x0000000000000000       0x36 Src/MCAL/SPI/SPI.o
 .text.MCAL_SPI_SendData
                0x0000000000000000       0x36 Src/MCAL/SPI/SPI.o
 .text.MCAL_SPI_Tx_Rx_Data
                0x0000000000000000       0x54 Src/MCAL/SPI/SPI.o
 .text.MCAL_SPI_Set_GPIO
                0x0000000000000000      0x1fc Src/MCAL/SPI/SPI.o
 .debug_macro   0x0000000000000000      0xa60 Src/MCAL/SPI/SPI.o
 .debug_macro   0x0000000000000000       0x18 Src/MCAL/SPI/SPI.o
 .debug_macro   0x0000000000000000       0x22 Src/MCAL/SPI/SPI.o
 .debug_macro   0x0000000000000000       0x40 Src/MCAL/SPI/SPI.o
 .debug_macro   0x0000000000000000       0x94 Src/MCAL/SPI/SPI.o
 .debug_macro   0x0000000000000000       0x3c Src/MCAL/SPI/SPI.o
 .debug_macro   0x0000000000000000       0x34 Src/MCAL/SPI/SPI.o
 .debug_macro   0x0000000000000000       0x16 Src/MCAL/SPI/SPI.o
 .debug_macro   0x0000000000000000      0x10e Src/MCAL/SPI/SPI.o
 .debug_macro   0x0000000000000000       0x8d Src/MCAL/SPI/SPI.o
 .debug_macro   0x0000000000000000       0x57 Src/MCAL/SPI/SPI.o
 .debug_macro   0x0000000000000000       0x52 Src/MCAL/SPI/SPI.o
 .debug_macro   0x0000000000000000       0x1f Src/MCAL/SPI/SPI.o
 .debug_macro   0x0000000000000000       0x43 Src/MCAL/SPI/SPI.o
 .debug_macro   0x0000000000000000       0x20 Src/MCAL/SPI/SPI.o
 .debug_macro   0x0000000000000000      0x1a3 Src/MCAL/SPI/SPI.o
 .debug_macro   0x0000000000000000      0x330 Src/MCAL/SPI/SPI.o
 .debug_macro   0x0000000000000000       0x16 Src/MCAL/SPI/SPI.o
 .debug_macro   0x0000000000000000       0x29 Src/MCAL/SPI/SPI.o
 .debug_macro   0x0000000000000000       0x2e Src/MCAL/SPI/SPI.o
 .debug_macro   0x0000000000000000      0x31c Src/MCAL/SPI/SPI.o
 .debug_macro   0x0000000000000000       0xc4 Src/MCAL/SPI/SPI.o
 .group         0x0000000000000000        0xc Src/MCAL/USART/USART.o
 .group         0x0000000000000000        0xc Src/MCAL/USART/USART.o
 .group         0x0000000000000000        0xc Src/MCAL/USART/USART.o
 .group         0x0000000000000000        0xc Src/MCAL/USART/USART.o
 .group         0x0000000000000000        0xc Src/MCAL/USART/USART.o
 .group         0x0000000000000000        0xc Src/MCAL/USART/USART.o
 .group         0x0000000000000000        0xc Src/MCAL/USART/USART.o
 .group         0x0000000000000000        0xc Src/MCAL/USART/USART.o
 .group         0x0000000000000000        0xc Src/MCAL/USART/USART.o
 .group         0x0000000000000000        0xc Src/MCAL/USART/USART.o
 .group         0x0000000000000000        0xc Src/MCAL/USART/USART.o
 .group         0x0000000000000000        0xc Src/MCAL/USART/USART.o
 .group         0x0000000000000000        0xc Src/MCAL/USART/USART.o
 .group         0x0000000000000000        0xc Src/MCAL/USART/USART.o
 .group         0x0000000000000000        0xc Src/MCAL/USART/USART.o
 .group         0x0000000000000000        0xc Src/MCAL/USART/USART.o
 .group         0x0000000000000000        0xc Src/MCAL/USART/USART.o
 .group         0x0000000000000000        0xc Src/MCAL/USART/USART.o
 .group         0x0000000000000000        0xc Src/MCAL/USART/USART.o
 .group         0x0000000000000000        0xc Src/MCAL/USART/USART.o
 .group         0x0000000000000000        0xc Src/MCAL/USART/USART.o
 .group         0x0000000000000000        0xc Src/MCAL/USART/USART.o
 .group         0x0000000000000000        0xc Src/MCAL/USART/USART.o
 .group         0x0000000000000000        0xc Src/MCAL/USART/USART.o
 .text          0x0000000000000000        0x0 Src/MCAL/USART/USART.o
 .data          0x0000000000000000        0x0 Src/MCAL/USART/USART.o
 .bss           0x0000000000000000        0x0 Src/MCAL/USART/USART.o
 .text.MCAL_USART_Init
                0x0000000000000000      0x194 Src/MCAL/USART/USART.o
 .text.MCAL_USART_DeInit
                0x0000000000000000       0x8c Src/MCAL/USART/USART.o
 .text.MCAL_USART_Send_Data
                0x0000000000000000       0x36 Src/MCAL/USART/USART.o
 .text.MCAL_USART_Wait_TC
                0x0000000000000000       0x20 Src/MCAL/USART/USART.o
 .text.MCAL_USART_Recive_Data
                0x0000000000000000       0x58 Src/MCAL/USART/USART.o
 .text.MCAL_USART_Set_GPIO_Pins
                0x0000000000000000       0xc4 Src/MCAL/USART/USART.o
 .debug_macro   0x0000000000000000      0xa60 Src/MCAL/USART/USART.o
 .debug_macro   0x0000000000000000       0x18 Src/MCAL/USART/USART.o
 .debug_macro   0x0000000000000000       0x22 Src/MCAL/USART/USART.o
 .debug_macro   0x0000000000000000       0x40 Src/MCAL/USART/USART.o
 .debug_macro   0x0000000000000000       0x94 Src/MCAL/USART/USART.o
 .debug_macro   0x0000000000000000       0x3c Src/MCAL/USART/USART.o
 .debug_macro   0x0000000000000000       0x34 Src/MCAL/USART/USART.o
 .debug_macro   0x0000000000000000       0x16 Src/MCAL/USART/USART.o
 .debug_macro   0x0000000000000000      0x10e Src/MCAL/USART/USART.o
 .debug_macro   0x0000000000000000       0x8d Src/MCAL/USART/USART.o
 .debug_macro   0x0000000000000000       0x57 Src/MCAL/USART/USART.o
 .debug_macro   0x0000000000000000       0x52 Src/MCAL/USART/USART.o
 .debug_macro   0x0000000000000000       0x1f Src/MCAL/USART/USART.o
 .debug_macro   0x0000000000000000       0x43 Src/MCAL/USART/USART.o
 .debug_macro   0x0000000000000000       0x20 Src/MCAL/USART/USART.o
 .debug_macro   0x0000000000000000      0x1a3 Src/MCAL/USART/USART.o
 .debug_macro   0x0000000000000000      0x330 Src/MCAL/USART/USART.o
 .debug_macro   0x0000000000000000       0x16 Src/MCAL/USART/USART.o
 .debug_macro   0x0000000000000000       0x29 Src/MCAL/USART/USART.o
 .debug_macro   0x0000000000000000       0x2e Src/MCAL/USART/USART.o
 .debug_macro   0x0000000000000000      0x31c Src/MCAL/USART/USART.o
 .debug_macro   0x0000000000000000       0xc4 Src/MCAL/USART/USART.o
 .debug_macro   0x0000000000000000      0x214 Src/MCAL/USART/USART.o
 .group         0x0000000000000000        0xc Src/main.o
 .group         0x0000000000000000        0xc Src/main.o
 .group         0x0000000000000000        0xc Src/main.o
 .group         0x0000000000000000        0xc Src/main.o
 .group         0x0000000000000000        0xc Src/main.o
 .group         0x0000000000000000        0xc Src/main.o
 .group         0x0000000000000000        0xc Src/main.o
 .group         0x0000000000000000        0xc Src/main.o
 .group         0x0000000000000000        0xc Src/main.o
 .group         0x0000000000000000        0xc Src/main.o
 .group         0x0000000000000000        0xc Src/main.o
 .group         0x0000000000000000        0xc Src/main.o
 .group         0x0000000000000000        0xc Src/main.o
 .group         0x0000000000000000        0xc Src/main.o
 .group         0x0000000000000000        0xc Src/main.o
 .group         0x0000000000000000        0xc Src/main.o
 .group         0x0000000000000000        0xc Src/main.o
 .group         0x0000000000000000        0xc Src/main.o
 .group         0x0000000000000000        0xc Src/main.o
 .group         0x0000000000000000        0xc Src/main.o
 .group         0x0000000000000000        0xc Src/main.o
 .group         0x0000000000000000        0xc Src/main.o
 .group         0x0000000000000000        0xc Src/main.o
 .group         0x0000000000000000        0xc Src/main.o
 .group         0x0000000000000000        0xc Src/main.o
 .text          0x0000000000000000        0x0 Src/main.o
 .data          0x0000000000000000        0x0 Src/main.o
 .bss           0x0000000000000000        0x0 Src/main.o
 .text.wait     0x0000000000000000       0x38 Src/main.o
 .debug_macro   0x0000000000000000      0xa60 Src/main.o
 .debug_macro   0x0000000000000000       0x18 Src/main.o
 .debug_macro   0x0000000000000000       0x22 Src/main.o
 .debug_macro   0x0000000000000000       0x40 Src/main.o
 .debug_macro   0x0000000000000000       0x94 Src/main.o
 .debug_macro   0x0000000000000000       0x3c Src/main.o
 .debug_macro   0x0000000000000000       0x34 Src/main.o
 .debug_macro   0x0000000000000000       0x16 Src/main.o
 .debug_macro   0x0000000000000000      0x10e Src/main.o
 .debug_macro   0x0000000000000000       0x8d Src/main.o
 .debug_macro   0x0000000000000000       0x57 Src/main.o
 .debug_macro   0x0000000000000000       0x52 Src/main.o
 .debug_macro   0x0000000000000000       0x1f Src/main.o
 .debug_macro   0x0000000000000000       0x43 Src/main.o
 .debug_macro   0x0000000000000000       0x20 Src/main.o
 .debug_macro   0x0000000000000000      0x1a3 Src/main.o
 .debug_macro   0x0000000000000000      0x330 Src/main.o
 .debug_macro   0x0000000000000000       0x16 Src/main.o
 .debug_macro   0x0000000000000000       0x29 Src/main.o
 .debug_macro   0x0000000000000000       0x2e Src/main.o
 .debug_macro   0x0000000000000000      0x31c Src/main.o
 .debug_macro   0x0000000000000000       0xc4 Src/main.o
 .debug_macro   0x0000000000000000       0x94 Src/main.o
 .debug_macro   0x0000000000000000       0x2e Src/main.o
 .debug_macro   0x0000000000000000      0x214 Src/main.o
 .group         0x0000000000000000        0xc Src/syscalls.o
 .group         0x0000000000000000        0xc Src/syscalls.o
 .group         0x0000000000000000        0xc Src/syscalls.o
 .group         0x0000000000000000        0xc Src/syscalls.o
 .group         0x0000000000000000        0xc Src/syscalls.o
 .group         0x0000000000000000        0xc Src/syscalls.o
 .group         0x0000000000000000        0xc Src/syscalls.o
 .group         0x0000000000000000        0xc Src/syscalls.o
 .group         0x0000000000000000        0xc Src/syscalls.o
 .group         0x0000000000000000        0xc Src/syscalls.o
 .group         0x0000000000000000        0xc Src/syscalls.o
 .group         0x0000000000000000        0xc Src/syscalls.o
 .group         0x0000000000000000        0xc Src/syscalls.o
 .group         0x0000000000000000        0xc Src/syscalls.o
 .group         0x0000000000000000        0xc Src/syscalls.o
 .group         0x0000000000000000        0xc Src/syscalls.o
 .group         0x0000000000000000        0xc Src/syscalls.o
 .group         0x0000000000000000        0xc Src/syscalls.o
 .group         0x0000000000000000        0xc Src/syscalls.o
 .group         0x0000000000000000        0xc Src/syscalls.o
 .group         0x0000000000000000        0xc Src/syscalls.o
 .group         0x0000000000000000        0xc Src/syscalls.o
 .group         0x0000000000000000        0xc Src/syscalls.o
 .group         0x0000000000000000        0xc Src/syscalls.o
 .group         0x0000000000000000        0xc Src/syscalls.o
 .group         0x0000000000000000        0xc Src/syscalls.o
 .group         0x0000000000000000        0xc Src/syscalls.o
 .group         0x0000000000000000        0xc Src/syscalls.o
 .group         0x0000000000000000        0xc Src/syscalls.o
 .group         0x0000000000000000        0xc Src/syscalls.o
 .group         0x0000000000000000        0xc Src/syscalls.o
 .group         0x0000000000000000        0xc Src/syscalls.o
 .group         0x0000000000000000        0xc Src/syscalls.o
 .group         0x0000000000000000        0xc Src/syscalls.o
 .group         0x0000000000000000        0xc Src/syscalls.o
 .group         0x0000000000000000        0xc Src/syscalls.o
 .group         0x0000000000000000        0xc Src/syscalls.o
 .group         0x0000000000000000        0xc Src/syscalls.o
 .group         0x0000000000000000        0xc Src/syscalls.o
 .group         0x0000000000000000        0xc Src/syscalls.o
 .group         0x0000000000000000        0xc Src/syscalls.o
 .group         0x0000000000000000        0xc Src/syscalls.o
 .group         0x0000000000000000        0xc Src/syscalls.o
 .group         0x0000000000000000        0xc Src/syscalls.o
 .text          0x0000000000000000        0x0 Src/syscalls.o
 .data          0x0000000000000000        0x0 Src/syscalls.o
 .bss           0x0000000000000000        0x0 Src/syscalls.o
 .bss.__env     0x0000000000000000        0x4 Src/syscalls.o
 .data.environ  0x0000000000000000        0x4 Src/syscalls.o
 .text.initialise_monitor_handles
                0x0000000000000000        0xc Src/syscalls.o
 .text._getpid  0x0000000000000000        0xe Src/syscalls.o
 .text._kill    0x0000000000000000       0x20 Src/syscalls.o
 .text._exit    0x0000000000000000       0x14 Src/syscalls.o
 .text._read    0x0000000000000000       0x3a Src/syscalls.o
 .text._write   0x0000000000000000       0x38 Src/syscalls.o
 .text._close   0x0000000000000000       0x16 Src/syscalls.o
 .text._fstat   0x0000000000000000       0x1e Src/syscalls.o
 .text._isatty  0x0000000000000000       0x14 Src/syscalls.o
 .text._lseek   0x0000000000000000       0x18 Src/syscalls.o
 .text._open    0x0000000000000000       0x1a Src/syscalls.o
 .text._wait    0x0000000000000000       0x1e Src/syscalls.o
 .text._unlink  0x0000000000000000       0x1e Src/syscalls.o
 .text._times   0x0000000000000000       0x16 Src/syscalls.o
 .text._stat    0x0000000000000000       0x1e Src/syscalls.o
 .text._link    0x0000000000000000       0x20 Src/syscalls.o
 .text._fork    0x0000000000000000       0x16 Src/syscalls.o
 .text._execve  0x0000000000000000       0x22 Src/syscalls.o
 .debug_info    0x0000000000000000     0x1038 Src/syscalls.o
 .debug_abbrev  0x0000000000000000      0x254 Src/syscalls.o
 .debug_loc     0x0000000000000000      0x5b8 Src/syscalls.o
 .debug_aranges
                0x0000000000000000       0xa8 Src/syscalls.o
 .debug_ranges  0x0000000000000000       0x98 Src/syscalls.o
 .debug_macro   0x0000000000000000      0x243 Src/syscalls.o
 .debug_macro   0x0000000000000000      0xa60 Src/syscalls.o
 .debug_macro   0x0000000000000000       0x22 Src/syscalls.o
 .debug_macro   0x0000000000000000       0x40 Src/syscalls.o
 .debug_macro   0x0000000000000000       0x18 Src/syscalls.o
 .debug_macro   0x0000000000000000       0x94 Src/syscalls.o
 .debug_macro   0x0000000000000000       0x3c Src/syscalls.o
 .debug_macro   0x0000000000000000       0x34 Src/syscalls.o
 .debug_macro   0x0000000000000000       0x57 Src/syscalls.o
 .debug_macro   0x0000000000000000      0x174 Src/syscalls.o
 .debug_macro   0x0000000000000000      0x330 Src/syscalls.o
 .debug_macro   0x0000000000000000       0x52 Src/syscalls.o
 .debug_macro   0x0000000000000000       0x1f Src/syscalls.o
 .debug_macro   0x0000000000000000       0x43 Src/syscalls.o
 .debug_macro   0x0000000000000000       0x20 Src/syscalls.o
 .debug_macro   0x0000000000000000      0x1a3 Src/syscalls.o
 .debug_macro   0x0000000000000000       0x10 Src/syscalls.o
 .debug_macro   0x0000000000000000       0x35 Src/syscalls.o
 .debug_macro   0x0000000000000000       0x10 Src/syscalls.o
 .debug_macro   0x0000000000000000       0x10 Src/syscalls.o
 .debug_macro   0x0000000000000000       0x10 Src/syscalls.o
 .debug_macro   0x0000000000000000       0x6a Src/syscalls.o
 .debug_macro   0x0000000000000000       0x1c Src/syscalls.o
 .debug_macro   0x0000000000000000       0x52 Src/syscalls.o
 .debug_macro   0x0000000000000000       0x40 Src/syscalls.o
 .debug_macro   0x0000000000000000       0x10 Src/syscalls.o
 .debug_macro   0x0000000000000000       0x40 Src/syscalls.o
 .debug_macro   0x0000000000000000       0xd7 Src/syscalls.o
 .debug_macro   0x0000000000000000       0x1c Src/syscalls.o
 .debug_macro   0x0000000000000000       0x3d Src/syscalls.o
 .debug_macro   0x0000000000000000       0x35 Src/syscalls.o
 .debug_macro   0x0000000000000000      0x122 Src/syscalls.o
 .debug_macro   0x0000000000000000       0x16 Src/syscalls.o
 .debug_macro   0x0000000000000000       0x16 Src/syscalls.o
 .debug_macro   0x0000000000000000       0x29 Src/syscalls.o
 .debug_macro   0x0000000000000000       0x10 Src/syscalls.o
 .debug_macro   0x0000000000000000      0x241 Src/syscalls.o
 .debug_macro   0x0000000000000000       0x1c Src/syscalls.o
 .debug_macro   0x0000000000000000       0x10 Src/syscalls.o
 .debug_macro   0x0000000000000000       0x10 Src/syscalls.o
 .debug_macro   0x0000000000000000       0x16 Src/syscalls.o
 .debug_macro   0x0000000000000000      0x145 Src/syscalls.o
 .debug_macro   0x0000000000000000      0x189 Src/syscalls.o
 .debug_macro   0x0000000000000000       0x16 Src/syscalls.o
 .debug_macro   0x0000000000000000       0x88 Src/syscalls.o
 .debug_line    0x0000000000000000      0x739 Src/syscalls.o
 .debug_str     0x0000000000000000     0x887d Src/syscalls.o
 .comment       0x0000000000000000       0x7c Src/syscalls.o
 .debug_frame   0x0000000000000000      0x2ac Src/syscalls.o
 .ARM.attributes
                0x0000000000000000       0x33 Src/syscalls.o
 .group         0x0000000000000000        0xc Src/sysmem.o
 .group         0x0000000000000000        0xc Src/sysmem.o
 .group         0x0000000000000000        0xc Src/sysmem.o
 .group         0x0000000000000000        0xc Src/sysmem.o
 .group         0x0000000000000000        0xc Src/sysmem.o
 .group         0x0000000000000000        0xc Src/sysmem.o
 .group         0x0000000000000000        0xc Src/sysmem.o
 .group         0x0000000000000000        0xc Src/sysmem.o
 .group         0x0000000000000000        0xc Src/sysmem.o
 .group         0x0000000000000000        0xc Src/sysmem.o
 .group         0x0000000000000000        0xc Src/sysmem.o
 .group         0x0000000000000000        0xc Src/sysmem.o
 .group         0x0000000000000000        0xc Src/sysmem.o
 .group         0x0000000000000000        0xc Src/sysmem.o
 .group         0x0000000000000000        0xc Src/sysmem.o
 .group         0x0000000000000000        0xc Src/sysmem.o
 .group         0x0000000000000000        0xc Src/sysmem.o
 .group         0x0000000000000000        0xc Src/sysmem.o
 .group         0x0000000000000000        0xc Src/sysmem.o
 .text          0x0000000000000000        0x0 Src/sysmem.o
 .data          0x0000000000000000        0x0 Src/sysmem.o
 .bss           0x0000000000000000        0x0 Src/sysmem.o
 .bss.__sbrk_heap_end
                0x0000000000000000        0x4 Src/sysmem.o
 .text._sbrk    0x0000000000000000       0x6c Src/sysmem.o
 .debug_info    0x0000000000000000      0xa7c Src/sysmem.o
 .debug_abbrev  0x0000000000000000      0x18e Src/sysmem.o
 .debug_loc     0x0000000000000000       0x50 Src/sysmem.o
 .debug_aranges
                0x0000000000000000       0x20 Src/sysmem.o
 .debug_ranges  0x0000000000000000       0x10 Src/sysmem.o
 .debug_macro   0x0000000000000000       0xee Src/sysmem.o
 .debug_macro   0x0000000000000000      0xa60 Src/sysmem.o
 .debug_macro   0x0000000000000000       0x10 Src/sysmem.o
 .debug_macro   0x0000000000000000       0x22 Src/sysmem.o
 .debug_macro   0x0000000000000000       0x40 Src/sysmem.o
 .debug_macro   0x0000000000000000       0x18 Src/sysmem.o
 .debug_macro   0x0000000000000000       0x94 Src/sysmem.o
 .debug_macro   0x0000000000000000       0x3c Src/sysmem.o
 .debug_macro   0x0000000000000000       0x34 Src/sysmem.o
 .debug_macro   0x0000000000000000      0x174 Src/sysmem.o
 .debug_macro   0x0000000000000000       0x57 Src/sysmem.o
 .debug_macro   0x0000000000000000       0x52 Src/sysmem.o
 .debug_macro   0x0000000000000000       0x1f Src/sysmem.o
 .debug_macro   0x0000000000000000       0x43 Src/sysmem.o
 .debug_macro   0x0000000000000000       0x20 Src/sysmem.o
 .debug_macro   0x0000000000000000      0x1a3 Src/sysmem.o
 .debug_macro   0x0000000000000000      0x23b Src/sysmem.o
 .debug_macro   0x0000000000000000       0xef Src/sysmem.o
 .debug_macro   0x0000000000000000       0x6a Src/sysmem.o
 .debug_macro   0x0000000000000000      0x1df Src/sysmem.o
 .debug_line    0x0000000000000000      0x4c2 Src/sysmem.o
 .debug_str     0x0000000000000000     0x5f4b Src/sysmem.o
 .comment       0x0000000000000000       0x7c Src/sysmem.o
 .debug_frame   0x0000000000000000       0x34 Src/sysmem.o
 .ARM.attributes
                0x0000000000000000       0x33 Src/sysmem.o
 .text          0x0000000000000000       0x14 Startup/startup_stm32f103c6tx.o
 .data          0x0000000000000000        0x0 Startup/startup_stm32f103c6tx.o
 .bss           0x0000000000000000        0x0 Startup/startup_stm32f103c6tx.o
 .text          0x0000000000000000        0x0 c:/st/stm32cubeide_1.4.0/stm32cubeide/plugins/com.st.stm32cube.ide.mcu.externaltools.gnu-tools-for-stm32.7-2018-q2-update.win32_1.4.0.202007081208/tools/bin/../lib/gcc/arm-none-eabi/7.3.1/../../../../arm-none-eabi/lib/thumb/v7-m\libc_nano.a(lib_a-errno.o)
 .data          0x0000000000000000        0x0 c:/st/stm32cubeide_1.4.0/stm32cubeide/plugins/com.st.stm32cube.ide.mcu.externaltools.gnu-tools-for-stm32.7-2018-q2-update.win32_1.4.0.202007081208/tools/bin/../lib/gcc/arm-none-eabi/7.3.1/../../../../arm-none-eabi/lib/thumb/v7-m\libc_nano.a(lib_a-errno.o)
 .bss           0x0000000000000000        0x0 c:/st/stm32cubeide_1.4.0/stm32cubeide/plugins/com.st.stm32cube.ide.mcu.externaltools.gnu-tools-for-stm32.7-2018-q2-update.win32_1.4.0.202007081208/tools/bin/../lib/gcc/arm-none-eabi/7.3.1/../../../../arm-none-eabi/lib/thumb/v7-m\libc_nano.a(lib_a-errno.o)
 .text.__errno  0x0000000000000000        0xc c:/st/stm32cubeide_1.4.0/stm32cubeide/plugins/com.st.stm32cube.ide.mcu.externaltools.gnu-tools-for-stm32.7-2018-q2-update.win32_1.4.0.202007081208/tools/bin/../lib/gcc/arm-none-eabi/7.3.1/../../../../arm-none-eabi/lib/thumb/v7-m\libc_nano.a(lib_a-errno.o)
 .debug_frame   0x0000000000000000       0x20 c:/st/stm32cubeide_1.4.0/stm32cubeide/plugins/com.st.stm32cube.ide.mcu.externaltools.gnu-tools-for-stm32.7-2018-q2-update.win32_1.4.0.202007081208/tools/bin/../lib/gcc/arm-none-eabi/7.3.1/../../../../arm-none-eabi/lib/thumb/v7-m\libc_nano.a(lib_a-errno.o)
 .ARM.attributes
                0x0000000000000000       0x2d c:/st/stm32cubeide_1.4.0/stm32cubeide/plugins/com.st.stm32cube.ide.mcu.externaltools.gnu-tools-for-stm32.7-2018-q2-update.win32_1.4.0.202007081208/tools/bin/../lib/gcc/arm-none-eabi/7.3.1/../../../../arm-none-eabi/lib/thumb/v7-m\libc_nano.a(lib_a-errno.o)
 .text          0x0000000000000000        0x0 c:/st/stm32cubeide_1.4.0/stm32cubeide/plugins/com.st.stm32cube.ide.mcu.externaltools.gnu-tools-for-stm32.7-2018-q2-update.win32_1.4.0.202007081208/tools/bin/../lib/gcc/arm-none-eabi/7.3.1/../../../../arm-none-eabi/lib/thumb/v7-m\libc_nano.a(lib_a-exit.o)
 .data          0x0000000000000000        0x0 c:/st/stm32cubeide_1.4.0/stm32cubeide/plugins/com.st.stm32cube.ide.mcu.externaltools.gnu-tools-for-stm32.7-2018-q2-update.win32_1.4.0.202007081208/tools/bin/../lib/gcc/arm-none-eabi/7.3.1/../../../../arm-none-eabi/lib/thumb/v7-m\libc_nano.a(lib_a-exit.o)
 .bss           0x0000000000000000        0x0 c:/st/stm32cubeide_1.4.0/stm32cubeide/plugins/com.st.stm32cube.ide.mcu.externaltools.gnu-tools-for-stm32.7-2018-q2-update.win32_1.4.0.202007081208/tools/bin/../lib/gcc/arm-none-eabi/7.3.1/../../../../arm-none-eabi/lib/thumb/v7-m\libc_nano.a(lib_a-exit.o)
 .text.exit     0x0000000000000000       0x28 c:/st/stm32cubeide_1.4.0/stm32cubeide/plugins/com.st.stm32cube.ide.mcu.externaltools.gnu-tools-for-stm32.7-2018-q2-update.win32_1.4.0.202007081208/tools/bin/../lib/gcc/arm-none-eabi/7.3.1/../../../../arm-none-eabi/lib/thumb/v7-m\libc_nano.a(lib_a-exit.o)
 .debug_frame   0x0000000000000000       0x28 c:/st/stm32cubeide_1.4.0/stm32cubeide/plugins/com.st.stm32cube.ide.mcu.externaltools.gnu-tools-for-stm32.7-2018-q2-update.win32_1.4.0.202007081208/tools/bin/../lib/gcc/arm-none-eabi/7.3.1/../../../../arm-none-eabi/lib/thumb/v7-m\libc_nano.a(lib_a-exit.o)
 .ARM.attributes
                0x0000000000000000       0x2d c:/st/stm32cubeide_1.4.0/stm32cubeide/plugins/com.st.stm32cube.ide.mcu.externaltools.gnu-tools-for-stm32.7-2018-q2-update.win32_1.4.0.202007081208/tools/bin/../lib/gcc/arm-none-eabi/7.3.1/../../../../arm-none-eabi/lib/thumb/v7-m\libc_nano.a(lib_a-exit.o)
 .text          0x0000000000000000        0x0 c:/st/stm32cubeide_1.4.0/stm32cubeide/plugins/com.st.stm32cube.ide.mcu.externaltools.gnu-tools-for-stm32.7-2018-q2-update.win32_1.4.0.202007081208/tools/bin/../lib/gcc/arm-none-eabi/7.3.1/../../../../arm-none-eabi/lib/thumb/v7-m\libc_nano.a(lib_a-impure.o)
 .data          0x0000000000000000        0x0 c:/st/stm32cubeide_1.4.0/stm32cubeide/plugins/com.st.stm32cube.ide.mcu.externaltools.gnu-tools-for-stm32.7-2018-q2-update.win32_1.4.0.202007081208/tools/bin/../lib/gcc/arm-none-eabi/7.3.1/../../../../arm-none-eabi/lib/thumb/v7-m\libc_nano.a(lib_a-impure.o)
 .bss           0x0000000000000000        0x0 c:/st/stm32cubeide_1.4.0/stm32cubeide/plugins/com.st.stm32cube.ide.mcu.externaltools.gnu-tools-for-stm32.7-2018-q2-update.win32_1.4.0.202007081208/tools/bin/../lib/gcc/arm-none-eabi/7.3.1/../../../../arm-none-eabi/lib/thumb/v7-m\libc_nano.a(lib_a-impure.o)
 .data._impure_ptr
                0x0000000000000000        0x4 c:/st/stm32cubeide_1.4.0/stm32cubeide/plugins/com.st.stm32cube.ide.mcu.externaltools.gnu-tools-for-stm32.7-2018-q2-update.win32_1.4.0.202007081208/tools/bin/../lib/gcc/arm-none-eabi/7.3.1/../../../../arm-none-eabi/lib/thumb/v7-m\libc_nano.a(lib_a-impure.o)
 .data.impure_data
                0x0000000000000000       0x60 c:/st/stm32cubeide_1.4.0/stm32cubeide/plugins/com.st.stm32cube.ide.mcu.externaltools.gnu-tools-for-stm32.7-2018-q2-update.win32_1.4.0.202007081208/tools/bin/../lib/gcc/arm-none-eabi/7.3.1/../../../../arm-none-eabi/lib/thumb/v7-m\libc_nano.a(lib_a-impure.o)
 .rodata._global_impure_ptr
                0x0000000000000000        0x4 c:/st/stm32cubeide_1.4.0/stm32cubeide/plugins/com.st.stm32cube.ide.mcu.externaltools.gnu-tools-for-stm32.7-2018-q2-update.win32_1.4.0.202007081208/tools/bin/../lib/gcc/arm-none-eabi/7.3.1/../../../../arm-none-eabi/lib/thumb/v7-m\libc_nano.a(lib_a-impure.o)
 .ARM.attributes
                0x0000000000000000       0x2d c:/st/stm32cubeide_1.4.0/stm32cubeide/plugins/com.st.stm32cube.ide.mcu.externaltools.gnu-tools-for-stm32.7-2018-q2-update.win32_1.4.0.202007081208/tools/bin/../lib/gcc/arm-none-eabi/7.3.1/../../../../arm-none-eabi/lib/thumb/v7-m\libc_nano.a(lib_a-impure.o)
 .text          0x0000000000000000        0x0 c:/st/stm32cubeide_1.4.0/stm32cubeide/plugins/com.st.stm32cube.ide.mcu.externaltools.gnu-tools-for-stm32.7-2018-q2-update.win32_1.4.0.202007081208/tools/bin/../lib/gcc/arm-none-eabi/7.3.1/../../../../arm-none-eabi/lib/thumb/v7-m\libc_nano.a(lib_a-init.o)
 .data          0x0000000000000000        0x0 c:/st/stm32cubeide_1.4.0/stm32cubeide/plugins/com.st.stm32cube.ide.mcu.externaltools.gnu-tools-for-stm32.7-2018-q2-update.win32_1.4.0.202007081208/tools/bin/../lib/gcc/arm-none-eabi/7.3.1/../../../../arm-none-eabi/lib/thumb/v7-m\libc_nano.a(lib_a-init.o)
 .bss           0x0000000000000000        0x0 c:/st/stm32cubeide_1.4.0/stm32cubeide/plugins/com.st.stm32cube.ide.mcu.externaltools.gnu-tools-for-stm32.7-2018-q2-update.win32_1.4.0.202007081208/tools/bin/../lib/gcc/arm-none-eabi/7.3.1/../../../../arm-none-eabi/lib/thumb/v7-m\libc_nano.a(lib_a-init.o)
 .text          0x0000000000000000        0x0 c:/st/stm32cubeide_1.4.0/stm32cubeide/plugins/com.st.stm32cube.ide.mcu.externaltools.gnu-tools-for-stm32.7-2018-q2-update.win32_1.4.0.202007081208/tools/bin/../lib/gcc/arm-none-eabi/7.3.1/../../../../arm-none-eabi/lib/thumb/v7-m\libc_nano.a(lib_a-memset.o)
 .data          0x0000000000000000        0x0 c:/st/stm32cubeide_1.4.0/stm32cubeide/plugins/com.st.stm32cube.ide.mcu.externaltools.gnu-tools-for-stm32.7-2018-q2-update.win32_1.4.0.202007081208/tools/bin/../lib/gcc/arm-none-eabi/7.3.1/../../../../arm-none-eabi/lib/thumb/v7-m\libc_nano.a(lib_a-memset.o)
 .bss           0x0000000000000000        0x0 c:/st/stm32cubeide_1.4.0/stm32cubeide/plugins/com.st.stm32cube.ide.mcu.externaltools.gnu-tools-for-stm32.7-2018-q2-update.win32_1.4.0.202007081208/tools/bin/../lib/gcc/arm-none-eabi/7.3.1/../../../../arm-none-eabi/lib/thumb/v7-m\libc_nano.a(lib_a-memset.o)
 .text.memset   0x0000000000000000       0x10 c:/st/stm32cubeide_1.4.0/stm32cubeide/plugins/com.st.stm32cube.ide.mcu.externaltools.gnu-tools-for-stm32.7-2018-q2-update.win32_1.4.0.202007081208/tools/bin/../lib/gcc/arm-none-eabi/7.3.1/../../../../arm-none-eabi/lib/thumb/v7-m\libc_nano.a(lib_a-memset.o)
 .debug_frame   0x0000000000000000       0x20 c:/st/stm32cubeide_1.4.0/stm32cubeide/plugins/com.st.stm32cube.ide.mcu.externaltools.gnu-tools-for-stm32.7-2018-q2-update.win32_1.4.0.202007081208/tools/bin/../lib/gcc/arm-none-eabi/7.3.1/../../../../arm-none-eabi/lib/thumb/v7-m\libc_nano.a(lib_a-memset.o)
 .ARM.attributes
                0x0000000000000000       0x2d c:/st/stm32cubeide_1.4.0/stm32cubeide/plugins/com.st.stm32cube.ide.mcu.externaltools.gnu-tools-for-stm32.7-2018-q2-update.win32_1.4.0.202007081208/tools/bin/../lib/gcc/arm-none-eabi/7.3.1/../../../../arm-none-eabi/lib/thumb/v7-m\libc_nano.a(lib_a-memset.o)
 .text          0x0000000000000000        0x0 c:/st/stm32cubeide_1.4.0/stm32cubeide/plugins/com.st.stm32cube.ide.mcu.externaltools.gnu-tools-for-stm32.7-2018-q2-update.win32_1.4.0.202007081208/tools/bin/../lib/gcc/arm-none-eabi/7.3.1/thumb/v7-m/crtend.o
 .data          0x0000000000000000        0x0 c:/st/stm32cubeide_1.4.0/stm32cubeide/plugins/com.st.stm32cube.ide.mcu.externaltools.gnu-tools-for-stm32.7-2018-q2-update.win32_1.4.0.202007081208/tools/bin/../lib/gcc/arm-none-eabi/7.3.1/thumb/v7-m/crtend.o
 .bss           0x0000000000000000        0x0 c:/st/stm32cubeide_1.4.0/stm32cubeide/plugins/com.st.stm32cube.ide.mcu.externaltools.gnu-tools-for-stm32.7-2018-q2-update.win32_1.4.0.202007081208/tools/bin/../lib/gcc/arm-none-eabi/7.3.1/thumb/v7-m/crtend.o
 .eh_frame      0x0000000000000000        0x4 c:/st/stm32cubeide_1.4.0/stm32cubeide/plugins/com.st.stm32cube.ide.mcu.externaltools.gnu-tools-for-stm32.7-2018-q2-update.win32_1.4.0.202007081208/tools/bin/../lib/gcc/arm-none-eabi/7.3.1/thumb/v7-m/crtend.o
 .ARM.attributes
                0x0000000000000000       0x2d c:/st/stm32cubeide_1.4.0/stm32cubeide/plugins/com.st.stm32cube.ide.mcu.externaltools.gnu-tools-for-stm32.7-2018-q2-update.win32_1.4.0.202007081208/tools/bin/../lib/gcc/arm-none-eabi/7.3.1/thumb/v7-m/crtend.o
 .text          0x0000000000000000        0x0 c:/st/stm32cubeide_1.4.0/stm32cubeide/plugins/com.st.stm32cube.ide.mcu.externaltools.gnu-tools-for-stm32.7-2018-q2-update.win32_1.4.0.202007081208/tools/bin/../lib/gcc/arm-none-eabi/7.3.1/thumb/v7-m/crtn.o
 .data          0x0000000000000000        0x0 c:/st/stm32cubeide_1.4.0/stm32cubeide/plugins/com.st.stm32cube.ide.mcu.externaltools.gnu-tools-for-stm32.7-2018-q2-update.win32_1.4.0.202007081208/tools/bin/../lib/gcc/arm-none-eabi/7.3.1/thumb/v7-m/crtn.o
 .bss           0x0000000000000000        0x0 c:/st/stm32cubeide_1.4.0/stm32cubeide/plugins/com.st.stm32cube.ide.mcu.externaltools.gnu-tools-for-stm32.7-2018-q2-update.win32_1.4.0.202007081208/tools/bin/../lib/gcc/arm-none-eabi/7.3.1/thumb/v7-m/crtn.o

Memory Configuration

Name             Origin             Length             Attributes
RAM              0x0000000020000000 0x0000000000002800 xrw
ROM              0x0000000008000000 0x0000000000008000 xr
*default*        0x0000000000000000 0xffffffffffffffff

Linker script and memory map

LOAD c:/st/stm32cubeide_1.4.0/stm32cubeide/plugins/com.st.stm32cube.ide.mcu.externaltools.gnu-tools-for-stm32.7-2018-q2-update.win32_1.4.0.202007081208/tools/bin/../lib/gcc/arm-none-eabi/7.3.1/thumb/v7-m/crti.o
LOAD c:/st/stm32cubeide_1.4.0/stm32cubeide/plugins/com.st.stm32cube.ide.mcu.externaltools.gnu-tools-for-stm32.7-2018-q2-update.win32_1.4.0.202007081208/tools/bin/../lib/gcc/arm-none-eabi/7.3.1/thumb/v7-m/crtbegin.o
LOAD c:/st/stm32cubeide_1.4.0/stm32cubeide/plugins/com.st.stm32cube.ide.mcu.externaltools.gnu-tools-for-stm32.7-2018-q2-update.win32_1.4.0.202007081208/tools/bin/../lib/gcc/arm-none-eabi/7.3.1/../../../../arm-none-eabi/lib/thumb/v7-m/crt0.o
LOAD Src/HAL/KEYPAD/KEYPAD.o
LOAD Src/HAL/LCD/LCD.o
LOAD Src/MCAL/EXTI/EXTI.o
LOAD Src/MCAL/GPIO/GPIO.o
LOAD Src/MCAL/I2C/I2C.o
LOAD Src/MCAL/RCC/RCC.o
LOAD Src/MCAL/SPI/SPI.o
LOAD Src/MCAL/USART/USART.o
LOAD Src/main.o
LOAD Src/syscalls.o
LOAD Src/sysmem.o
LOAD Startup/startup_stm32f103c6tx.o
START GROUP
LOAD c:/st/stm32cubeide_1.4.0/stm32cubeide/plugins/com.st.stm32cube.ide.mcu.externaltools.gnu-tools-for-stm32.7-2018-q2-update.win32_1.4.0.202007081208/tools/bin/../lib/gcc/arm-none-eabi/7.3.1/../../../../arm-none-eabi/lib/thumb/v7-m\libc_nano.a
LOAD c:/st/stm32cubeide_1.4.0/stm32cubeide/plugins/com.st.stm32cube.ide.mcu.externaltools.gnu-tools-for-stm32.7-2018-q2-update.win32_1.4.0.202007081208/tools/bin/../lib/gcc/arm-none-eabi/7.3.1/../../../../arm-none-eabi/lib/thumb/v7-m\libm.a
END GROUP
START GROUP
LOAD c:/st/stm32cubeide_1.4.0/stm32cubeide/plugins/com.st.stm32cube.ide.mcu.externaltools.gnu-tools-for-stm32.7-2018-q2-update.win32_1.4.0.202007081208/tools/bin/../lib/gcc/arm-none-eabi/7.3.1/thumb/v7-m\libgcc.a
LOAD c:/st/stm32cubeide_1.4.0/stm32cubeide/plugins/com.st.stm32cube.ide.mcu.externaltools.gnu-tools-for-stm32.7-2018-q2-update.win32_1.4.0.202007081208/tools/bin/../lib/gcc/arm-none-eabi/7.3.1/../../../../arm-none-eabi/lib/thumb/v7-m\libc_nano.a
END GROUP
START GROUP
LOAD c:/st/stm32cubeide_1.4.0/stm32cubeide/plugins/com.st.stm32cube.ide.mcu.externaltools.gnu-tools-for-stm32.7-2018-q2-update.win32_1.4.0.202007081208/tools/bin/../lib/gcc/arm-none-eabi/7.3.1/thumb/v7-m\libgcc.a
LOAD c:/st/stm32cubeide_1.4.0/stm32cubeide/plugins/com.st.stm32cube.ide.mcu.externaltools.gnu-tools-for-stm32.7-2018-q2-update.win32_1.4.0.202007081208/tools/bin/../lib/gcc/arm-none-eabi/7.3.1/../../../../arm-none-eabi/lib/thumb/v7-m\libc_nano.a
LOAD c:/st/stm32cubeide_1.4.0/stm32cubeide/plugins/com.st.stm32cube.ide.mcu.externaltools.gnu-tools-for-stm32.7-2018-q2-update.win32_1.4.0.202007081208/tools/bin/../lib/gcc/arm-none-eabi/7.3.1/../../../../arm-none-eabi/lib/thumb/v7-m\libnosys.a
END GROUP
START GROUP
LOAD c:/st/stm32cubeide_1.4.0/stm32cubeide/plugins/com.st.stm32cube.ide.mcu.externaltools.gnu-tools-for-stm32.7-2018-q2-update.win32_1.4.0.202007081208/tools/bin/../lib/gcc/arm-none-eabi/7.3.1/thumb/v7-m\libgcc.a
LOAD c:/st/stm32cubeide_1.4.0/stm32cubeide/plugins/com.st.stm32cube.ide.mcu.externaltools.gnu-tools-for-stm32.7-2018-q2-update.win32_1.4.0.202007081208/tools/bin/../lib/gcc/arm-none-eabi/7.3.1/../../../../arm-none-eabi/lib/thumb/v7-m\libc_nano.a
LOAD c:/st/stm32cubeide_1.4.0/stm32cubeide/plugins/com.st.stm32cube.ide.mcu.externaltools.gnu-tools-for-stm32.7-2018-q2-update.win32_1.4.0.202007081208/tools/bin/../lib/gcc/arm-none-eabi/7.3.1/../../../../arm-none-eabi/lib/thumb/v7-m\libnosys.a
END GROUP
LOAD c:/st/stm32cubeide_1.4.0/stm32cubeide/plugins/com.st.stm32cube.ide.mcu.externaltools.gnu-tools-for-stm32.7-2018-q2-update.win32_1.4.0.202007081208/tools/bin/../lib/gcc/arm-none-eabi/7.3.1/thumb/v7-m/crtend.o
LOAD c:/st/stm32cubeide_1.4.0/stm32cubeide/plugins/com.st.stm32cube.ide.mcu.externaltools.gnu-tools-for-stm32.7-2018-q2-update.win32_1.4.0.202007081208/tools/bin/../lib/gcc/arm-none-eabi/7.3.1/thumb/v7-m/crtn.o
                0x0000000020002800                _estack = (ORIGIN (RAM) + LENGTH (RAM))
                0x0000000000000200                _Min_Heap_Size = 0x200
                0x0000000000000400                _Min_Stack_Size = 0x400

.isr_vector     0x0000000008000000      0x130
                0x0000000008000000                . = ALIGN (0x4)
 *(.isr_vector)
 .isr_vector    0x0000000008000000      0x130 Startup/startup_stm32f103c6tx.o
                0x0000000008000000                g_pfnVectors
                0x0000000008000130                . = ALIGN (0x4)

.text           0x0000000008000130      0x9dc
                0x0000000008000130                . = ALIGN (0x4)
 *(.text)
 .text          0x0000000008000130       0x40 c:/st/stm32cubeide_1.4.0/stm32cubeide/plugins/com.st.stm32cube.ide.mcu.externaltools.gnu-tools-for-stm32.7-2018-q2-update.win32_1.4.0.202007081208/tools/bin/../lib/gcc/arm-none-eabi/7.3.1/thumb/v7-m/crtbegin.o
 *(.text*)
 .text.Private_Enable_NVIC
                0x0000000008000170       0xcc Src/MCAL/EXTI/EXTI.o
                0x0000000008000170                Private_Enable_NVIC
 .text.Private_Disable_NVIC
                0x000000000800023c       0xcc Src/MCAL/EXTI/EXTI.o
                0x000000000800023c                Private_Disable_NVIC
 .text.Private_EXTI_Update
                0x0000000008000308      0x1e8 Src/MCAL/EXTI/EXTI.o
                0x0000000008000308                Private_EXTI_Update
 .text.MCAL_EXTI_Init
                0x00000000080004f0       0x16 Src/MCAL/EXTI/EXTI.o
                0x00000000080004f0                MCAL_EXTI_Init
 *fill*         0x0000000008000506        0x2 
 .text.EXTI0_IRQHandler
                0x0000000008000508       0x24 Src/MCAL/EXTI/EXTI.o
                0x0000000008000508                EXTI0_IRQHandler
 .text.EXTI1_IRQHandler
                0x000000000800052c       0x24 Src/MCAL/EXTI/EXTI.o
                0x000000000800052c                EXTI1_IRQHandler
 .text.EXTI2_IRQHandler
                0x0000000008000550       0x24 Src/MCAL/EXTI/EXTI.o
                0x0000000008000550                EXTI2_IRQHandler
 .text.EXTI3_IRQHandler
                0x0000000008000574       0x24 Src/MCAL/EXTI/EXTI.o
                0x0000000008000574                EXTI3_IRQHandler
 .text.EXTI4_IRQHandler
                0x0000000008000598       0x24 Src/MCAL/EXTI/EXTI.o
                0x0000000008000598                EXTI4_IRQHandler
 .text.EXTI9_5_IRQHandler
                0x00000000080005bc       0xa8 Src/MCAL/EXTI/EXTI.o
                0x00000000080005bc                EXTI9_5_IRQHandler
 .text.EXTI15_10_IRQHandler
                0x0000000008000664       0xc4 Src/MCAL/EXTI/EXTI.o
                0x0000000008000664                EXTI15_10_IRQHandler
 .text.Private_Get_CRLH_Position
                0x0000000008000728       0xa4 Src/MCAL/GPIO/GPIO.o
                0x0000000008000728                Private_Get_CRLH_Position
 .text.MCAL_GPIO_Init
                0x00000000080007cc      0x10a Src/MCAL/GPIO/GPIO.o
                0x00000000080007cc                MCAL_GPIO_Init
 *fill*         0x00000000080008d6        0x2 
 .text.SPI1_IRQHandler
                0x00000000080008d8       0x5c Src/MCAL/SPI/SPI.o
                0x00000000080008d8                SPI1_IRQHandler
 .text.SPI2_IRQHandler
                0x0000000008000934       0x5c Src/MCAL/SPI/SPI.o
                0x0000000008000934                SPI2_IRQHandler
 .text.USART1_IRQHandler
                0x0000000008000990       0x14 Src/MCAL/USART/USART.o
                0x0000000008000990                USART1_IRQHandler
 .text.USART2_IRQHandler
                0x00000000080009a4       0x14 Src/MCAL/USART/USART.o
                0x00000000080009a4                USART2_IRQHandler
 .text.USART3_IRQHandler
                0x00000000080009b8       0x14 Src/MCAL/USART/USART.o
                0x00000000080009b8                USART3_IRQHandler
 .text.EXTI9_CallBack
                0x00000000080009cc       0x18 Src/main.o
                0x00000000080009cc                EXTI9_CallBack
 .text.main     0x00000000080009e4       0x74 Src/main.o
                0x00000000080009e4                main
 .text.Reset_Handler
                0x0000000008000a58       0x50 Startup/startup_stm32f103c6tx.o
                0x0000000008000a58                Reset_Handler
 .text.Default_Handler
                0x0000000008000aa8        0x2 Startup/startup_stm32f103c6tx.o
                0x0000000008000aa8                TIM8_TRG_COM_IRQHandler
                0x0000000008000aa8                TIM8_CC_IRQHandler
                0x0000000008000aa8                DebugMon_Handler
                0x0000000008000aa8                TIM1_CC_IRQHandler
                0x0000000008000aa8                HardFault_Handler
                0x0000000008000aa8                TIM6_IRQHandler
                0x0000000008000aa8                SysTick_Handler
                0x0000000008000aa8                PVD_IRQHandler
                0x0000000008000aa8                SDIO_IRQHandler
                0x0000000008000aa8                PendSV_Handler
                0x0000000008000aa8                NMI_Handler
                0x0000000008000aa8                USB_HP_CAN_TX_IRQHandler
                0x0000000008000aa8                I2C2_EV_IRQHandler
                0x0000000008000aa8                UsageFault_Handler
                0x0000000008000aa8                ADC1_2_IRQHandler
                0x0000000008000aa8                CAN_SCE_IRQHandler
                0x0000000008000aa8                TAMPER_IRQHandler
                0x0000000008000aa8                TIM8_UP_IRQHandler
                0x0000000008000aa8                DMA2_Channel2_IRQHandler
                0x0000000008000aa8                DMA1_Channel4_IRQHandler
                0x0000000008000aa8                RTC_IRQHandler
                0x0000000008000aa8                DMA1_Channel7_IRQHandler
                0x0000000008000aa8                UART5_IRQHandler
                0x0000000008000aa8                ADC3_IRQHandler
                0x0000000008000aa8                TIM4_IRQHandler
                0x0000000008000aa8                CAN_RX1_IRQHandler
                0x0000000008000aa8                DMA2_Channel1_IRQHandler
                0x0000000008000aa8                I2C1_EV_IRQHandler
                0x0000000008000aa8                DMA1_Channel6_IRQHandler
                0x0000000008000aa8                UART4_IRQHandler
                0x0000000008000aa8                TIM3_IRQHandler
                0x0000000008000aa8                RCC_IRQHandler
                0x0000000008000aa8                TIM1_TRG_COM_IRQHandler
                0x0000000008000aa8                DMA1_Channel1_IRQHandler
                0x0000000008000aa8                Default_Handler
                0x0000000008000aa8                TIM7_IRQHandler
                0x0000000008000aa8                TIM5_IRQHandler
                0x0000000008000aa8                USB_LP_CAN_RX0_IRQHandler
                0x0000000008000aa8                MemManage_Handler
                0x0000000008000aa8                SVC_Handler
                0x0000000008000aa8                DMA1_Channel5_IRQHandler
                0x0000000008000aa8                DMA1_Channel3_IRQHandler
                0x0000000008000aa8                FSMC_IRQHandler
                0x0000000008000aa8                TIM1_UP_IRQHandler
                0x0000000008000aa8                WWDG_IRQHandler
                0x0000000008000aa8                TIM2_IRQHandler
                0x0000000008000aa8                TIM1_BRK_IRQHandler
                0x0000000008000aa8                RTCAlarm_IRQHandler
                0x0000000008000aa8                DMA2_Channel4_5_IRQHandler
                0x0000000008000aa8                I2C2_ER_IRQHandler
                0x0000000008000aa8                DMA1_Channel2_IRQHandler
                0x0000000008000aa8                TIM8_BRK_IRQHandler
                0x0000000008000aa8                FLASH_IRQHandler
                0x0000000008000aa8                BusFault_Handler
                0x0000000008000aa8                SPI3_IRQHandler
                0x0000000008000aa8                I2C1_ER_IRQHandler
                0x0000000008000aa8                DMA2_Channel3_IRQHandler
 *fill*         0x0000000008000aaa        0x2 
 .text.__libc_init_array
                0x0000000008000aac       0x48 c:/st/stm32cubeide_1.4.0/stm32cubeide/plugins/com.st.stm32cube.ide.mcu.externaltools.gnu-tools-for-stm32.7-2018-q2-update.win32_1.4.0.202007081208/tools/bin/../lib/gcc/arm-none-eabi/7.3.1/../../../../arm-none-eabi/lib/thumb/v7-m\libc_nano.a(lib_a-init.o)
                0x0000000008000aac                __libc_init_array
 *(.glue_7)
 .glue_7        0x0000000008000af4        0x0 linker stubs
 *(.glue_7t)
 .glue_7t       0x0000000008000af4        0x0 linker stubs
 *(.eh_frame)
 .eh_frame      0x0000000008000af4        0x0 c:/st/stm32cubeide_1.4.0/stm32cubeide/plugins/com.st.stm32cube.ide.mcu.externaltools.gnu-tools-for-stm32.7-2018-q2-update.win32_1.4.0.202007081208/tools/bin/../lib/gcc/arm-none-eabi/7.3.1/thumb/v7-m/crtbegin.o
 *(.init)
 .init          0x0000000008000af4        0x4 c:/st/stm32cubeide_1.4.0/stm32cubeide/plugins/com.st.stm32cube.ide.mcu.externaltools.gnu-tools-for-stm32.7-2018-q2-update.win32_1.4.0.202007081208/tools/bin/../lib/gcc/arm-none-eabi/7.3.1/thumb/v7-m/crti.o
                0x0000000008000af4                _init
 .init          0x0000000008000af8        0x8 c:/st/stm32cubeide_1.4.0/stm32cubeide/plugins/com.st.stm32cube.ide.mcu.externaltools.gnu-tools-for-stm32.7-2018-q2-update.win32_1.4.0.202007081208/tools/bin/../lib/gcc/arm-none-eabi/7.3.1/thumb/v7-m/crtn.o
 *(.fini)
 .fini          0x0000000008000b00        0x4 c:/st/stm32cubeide_1.4.0/stm32cubeide/plugins/com.st.stm32cube.ide.mcu.externaltools.gnu-tools-for-stm32.7-2018-q2-update.win32_1.4.0.202007081208/tools/bin/../lib/gcc/arm-none-eabi/7.3.1/thumb/v7-m/crti.o
                0x0000000008000b00                _fini
 .fini          0x0000000008000b04        0x8 c:/st/stm32cubeide_1.4.0/stm32cubeide/plugins/com.st.stm32cube.ide.mcu.externaltools.gnu-tools-for-stm32.7-2018-q2-update.win32_1.4.0.202007081208/tools/bin/../lib/gcc/arm-none-eabi/7.3.1/thumb/v7-m/crtn.o
                0x0000000008000b0c                . = ALIGN (0x4)
                0x0000000008000b0c                _etext = .

.vfp11_veneer   0x0000000008000b0c        0x0
 .vfp11_veneer  0x0000000008000b0c        0x0 linker stubs

.v4_bx          0x0000000008000b0c        0x0
 .v4_bx         0x0000000008000b0c        0x0 linker stubs

.iplt           0x0000000008000b0c        0x0
 .iplt          0x0000000008000b0c        0x0 c:/st/stm32cubeide_1.4.0/stm32cubeide/plugins/com.st.stm32cube.ide.mcu.externaltools.gnu-tools-for-stm32.7-2018-q2-update.win32_1.4.0.202007081208/tools/bin/../lib/gcc/arm-none-eabi/7.3.1/thumb/v7-m/crtbegin.o

.rodata         0x0000000008000b0c        0xc
                0x0000000008000b0c                . = ALIGN (0x4)
 *(.rodata)
 .rodata        0x0000000008000b0c        0xc Src/main.o
 *(.rodata*)
                0x0000000008000b18                . = ALIGN (0x4)

.rel.dyn        0x0000000008000b18        0x0
 .rel.iplt      0x0000000008000b18        0x0 c:/st/stm32cubeide_1.4.0/stm32cubeide/plugins/com.st.stm32cube.ide.mcu.externaltools.gnu-tools-for-stm32.7-2018-q2-update.win32_1.4.0.202007081208/tools/bin/../lib/gcc/arm-none-eabi/7.3.1/thumb/v7-m/crtbegin.o

.ARM.extab      0x0000000008000b18        0x0
                0x0000000008000b18                . = ALIGN (0x4)
 *(.ARM.extab* .gnu.linkonce.armextab.*)
                0x0000000008000b18                . = ALIGN (0x4)

.ARM            0x0000000008000b18        0x0
                0x0000000008000b18                . = ALIGN (0x4)
                0x0000000008000b18                __exidx_start = .
 *(.ARM.exidx*)
                0x0000000008000b18                __exidx_end = .
                0x0000000008000b18                . = ALIGN (0x4)

.preinit_array  0x0000000008000b18        0x0
                0x0000000008000b18                . = ALIGN (0x4)
                0x0000000008000b18                PROVIDE (__preinit_array_start = .)
 *(.preinit_array*)
                0x0000000008000b18                PROVIDE (__preinit_array_end = .)
                0x0000000008000b18                . = ALIGN (0x4)

.init_array     0x0000000008000b18        0x4
                0x0000000008000b18                . = ALIGN (0x4)
                0x0000000008000b18                PROVIDE (__init_array_start = .)
 *(SORT_BY_NAME(.init_array.*))
 *(.init_array*)
 .init_array    0x0000000008000b18        0x4 c:/st/stm32cubeide_1.4.0/stm32cubeide/plugins/com.st.stm32cube.ide.mcu.externaltools.gnu-tools-for-stm32.7-2018-q2-update.win32_1.4.0.202007081208/tools/bin/../lib/gcc/arm-none-eabi/7.3.1/thumb/v7-m/crtbegin.o
                0x0000000008000b1c                PROVIDE (__init_array_end = .)
                0x0000000008000b1c                . = ALIGN (0x4)

.fini_array     0x0000000008000b1c        0x4
                0x0000000008000b1c                . = ALIGN (0x4)
                [!provide]                        PROVIDE (__fini_array_start = .)
 *(SORT_BY_NAME(.fini_array.*))
 *(.fini_array*)
 .fini_array    0x0000000008000b1c        0x4 c:/st/stm32cubeide_1.4.0/stm32cubeide/plugins/com.st.stm32cube.ide.mcu.externaltools.gnu-tools-for-stm32.7-2018-q2-update.win32_1.4.0.202007081208/tools/bin/../lib/gcc/arm-none-eabi/7.3.1/thumb/v7-m/crtbegin.o
                [!provide]                        PROVIDE (__fini_array_end = .)
                0x0000000008000b20                . = ALIGN (0x4)
                0x0000000008000b20                _sidata = LOADADDR (.data)

.data           0x0000000020000000        0x0 load address 0x0000000008000b20
                0x0000000020000000                . = ALIGN (0x4)
                0x0000000020000000                _sdata = .
 *(.data)
 *(.data*)
                0x0000000020000000                . = ALIGN (0x4)
                0x0000000020000000                _edata = .

.igot.plt       0x0000000020000000        0x0 load address 0x0000000008000b20
 .igot.plt      0x0000000020000000        0x0 c:/st/stm32cubeide_1.4.0/stm32cubeide/plugins/com.st.stm32cube.ide.mcu.externaltools.gnu-tools-for-stm32.7-2018-q2-update.win32_1.4.0.202007081208/tools/bin/../lib/gcc/arm-none-eabi/7.3.1/thumb/v7-m/crtbegin.o
                0x0000000020000000                . = ALIGN (0x4)

.bss            0x0000000020000000       0x6c load address 0x0000000008000b20
                0x0000000020000000                _sbss = .
                0x0000000020000000                __bss_start__ = _sbss
 *(.bss)
 .bss           0x0000000020000000       0x1c c:/st/stm32cubeide_1.4.0/stm32cubeide/plugins/com.st.stm32cube.ide.mcu.externaltools.gnu-tools-for-stm32.7-2018-q2-update.win32_1.4.0.202007081208/tools/bin/../lib/gcc/arm-none-eabi/7.3.1/thumb/v7-m/crtbegin.o
 *(.bss*)
 .bss.Global_SPI_Config
                0x000000002000001c        0x8 Src/MCAL/SPI/SPI.o
                0x000000002000001c                Global_SPI_Config
 .bss.Gl_Config
                0x0000000020000024        0x4 Src/MCAL/USART/USART.o
                0x0000000020000024                Gl_Config
 .bss.IRQ_Flag  0x0000000020000028        0x1 Src/main.o
                0x0000000020000028                IRQ_Flag
 *fill*         0x0000000020000029        0x3 
 .bss.Var_1     0x000000002000002c        0x4 Src/main.o
                0x000000002000002c                Var_1
 *(COMMON)
 COMMON         0x0000000020000030       0x3c Src/MCAL/EXTI/EXTI.o
                0x0000000020000030                Global_ptr_callBack
                0x000000002000006c                . = ALIGN (0x4)
                0x000000002000006c                _ebss = .
                0x000000002000006c                __bss_end__ = _ebss

._user_heap_stack
                0x000000002000006c      0x604 load address 0x0000000008000b20
                0x0000000020000070                . = ALIGN (0x8)
 *fill*         0x000000002000006c        0x4 
                [!provide]                        PROVIDE (end = .)
                0x0000000020000070                PROVIDE (_end = .)
                0x0000000020000270                . = (. + _Min_Heap_Size)
 *fill*         0x0000000020000070      0x200 
                0x0000000020000670                . = (. + _Min_Stack_Size)
 *fill*         0x0000000020000270      0x400 
                0x0000000020000670                . = ALIGN (0x8)

/DISCARD/
 libc.a(*)
 libm.a(*)
 libgcc.a(*)

.ARM.attributes
                0x0000000000000000       0x29
 *(.ARM.attributes)
 .ARM.attributes
                0x0000000000000000       0x1d c:/st/stm32cubeide_1.4.0/stm32cubeide/plugins/com.st.stm32cube.ide.mcu.externaltools.gnu-tools-for-stm32.7-2018-q2-update.win32_1.4.0.202007081208/tools/bin/../lib/gcc/arm-none-eabi/7.3.1/thumb/v7-m/crti.o
 .ARM.attributes
                0x000000000000001d       0x2d c:/st/stm32cubeide_1.4.0/stm32cubeide/plugins/com.st.stm32cube.ide.mcu.externaltools.gnu-tools-for-stm32.7-2018-q2-update.win32_1.4.0.202007081208/tools/bin/../lib/gcc/arm-none-eabi/7.3.1/thumb/v7-m/crtbegin.o
 .ARM.attributes
                0x000000000000004a       0x33 Src/MCAL/EXTI/EXTI.o
 .ARM.attributes
                0x000000000000007d       0x33 Src/MCAL/GPIO/GPIO.o
 .ARM.attributes
                0x00000000000000b0       0x33 Src/MCAL/SPI/SPI.o
 .ARM.attributes
                0x00000000000000e3       0x33 Src/MCAL/USART/USART.o
 .ARM.attributes
                0x0000000000000116       0x33 Src/main.o
 .ARM.attributes
                0x0000000000000149       0x21 Startup/startup_stm32f103c6tx.o
 .ARM.attributes
                0x000000000000016a       0x2d c:/st/stm32cubeide_1.4.0/stm32cubeide/plugins/com.st.stm32cube.ide.mcu.externaltools.gnu-tools-for-stm32.7-2018-q2-update.win32_1.4.0.202007081208/tools/bin/../lib/gcc/arm-none-eabi/7.3.1/../../../../arm-none-eabi/lib/thumb/v7-m\libc_nano.a(lib_a-init.o)
 .ARM.attributes
                0x0000000000000197       0x1d c:/st/stm32cubeide_1.4.0/stm32cubeide/plugins/com.st.stm32cube.ide.mcu.externaltools.gnu-tools-for-stm32.7-2018-q2-update.win32_1.4.0.202007081208/tools/bin/../lib/gcc/arm-none-eabi/7.3.1/thumb/v7-m/crtn.o
OUTPUT(Arm_course.axf elf32-littlearm)

.debug_info     0x0000000000000000     0x42e9
 .debug_info    0x0000000000000000      0xda6 Src/MCAL/EXTI/EXTI.o
 .debug_info    0x0000000000000da6      0xc8f Src/MCAL/GPIO/GPIO.o
 .debug_info    0x0000000000001a35      0xe85 Src/MCAL/SPI/SPI.o
 .debug_info    0x00000000000028ba      0xdf6 Src/MCAL/USART/USART.o
 .debug_info    0x00000000000036b0      0xc17 Src/main.o
 .debug_info    0x00000000000042c7       0x22 Startup/startup_stm32f103c6tx.o

.debug_abbrev   0x0000000000000000      0xa21
 .debug_abbrev  0x0000000000000000      0x210 Src/MCAL/EXTI/EXTI.o
 .debug_abbrev  0x0000000000000210      0x1de Src/MCAL/GPIO/GPIO.o
 .debug_abbrev  0x00000000000003ee      0x217 Src/MCAL/SPI/SPI.o
 .debug_abbrev  0x0000000000000605      0x22c Src/MCAL/USART/USART.o
 .debug_abbrev  0x0000000000000831      0x1de Src/main.o
 .debug_abbrev  0x0000000000000a0f       0x12 Startup/startup_stm32f103c6tx.o

.debug_loc      0x0000000000000000      0xc78
 .debug_loc     0x0000000000000000      0x320 Src/MCAL/EXTI/EXTI.o
 .debug_loc     0x0000000000000320      0x330 Src/MCAL/GPIO/GPIO.o
 .debug_loc     0x0000000000000650      0x2bc Src/MCAL/SPI/SPI.o
 .debug_loc     0x000000000000090c      0x294 Src/MCAL/USART/USART.o
 .debug_loc     0x0000000000000ba0       0xd8 Src/main.o

.debug_aranges  0x0000000000000000      0x1f0
 .debug_aranges
                0x0000000000000000       0x80 Src/MCAL/EXTI/EXTI.o
 .debug_aranges
                0x0000000000000080       0x60 Src/MCAL/GPIO/GPIO.o
 .debug_aranges
                0x00000000000000e0       0x58 Src/MCAL/SPI/SPI.o
 .debug_aranges
                0x0000000000000138       0x60 Src/MCAL/USART/USART.o
 .debug_aranges
                0x0000000000000198       0x30 Src/main.o
 .debug_aranges
                0x00000000000001c8       0x28 Startup/startup_stm32f103c6tx.o

.debug_ranges   0x0000000000000000      0x198
 .debug_ranges  0x0000000000000000       0x70 Src/MCAL/EXTI/EXTI.o
 .debug_ranges  0x0000000000000070       0x50 Src/MCAL/GPIO/GPIO.o
 .debug_ranges  0x00000000000000c0       0x48 Src/MCAL/SPI/SPI.o
 .debug_ranges  0x0000000000000108       0x50 Src/MCAL/USART/USART.o
 .debug_ranges  0x0000000000000158       0x20 Src/main.o
 .debug_ranges  0x0000000000000178       0x20 Startup/startup_stm32f103c6tx.o

.debug_macro    0x0000000000000000      0xa9c
 .debug_macro   0x0000000000000000      0x150 Src/MCAL/EXTI/EXTI.o
 .debug_macro   0x0000000000000150      0x214 Src/MCAL/EXTI/EXTI.o
 .debug_macro   0x0000000000000364      0x12f Src/MCAL/GPIO/GPIO.o
 .debug_macro   0x0000000000000493      0x162 Src/MCAL/SPI/SPI.o
 .debug_macro   0x00000000000005f5       0xbe Src/MCAL/SPI/SPI.o
 .debug_macro   0x00000000000006b3      0x181 Src/MCAL/USART/USART.o
 .debug_macro   0x0000000000000834       0xdc Src/MCAL/USART/USART.o
 .debug_macro   0x0000000000000910      0x18c Src/main.o

.debug_line     0x0000000000000000     0x2315
 .debug_line    0x0000000000000000      0x735 Src/MCAL/EXTI/EXTI.o
 .debug_line    0x0000000000000735      0x5fd Src/MCAL/GPIO/GPIO.o
 .debug_line    0x0000000000000d32      0x6a2 Src/MCAL/SPI/SPI.o
 .debug_line    0x00000000000013d4      0x78d Src/MCAL/USART/USART.o
 .debug_line    0x0000000000001b61      0x730 Src/main.o
 .debug_line    0x0000000000002291       0x84 Startup/startup_stm32f103c6tx.o

.debug_str      0x0000000000000000     0xa1d0
 .debug_str     0x0000000000000000     0x8f28 Src/MCAL/EXTI/EXTI.o
                                       0x90a6 (size before relaxing)
 .debug_str     0x0000000000008f28      0x106 Src/MCAL/GPIO/GPIO.o
                                       0x79f6 (size before relaxing)
 .debug_str     0x000000000000902e      0x67b Src/MCAL/SPI/SPI.o
                                       0x7f5a (size before relaxing)
 .debug_str     0x00000000000096a9      0x7c3 Src/MCAL/USART/USART.o
                                       0x962c (size before relaxing)
 .debug_str     0x0000000000009e6c      0x333 Src/main.o
                                       0x91b1 (size before relaxing)
 .debug_str     0x000000000000a19f       0x31 Startup/startup_stm32f103c6tx.o
                                         0x6e (size before relaxing)

.comment        0x0000000000000000       0x7b
 .comment       0x0000000000000000       0x7b Src/MCAL/EXTI/EXTI.o
                                         0x7c (size before relaxing)
 .comment       0x000000000000007b       0x7c Src/MCAL/GPIO/GPIO.o
 .comment       0x000000000000007b       0x7c Src/MCAL/SPI/SPI.o
 .comment       0x000000000000007b       0x7c Src/MCAL/USART/USART.o
 .comment       0x000000000000007b       0x7c Src/main.o

.debug_frame    0x0000000000000000      0x65c
 .debug_frame   0x0000000000000000      0x1b0 Src/MCAL/EXTI/EXTI.o
 .debug_frame   0x00000000000001b0      0x178 Src/MCAL/GPIO/GPIO.o
 .debug_frame   0x0000000000000328      0x144 Src/MCAL/SPI/SPI.o
 .debug_frame   0x000000000000046c      0x14c Src/MCAL/USART/USART.o
 .debug_frame   0x00000000000005b8       0x78 Src/main.o
 .debug_frame   0x0000000000000630       0x2c c:/st/stm32cubeide_1.4.0/stm32cubeide/plugins/com.st.stm32cube.ide.mcu.externaltools.gnu-tools-for-stm32.7-2018-q2-update.win32_1.4.0.202007081208/tools/bin/../lib/gcc/arm-none-eabi/7.3.1/../../../../arm-none-eabi/lib/thumb/v7-m\libc_nano.a(lib_a-init.o)
