Archive member included to satisfy reference by file (symbol)

c:/st/stm32cubeide_1.4.0/stm32cubeide/plugins/com.st.stm32cube.ide.mcu.externaltools.gnu-tools-for-stm32.7-2018-q2-update.win32_1.4.0.202007081208/tools/bin/../lib/gcc/arm-none-eabi/7.3.1/../../../../arm-none-eabi/lib/thumb/v7-m\libc_nano.a(lib_a-errno.o)
                              Src/syscalls.o (__errno)
c:/st/stm32cubeide_1.4.0/stm32cubeide/plugins/com.st.stm32cube.ide.mcu.externaltools.gnu-tools-for-stm32.7-2018-q2-update.win32_1.4.0.202007081208/tools/bin/../lib/gcc/arm-none-eabi/7.3.1/../../../../arm-none-eabi/lib/thumb/v7-m\libc_nano.a(lib_a-exit.o)
                              c:/st/stm32cubeide_1.4.0/stm32cubeide/plugins/com.st.stm32cube.ide.mcu.externaltools.gnu-tools-for-stm32.7-2018-q2-update.win32_1.4.0.202007081208/tools/bin/../lib/gcc/arm-none-eabi/7.3.1/../../../../arm-none-eabi/lib/thumb/v7-m/crt0.o (exit)
c:/st/stm32cubeide_1.4.0/stm32cubeide/plugins/com.st.stm32cube.ide.mcu.externaltools.gnu-tools-for-stm32.7-2018-q2-update.win32_1.4.0.202007081208/tools/bin/../lib/gcc/arm-none-eabi/7.3.1/../../../../arm-none-eabi/lib/thumb/v7-m\libc_nano.a(lib_a-impure.o)
                              c:/st/stm32cubeide_1.4.0/stm32cubeide/plugins/com.st.stm32cube.ide.mcu.externaltools.gnu-tools-for-stm32.7-2018-q2-update.win32_1.4.0.202007081208/tools/bin/../lib/gcc/arm-none-eabi/7.3.1/../../../../arm-none-eabi/lib/thumb/v7-m\libc_nano.a(lib_a-exit.o) (_global_impure_ptr)
c:/st/stm32cubeide_1.4.0/stm32cubeide/plugins/com.st.stm32cube.ide.mcu.externaltools.gnu-tools-for-stm32.7-2018-q2-update.win32_1.4.0.202007081208/tools/bin/../lib/gcc/arm-none-eabi/7.3.1/../../../../arm-none-eabi/lib/thumb/v7-m\libc_nano.a(lib_a-init.o)
                              c:/st/stm32cubeide_1.4.0/stm32cubeide/plugins/com.st.stm32cube.ide.mcu.externaltools.gnu-tools-for-stm32.7-2018-q2-update.win32_1.4.0.202007081208/tools/bin/../lib/gcc/arm-none-eabi/7.3.1/../../../../arm-none-eabi/lib/thumb/v7-m/crt0.o (__libc_init_array)
c:/st/stm32cubeide_1.4.0/stm32cubeide/plugins/com.st.stm32cube.ide.mcu.externaltools.gnu-tools-for-stm32.7-2018-q2-update.win32_1.4.0.202007081208/tools/bin/../lib/gcc/arm-none-eabi/7.3.1/../../../../arm-none-eabi/lib/thumb/v7-m\libc_nano.a(lib_a-memset.o)
                              c:/st/stm32cubeide_1.4.0/stm32cubeide/plugins/com.st.stm32cube.ide.mcu.externaltools.gnu-tools-for-stm32.7-2018-q2-update.win32_1.4.0.202007081208/tools/bin/../lib/gcc/arm-none-eabi/7.3.1/../../../../arm-none-eabi/lib/thumb/v7-m/crt0.o (memset)
c:/st/stm32cubeide_1.4.0/stm32cubeide/plugins/com.st.stm32cube.ide.mcu.externaltools.gnu-tools-for-stm32.7-2018-q2-update.win32_1.4.0.202007081208/tools/bin/../lib/gcc/arm-none-eabi/7.3.1/../../../../arm-none-eabi/lib/thumb/v7-m\libc_nano.a(lib_a-strcmp.o)
                              AE_RTOS/Scheduler.o (strcmp)

Allocating common symbols
Common symbol       size              file

Mutex1              0x30              Src/main.o
SysTickLed          0x1               AE_RTOS/CortexMx_Os_Porting.o
Task4               0x40              Src/main.o
T3_Led              0x1               Src/main.o
OS_Control          0x1ac             AE_RTOS/Scheduler.o
T2_Led              0x1               Src/main.o
T1_Led              0x1               Src/main.o
Task1               0x40              Src/main.o
Ready_QUEUE         0x14              AE_RTOS/Scheduler.o
Task3               0x40              Src/main.o
Global_ptr_callBack
                    0x3c              Src/MCAL/EXTI/EXTI.o
Task2               0x40              Src/main.o
T4_Led              0x1               Src/main.o
IdleTaskLed         0x1               AE_RTOS/Scheduler.o
RTOS_IdleTask       0x40              AE_RTOS/Scheduler.o
Ready_QUEUE_FIFO    0x190             AE_RTOS/Scheduler.o

Discarded input sections

 .text          0x0000000000000000        0x0 c:/st/stm32cubeide_1.4.0/stm32cubeide/plugins/com.st.stm32cube.ide.mcu.externaltools.gnu-tools-for-stm32.7-2018-q2-update.win32_1.4.0.202007081208/tools/bin/../lib/gcc/arm-none-eabi/7.3.1/thumb/v7-m/crti.o
 .data          0x0000000000000000        0x0 c:/st/stm32cubeide_1.4.0/stm32cubeide/plugins/com.st.stm32cube.ide.mcu.externaltools.gnu-tools-for-stm32.7-2018-q2-update.win32_1.4.0.202007081208/tools/bin/../lib/gcc/arm-none-eabi/7.3.1/thumb/v7-m/crti.o
 .bss           0x0000000000000000        0x0 c:/st/stm32cubeide_1.4.0/stm32cubeide/plugins/com.st.stm32cube.ide.mcu.externaltools.gnu-tools-for-stm32.7-2018-q2-update.win32_1.4.0.202007081208/tools/bin/../lib/gcc/arm-none-eabi/7.3.1/thumb/v7-m/crti.o
 .data          0x0000000000000000        0x4 c:/st/stm32cubeide_1.4.0/stm32cubeide/plugins/com.st.stm32cube.ide.mcu.externaltools.gnu-tools-for-stm32.7-2018-q2-update.win32_1.4.0.202007081208/tools/bin/../lib/gcc/arm-none-eabi/7.3.1/thumb/v7-m/crtbegin.o
[...]
Memory Configuration

Name             Origin             Length             Attributes
RAM              0x0000000020000000 0x0000000000002800 xrw
ROM              0x0000000008000000 0x0000000000008000 xr
*default*        0x0000000000000000 0xffffffffffffffff

Linker script and memory map

LOAD c:/st/stm32cubeide_1.4.0/stm32cubeide/plugins/com.st.stm32cube.ide.mcu.externaltools.gnu-tools-for-stm32.7-2018-q2-update.win32_1.4.0.202007081208/tools/bin/../lib/gcc/arm-none-eabi/7.3.1/thumb/v7-m/crti.o
LOAD c:/st/stm32cubeide_1.4.0/stm32cubeide/plugins/com.st.stm32cube.ide.mcu.externaltools.gnu-tools-for-stm32.7-2018-q2-update.win32_1.4.0.202007081208/tools/bin/../lib/gcc/arm-none-eabi/7.3.1/thumb/v7-m/crtbegin.o
LOAD c:/st/stm32cubeide_1.4.0/stm32cubeide/plugins/com.st.stm32cube.ide.mcu.externaltools.gnu-tools-for-stm32.7-2018-q2-update.win32_1.4.0.202007081208/tools/bin/../lib/gcc/arm-none-eabi/7.3.1/../../../../arm-none-eabi/lib/thumb/v7-m/crt0.o
LOAD AE_RTOS/AE_RTOS_FIFO.o
LOAD AE_RTOS/CortexMx_Os_Porting.o
LOAD AE_RTOS/Scheduler.o
LOAD Src/HAL/KEYPAD/KEYPAD.o
LOAD Src/HAL/LCD/LCD.o
LOAD Src/MCAL/EXTI/EXTI.o
LOAD Src/MCAL/GPIO/GPIO.o
LOAD Src/MCAL/I2C/I2C.o
LOAD Src/MCAL/RCC/RCC.o
LOAD Src/MCAL/SPI/SPI.o
LOAD Src/MCAL/USART/USART.o
LOAD Src/main.o
LOAD Src/syscalls.o
LOAD Src/sysmem.o
LOAD Startup/startup_stm32f103c6tx.o
START GROUP
LOAD c:/st/stm32cubeide_1.4.0/stm32cubeide/plugins/com.st.stm32cube.ide.mcu.externaltools.gnu-tools-for-stm32.7-2018-q2-update.win32_1.4.0.202007081208/tools/bin/../lib/gcc/arm-none-eabi/7.3.1/../../../../arm-none-eabi/lib/thumb/v7-m\libc_nano.a
LOAD c:/st/stm32cubeide_1.4.0/stm32cubeide/plugins/com.st.stm32cube.ide.mcu.externaltools.gnu-tools-for-stm32.7-2018-q2-update.win32_1.4.0.202007081208/tools/bin/../lib/gcc/arm-none-eabi/7.3.1/../../../../arm-none-eabi/lib/thumb/v7-m\libm.a
END GROUP
START GROUP
LOAD c:/st/stm32cubeide_1.4.0/stm32cubeide/plugins/com.st.stm32cube.ide.mcu.externaltools.gnu-tools-for-stm32.7-2018-q2-update.win32_1.4.0.202007081208/tools/bin/../lib/gcc/arm-none-eabi/7.3.1/thumb/v7-m\libgcc.a
LOAD c:/st/stm32cubeide_1.4.0/stm32cubeide/plugins/com.st.stm32cube.ide.mcu.externaltools.gnu-tools-for-stm32.7-2018-q2-update.win32_1.4.0.202007081208/tools/bin/../lib/gcc/arm-none-eabi/7.3.1/../../../../arm-none-eabi/lib/thumb/v7-m\libc_nano.a
END GROUP
START GROUP
LOAD c:/st/stm32cubeide_1.4.0/stm32cubeide/plugins/com.st.stm32cube.ide.mcu.externaltools.gnu-tools-for-stm32.7-2018-q2-update.win32_1.4.0.202007081208/tools/bin/../lib/gcc/arm-none-eabi/7.3.1/thumb/v7-m\libgcc.a
LOAD c:/st/stm32cubeide_1.4.0/stm32cubeide/plugins/com.st.stm32cube.ide.mcu.externaltools.gnu-tools-for-stm32.7-2018-q2-update.win32_1.4.0.202007081208/tools/bin/../lib/gcc/arm-none-eabi/7.3.1/../../../../arm-none-eabi/lib/thumb/v7-m\libc_nano.a
LOAD c:/st/stm32cubeide_1.4.0/stm32cubeide/plugins/com.st.stm32cube.ide.mcu.externaltools.gnu-tools-for-stm32.7-2018-q2-update.win32_1.4.0.202007081208/tools/bin/../lib/gcc/arm-none-eabi/7.3.1/../../../../arm-none-eabi/lib/thumb/v7-m\libnosys.a
END GROUP
START GROUP
LOAD c:/st/stm32cubeide_1.4.0/stm32cubeide/plugins/com.st.stm32cube.ide.mcu.externaltools.gnu-tools-for-stm32.7-2018-q2-update.win32_1.4.0.202007081208/tools/bin/../lib/gcc/arm-none-eabi/7.3.1/thumb/v7-m\libgcc.a
LOAD c:/st/stm32cubeide_1.4.0/stm32cubeide/plugins/com.st.stm32cube.ide.mcu.externaltools.gnu-tools-for-stm32.7-2018-q2-update.win32_1.4.0.202007081208/tools/bin/../lib/gcc/arm-none-eabi/7.3.1/../../../../arm-none-eabi/lib/thumb/v7-m\libc_nano.a
LOAD c:/st/stm32cubeide_1.4.0/stm32cubeide/plugins/com.st.stm32cube.ide.mcu.externaltools.gnu-tools-for-stm32.7-2018-q2-update.win32_1.4.0.202007081208/tools/bin/../lib/gcc/arm-none-eabi/7.3.1/../../../../arm-none-eabi/lib/thumb/v7-m\libnosys.a
END GROUP
LOAD c:/st/stm32cubeide_1.4.0/stm32cubeide/plugins/com.st.stm32cube.ide.mcu.externaltools.gnu-tools-for-stm32.7-2018-q2-update.win32_1.4.0.202007081208/tools/bin/../lib/gcc/arm-none-eabi/7.3.1/thumb/v7-m/crtend.o
LOAD c:/st/stm32cubeide_1.4.0/stm32cubeide/plugins/com.st.stm32cube.ide.mcu.externaltools.gnu-tools-for-stm32.7-2018-q2-update.win32_1.4.0.202007081208/tools/bin/../lib/gcc/arm-none-eabi/7.3.1/thumb/v7-m/crtn.o
                0x0000000020002800                _estack = (ORIGIN (RAM) + LENGTH (RAM))
                0x0000000000000200                _Min_Heap_Size = 0x200
                0x0000000000000400                _Min_Stack_Size = 0x400

.isr_vector     0x0000000008000000      0x130
                0x0000000008000000                . = ALIGN (0x4)
 *(.isr_vector)
 .isr_vector    0x0000000008000000      0x130 Startup/startup_stm32f103c6tx.o
                0x0000000008000000                g_pfnVectors
                0x0000000008000130                . = ALIGN (0x4)

.text           0x0000000008000130     0x10fc
                0x0000000008000130                . = ALIGN (0x4)
 *(.text)
 .text          0x0000000008000130       0x40 c:/st/stm32cubeide_1.4.0/stm32cubeide/plugins/com.st.stm32cube.ide.mcu.externaltools.gnu-tools-for-stm32.7-2018-q2-update.win32_1.4.0.202007081208/tools/bin/../lib/gcc/arm-none-eabi/7.3.1/thumb/v7-m/crtbegin.o
 .text          0x0000000008000170       0x14 c:/st/stm32cubeide_1.4.0/stm32cubeide/plugins/com.st.stm32cube.ide.mcu.externaltools.gnu-tools-for-stm32.7-2018-q2-update.win32_1.4.0.202007081208/tools/bin/../lib/gcc/arm-none-eabi/7.3.1/../../../../arm-none-eabi/lib/thumb/v7-m\libc_nano.a(lib_a-strcmp.o)
                0x0000000008000170                strcmp
 *(.text*)
 .text.FIFO_init
                0x0000000008000184       0x44 AE_RTOS/AE_RTOS_FIFO.o
                0x0000000008000184                FIFO_init
 .text.FIFO_enqueue
                0x00000000080001c8       0x84 AE_RTOS/AE_RTOS_FIFO.o
                0x00000000080001c8                FIFO_enqueue
 .text.FIFO_dequeue
                0x000000000800024c       0x7a AE_RTOS/AE_RTOS_FIFO.o
                0x000000000800024c                FIFO_dequeue
 *fill*         0x00000000080002c6        0x2 
 .text.__NVIC_SetPriority
                0x00000000080002c8       0x54 AE_RTOS/CortexMx_Os_Porting.o
 .text.SysTick_Config
                0x000000000800031c       0x44 AE_RTOS/CortexMx_Os_Porting.o
 .text.HardFault_Handler
                0x0000000008000360        0xc AE_RTOS/CortexMx_Os_Porting.o
                0x0000000008000360                HardFault_Handler
 .text.MemManage_Handler
                0x000000000800036c        0xc AE_RTOS/CortexMx_Os_Porting.o
                0x000000000800036c                MemManage_Handler
 .text.BusFault_Handler
                0x0000000008000378        0xc AE_RTOS/CortexMx_Os_Porting.o
                0x0000000008000378                BusFault_Handler
 .text.UsageFault_Handler
                0x0000000008000384        0xc AE_RTOS/CortexMx_Os_Porting.o
                0x0000000008000384                UsageFault_Handler
 .text.trigger_OS_PendSV
                0x0000000008000390       0x1c AE_RTOS/CortexMx_Os_Porting.o
                0x0000000008000390                trigger_OS_PendSV
 .text.SysTick_Handler
                0x00000000080003ac       0x28 AE_RTOS/CortexMx_Os_Porting.o
                0x00000000080003ac                SysTick_Handler
 .text.SVC_Handler
                0x00000000080003d4       0x14 AE_RTOS/CortexMx_Os_Porting.o
                0x00000000080003d4                SVC_Handler
 .text.Hardware_init
                0x00000000080003e8       0x12 AE_RTOS/CortexMx_Os_Porting.o
                0x00000000080003e8                Hardware_init
 .text.Start_Systick
                0x00000000080003fa       0x10 AE_RTOS/CortexMx_Os_Porting.o
                0x00000000080003fa                Start_Systick
 *fill*         0x000000000800040a        0x2 
 .text.PendSV_Handler
                0x000000000800040c      0x1bc AE_RTOS/Scheduler.o
                0x000000000800040c                PendSV_Handler
 .text.Idle_Task
                0x00000000080005c8       0x1c AE_RTOS/Scheduler.o
                0x00000000080005c8                Idle_Task
 .text.RTOS_Create_MainStack
                0x00000000080005e4       0x44 AE_RTOS/Scheduler.o
                0x00000000080005e4                RTOS_Create_MainStack
 .text.RTOS_Create_TaskStack
                0x0000000008000628       0x82 AE_RTOS/Scheduler.o
                0x0000000008000628                RTOS_Create_TaskStack
 *fill*         0x00000000080006aa        0x2 
 .text.RTOS_Tasks_Sorting
                0x00000000080006ac       0x90 AE_RTOS/Scheduler.o
                0x00000000080006ac                RTOS_Tasks_Sorting
 .text.RTOS_Update_SchedulerTable
                0x000000000800073c       0xdc AE_RTOS/Scheduler.o
                0x000000000800073c                RTOS_Update_SchedulerTable
 .text.RTOS_Select_Next_Task
                0x0000000008000818       0x98 AE_RTOS/Scheduler.o
                0x0000000008000818                RTOS_Select_Next_Task
 .text.OS_SVC_Service
                0x00000000080008b0       0x6c AE_RTOS/Scheduler.o
                0x00000000080008b0                OS_SVC_Service
 .text.OS_SVC_Set
                0x000000000800091c       0x30 AE_RTOS/Scheduler.o
                0x000000000800091c                OS_SVC_Set
 .text.RTOS_Update_TaskTime
                0x000000000800094c       0x88 AE_RTOS/Scheduler.o
                0x000000000800094c                RTOS_Update_TaskTime
 .text.RTOS_init
                0x00000000080009d4       0x84 AE_RTOS/Scheduler.o
                0x00000000080009d4                RTOS_init
 .text.RTOS_CreateTask
                0x0000000008000a58       0x6c AE_RTOS/Scheduler.o
                0x0000000008000a58                RTOS_CreateTask
 .text.RTOS_ActivateTask
                0x0000000008000ac4       0x1c AE_RTOS/Scheduler.o
                0x0000000008000ac4                RTOS_ActivateTask
 .text.RTOS_TerminalTask
                0x0000000008000ae0       0x1c AE_RTOS/Scheduler.o
                0x0000000008000ae0                RTOS_TerminalTask
 .text.RTOS_StartOS
                0x0000000008000afc       0x5c AE_RTOS/Scheduler.o
                0x0000000008000afc                RTOS_StartOS
 .text.RTOS_AcquireMutex
                0x0000000008000b58       0x4c AE_RTOS/Scheduler.o
                0x0000000008000b58                RTOS_AcquireMutex
 .text.RTOS_ReleaseMutex
                0x0000000008000ba4       0x34 AE_RTOS/Scheduler.o
                0x0000000008000ba4                RTOS_ReleaseMutex
 .text.EXTI0_IRQHandler
                0x0000000008000bd8       0x24 Src/MCAL/EXTI/EXTI.o
                0x0000000008000bd8                EXTI0_IRQHandler
 .text.EXTI1_IRQHandler
                0x0000000008000bfc       0x24 Src/MCAL/EXTI/EXTI.o
                0x0000000008000bfc                EXTI1_IRQHandler
 .text.EXTI2_IRQHandler
                0x0000000008000c20       0x24 Src/MCAL/EXTI/EXTI.o
                0x0000000008000c20                EXTI2_IRQHandler
 .text.EXTI3_IRQHandler
                0x0000000008000c44       0x24 Src/MCAL/EXTI/EXTI.o
                0x0000000008000c44                EXTI3_IRQHandler
 .text.EXTI4_IRQHandler
                0x0000000008000c68       0x24 Src/MCAL/EXTI/EXTI.o
                0x0000000008000c68                EXTI4_IRQHandler
 .text.EXTI9_5_IRQHandler
                0x0000000008000c8c       0xa8 Src/MCAL/EXTI/EXTI.o
                0x0000000008000c8c                EXTI9_5_IRQHandler
 .text.EXTI15_10_IRQHandler
                0x0000000008000d34       0xc4 Src/MCAL/EXTI/EXTI.o
                0x0000000008000d34                EXTI15_10_IRQHandler
 .text.SPI1_IRQHandler
                0x0000000008000df8       0x5c Src/MCAL/SPI/SPI.o
                0x0000000008000df8                SPI1_IRQHandler
 .text.SPI2_IRQHandler
                0x0000000008000e54       0x5c Src/MCAL/SPI/SPI.o
                0x0000000008000e54                SPI2_IRQHandler
 .text.USART1_IRQHandler
                0x0000000008000eb0       0x14 Src/MCAL/USART/USART.o
                0x0000000008000eb0                USART1_IRQHandler
 .text.USART2_IRQHandler
                0x0000000008000ec4       0x14 Src/MCAL/USART/USART.o
                0x0000000008000ec4                USART2_IRQHandler
 .text.USART3_IRQHandler
                0x0000000008000ed8       0x14 Src/MCAL/USART/USART.o
                0x0000000008000ed8                USART3_IRQHandler
 .text.Task1_func
                0x0000000008000eec       0x64 Src/main.o
                0x0000000008000eec                Task1_func
 .text.Task2_func
                0x0000000008000f50       0x50 Src/main.o
                0x0000000008000f50                Task2_func
 .text.Task3_func
                0x0000000008000fa0       0x50 Src/main.o
                0x0000000008000fa0                Task3_func
 .text.Task4_func
                0x0000000008000ff0       0x58 Src/main.o
                0x0000000008000ff0                Task4_func
 .text.main     0x0000000008001048      0x130 Src/main.o
                0x0000000008001048                main
 .text.Reset_Handler
                0x0000000008001178       0x50 Startup/startup_stm32f103c6tx.o
                0x0000000008001178                Reset_Handler
 .text.Default_Handler
                0x00000000080011c8        0x2 Startup/startup_stm32f103c6tx.o
                0x00000000080011c8                TIM8_TRG_COM_IRQHandler
                0x00000000080011c8                TIM8_CC_IRQHandler
                0x00000000080011c8                DebugMon_Handler
                0x00000000080011c8                TIM1_CC_IRQHandler
                0x00000000080011c8                TIM6_IRQHandler
                0x00000000080011c8                PVD_IRQHandler
                0x00000000080011c8                SDIO_IRQHandler
                0x00000000080011c8                NMI_Handler
                0x00000000080011c8                USB_HP_CAN_TX_IRQHandler
                0x00000000080011c8                I2C2_EV_IRQHandler
                0x00000000080011c8                ADC1_2_IRQHandler
                0x00000000080011c8                CAN_SCE_IRQHandler
                0x00000000080011c8                TAMPER_IRQHandler
                0x00000000080011c8                TIM8_UP_IRQHandler
                0x00000000080011c8                DMA2_Channel2_IRQHandler
                0x00000000080011c8                DMA1_Channel4_IRQHandler
                0x00000000080011c8                RTC_IRQHandler
                0x00000000080011c8                DMA1_Channel7_IRQHandler
                0x00000000080011c8                UART5_IRQHandler
                0x00000000080011c8                ADC3_IRQHandler
                0x00000000080011c8                TIM4_IRQHandler
                0x00000000080011c8                CAN_RX1_IRQHandler
                0x00000000080011c8                DMA2_Channel1_IRQHandler
                0x00000000080011c8                I2C1_EV_IRQHandler
                0x00000000080011c8                DMA1_Channel6_IRQHandler
                0x00000000080011c8                UART4_IRQHandler
                0x00000000080011c8                TIM3_IRQHandler
                0x00000000080011c8                RCC_IRQHandler
                0x00000000080011c8                TIM1_TRG_COM_IRQHandler
                0x00000000080011c8                DMA1_Channel1_IRQHandler
                0x00000000080011c8                Default_Handler
                0x00000000080011c8                TIM7_IRQHandler
                0x00000000080011c8                TIM5_IRQHandler
                0x00000000080011c8                USB_LP_CAN_RX0_IRQHandler
                0x00000000080011c8                DMA1_Channel5_IRQHandler
                0x00000000080011c8                DMA1_Channel3_IRQHandler
                0x00000000080011c8                FSMC_IRQHandler
                0x00000000080011c8                TIM1_UP_IRQHandler
                0x00000000080011c8                WWDG_IRQHandler
                0x00000000080011c8                TIM2_IRQHandler
                0x00000000080011c8                TIM1_BRK_IRQHandler
                0x00000000080011c8                RTCAlarm_IRQHandler
                0x00000000080011c8                DMA2_Channel4_5_IRQHandler
                0x00000000080011c8                I2C2_ER_IRQHandler
                0x00000000080011c8                DMA1_Channel2_IRQHandler
                0x00000000080011c8                TIM8_BRK_IRQHandler
                0x00000000080011c8                FLASH_IRQHandler
                0x00000000080011c8                SPI3_IRQHandler
                0x00000000080011c8                I2C1_ER_IRQHandler
                0x00000000080011c8                DMA2_Channel3_IRQHandler
 *fill*         0x00000000080011ca        0x2 
 .text.__libc_init_array
                0x00000000080011cc       0x48 c:/st/stm32cubeide_1.4.0/stm32cubeide/plugins/com.st.stm32cube.ide.mcu.externaltools.gnu-tools-for-stm32.7-2018-q2-update.win32_1.4.0.202007081208/tools/bin/../lib/gcc/arm-none-eabi/7.3.1/../../../../arm-none-eabi/lib/thumb/v7-m\libc_nano.a(lib_a-init.o)
                0x00000000080011cc                __libc_init_array
 *(.glue_7)
 .glue_7        0x0000000008001214        0x0 linker stubs
 *(.glue_7t)
 .glue_7t       0x0000000008001214        0x0 linker stubs
 *(.eh_frame)
 .eh_frame      0x0000000008001214        0x0 c:/st/stm32cubeide_1.4.0/stm32cubeide/plugins/com.st.stm32cube.ide.mcu.externaltools.gnu-tools-for-stm32.7-2018-q2-update.win32_1.4.0.202007081208/tools/bin/../lib/gcc/arm-none-eabi/7.3.1/thumb/v7-m/crtbegin.o
 *(.init)
 .init          0x0000000008001214        0x4 c:/st/stm32cubeide_1.4.0/stm32cubeide/plugins/com.st.stm32cube.ide.mcu.externaltools.gnu-tools-for-stm32.7-2018-q2-update.win32_1.4.0.202007081208/tools/bin/../lib/gcc/arm-none-eabi/7.3.1/thumb/v7-m/crti.o
                0x0000000008001214                _init
 .init          0x0000000008001218        0x8 c:/st/stm32cubeide_1.4.0/stm32cubeide/plugins/com.st.stm32cube.ide.mcu.externaltools.gnu-tools-for-stm32.7-2018-q2-update.win32_1.4.0.202007081208/tools/bin/../lib/gcc/arm-none-eabi/7.3.1/thumb/v7-m/crtn.o
 *(.fini)
 .fini          0x0000000008001220        0x4 c:/st/stm32cubeide_1.4.0/stm32cubeide/plugins/com.st.stm32cube.ide.mcu.externaltools.gnu-tools-for-stm32.7-2018-q2-update.win32_1.4.0.202007081208/tools/bin/../lib/gcc/arm-none-eabi/7.3.1/thumb/v7-m/crti.o
                0x0000000008001220                _fini
 .fini          0x0000000008001224        0x8 c:/st/stm32cubeide_1.4.0/stm32cubeide/plugins/com.st.stm32cube.ide.mcu.externaltools.gnu-tools-for-stm32.7-2018-q2-update.win32_1.4.0.202007081208/tools/bin/../lib/gcc/arm-none-eabi/7.3.1/thumb/v7-m/crtn.o
                0x000000000800122c                . = ALIGN (0x4)
                0x000000000800122c                _etext = .

.vfp11_veneer   0x000000000800122c        0x0
 .vfp11_veneer  0x000000000800122c        0x0 linker stubs

.v4_bx          0x000000000800122c        0x0
 .v4_bx         0x000000000800122c        0x0 linker stubs

.iplt           0x000000000800122c        0x0
 .iplt          0x000000000800122c        0x0 c:/st/stm32cubeide_1.4.0/stm32cubeide/plugins/com.st.stm32cube.ide.mcu.externaltools.gnu-tools-for-stm32.7-2018-q2-update.win32_1.4.0.202007081208/tools/bin/../lib/gcc/arm-none-eabi/7.3.1/thumb/v7-m/crtbegin.o

.rodata         0x000000000800122c       0x38
                0x000000000800122c                . = ALIGN (0x4)
 *(.rodata)
 .rodata        0x000000000800122c        0x9 AE_RTOS/Scheduler.o
 *fill*         0x0000000008001235        0x3 
 .rodata        0x0000000008001238       0x2a Src/main.o
 *(.rodata*)
                0x0000000008001264                . = ALIGN (0x4)
 *fill*         0x0000000008001262        0x2 

.rel.dyn        0x0000000008001264        0x0
 .rel.iplt      0x0000000008001264        0x0 c:/st/stm32cubeide_1.4.0/stm32cubeide/plugins/com.st.stm32cube.ide.mcu.externaltools.gnu-tools-for-stm32.7-2018-q2-update.win32_1.4.0.202007081208/tools/bin/../lib/gcc/arm-none-eabi/7.3.1/thumb/v7-m/crtbegin.o

.ARM.extab      0x0000000008001264        0x0
                0x0000000008001264                . = ALIGN (0x4)
 *(.ARM.extab* .gnu.linkonce.armextab.*)
                0x0000000008001264                . = ALIGN (0x4)

.ARM            0x0000000008001264        0x0
                0x0000000008001264                . = ALIGN (0x4)
                0x0000000008001264                __exidx_start = .
 *(.ARM.exidx*)
                0x0000000008001264                __exidx_end = .
                0x0000000008001264                . = ALIGN (0x4)

.preinit_array  0x0000000008001264        0x0
                0x0000000008001264                . = ALIGN (0x4)
                0x0000000008001264                PROVIDE (__preinit_array_start = .)
 *(.preinit_array*)
                0x0000000008001264                PROVIDE (__preinit_array_end = .)
                0x0000000008001264                . = ALIGN (0x4)

.init_array     0x0000000008001264        0x4
                0x0000000008001264                . = ALIGN (0x4)
                0x0000000008001264                PROVIDE (__init_array_start = .)
 *(SORT_BY_NAME(.init_array.*))
 *(.init_array*)
 .init_array    0x0000000008001264        0x4 c:/st/stm32cubeide_1.4.0/stm32cubeide/plugins/com.st.stm32cube.ide.mcu.externaltools.gnu-tools-for-stm32.7-2018-q2-update.win32_1.4.0.202007081208/tools/bin/../lib/gcc/arm-none-eabi/7.3.1/thumb/v7-m/crtbegin.o
                0x0000000008001268                PROVIDE (__init_array_end = .)
                0x0000000008001268                . = ALIGN (0x4)

.fini_array     0x0000000008001268        0x4
                0x0000000008001268                . = ALIGN (0x4)
                [!provide]                        PROVIDE (__fini_array_start = .)
 *(SORT_BY_NAME(.fini_array.*))
 *(.fini_array*)
 .fini_array    0x0000000008001268        0x4 c:/st/stm32cubeide_1.4.0/stm32cubeide/plugins/com.st.stm32cube.ide.mcu.externaltools.gnu-tools-for-stm32.7-2018-q2-update.win32_1.4.0.202007081208/tools/bin/../lib/gcc/arm-none-eabi/7.3.1/thumb/v7-m/crtbegin.o
                [!provide]                        PROVIDE (__fini_array_end = .)
                0x000000000800126c                . = ALIGN (0x4)
                0x000000000800126c                _sidata = LOADADDR (.data)

.data           0x0000000020000000        0x4 load address 0x000000000800126c
                0x0000000020000000                . = ALIGN (0x4)
                0x0000000020000000                _sdata = .
 *(.data)
 *(.data*)
 .data.payloadBuffer
                0x0000000020000000        0x3 Src/main.o
                0x0000000020000000                payloadBuffer
                0x0000000020000004                . = ALIGN (0x4)
 *fill*         0x0000000020000003        0x1 
                0x0000000020000004                _edata = .

.igot.plt       0x0000000020000004        0x0 load address 0x0000000008001270
 .igot.plt      0x0000000020000004        0x0 c:/st/stm32cubeide_1.4.0/stm32cubeide/plugins/com.st.stm32cube.ide.mcu.externaltools.gnu-tools-for-stm32.7-2018-q2-update.win32_1.4.0.202007081208/tools/bin/../lib/gcc/arm-none-eabi/7.3.1/thumb/v7-m/crtbegin.o
                0x0000000020000004                . = ALIGN (0x4)

.bss            0x0000000020000004      0x544 load address 0x0000000008001270
                0x0000000020000004                _sbss = .
                0x0000000020000004                __bss_start__ = _sbss
 *(.bss)
 .bss           0x0000000020000004       0x1c c:/st/stm32cubeide_1.4.0/stm32cubeide/plugins/com.st.stm32cube.ide.mcu.externaltools.gnu-tools-for-stm32.7-2018-q2-update.win32_1.4.0.202007081208/tools/bin/../lib/gcc/arm-none-eabi/7.3.1/thumb/v7-m/crtbegin.o
 *(.bss*)
 .bss.Global_SPI_Config
                0x0000000020000020        0x8 Src/MCAL/SPI/SPI.o
                0x0000000020000020                Global_SPI_Config
 .bss.Gl_Config
                0x0000000020000028        0x4 Src/MCAL/USART/USART.o
                0x0000000020000028                Gl_Config
 .bss.counter.6016
                0x000000002000002c        0x4 Src/main.o
 .bss.counter.6020
                0x0000000020000030        0x4 Src/main.o
 .bss.counter.6024
                0x0000000020000034        0x4 Src/main.o
 .bss.counter.6028
                0x0000000020000038        0x4 Src/main.o
 *(COMMON)
 COMMON         0x000000002000003c        0x1 AE_RTOS/CortexMx_Os_Porting.o
                0x000000002000003c                SysTickLed
 *fill*         0x000000002000003d        0x3 
 COMMON         0x0000000020000040      0x394 AE_RTOS/Scheduler.o
                0x0000000020000040                OS_Control
                0x00000000200001ec                Ready_QUEUE
                0x0000000020000200                IdleTaskLed
                0x0000000020000204                RTOS_IdleTask
                0x0000000020000244                Ready_QUEUE_FIFO
 COMMON         0x00000000200003d4       0x3c Src/MCAL/EXTI/EXTI.o
                0x00000000200003d4                Global_ptr_callBack
 COMMON         0x0000000020000410      0x135 Src/main.o
                0x0000000020000410                Mutex1
                0x0000000020000440                Task4
                0x0000000020000480                T3_Led
                0x0000000020000481                T2_Led
                0x0000000020000482                T1_Led
                0x0000000020000484                Task1
                0x00000000200004c4                Task3
                0x0000000020000504                Task2
                0x0000000020000544                T4_Led
                0x0000000020000548                . = ALIGN (0x4)
 *fill*         0x0000000020000545        0x3 
                0x0000000020000548                _ebss = .
                0x0000000020000548                __bss_end__ = _ebss

._user_heap_stack
                0x0000000020000548      0x600 load address 0x0000000008001270
                0x0000000020000548                . = ALIGN (0x8)
                [!provide]                        PROVIDE (end = .)
                0x0000000020000548                PROVIDE (_end = .)
                0x0000000020000748                . = (. + _Min_Heap_Size)
 *fill*         0x0000000020000548      0x200 
                0x0000000020000b48                . = (. + _Min_Stack_Size)
 *fill*         0x0000000020000748      0x400 
                0x0000000020000b48                . = ALIGN (0x8)
                0x0000000020000b48                _eheap = .

/DISCARD/
 libc.a(*)
 libm.a(*)
 libgcc.a(*)

.ARM.attributes
                0x0000000000000000       0x29
 *(.ARM.attributes)
 .ARM.attributes
                0x0000000000000000       0x1d c:/st/stm32cubeide_1.4.0/stm32cubeide/plugins/com.st.stm32cube.ide.mcu.externaltools.gnu-tools-for-stm32.7-2018-q2-update.win32_1.4.0.202007081208/tools/bin/../lib/gcc/arm-none-eabi/7.3.1/thumb/v7-m/crti.o
 .ARM.attributes
                0x000000000000001d       0x2d c:/st/stm32cubeide_1.4.0/stm32cubeide/plugins/com.st.stm32cube.ide.mcu.externaltools.gnu-tools-for-stm32.7-2018-q2-update.win32_1.4.0.202007081208/tools/bin/../lib/gcc/arm-none-eabi/7.3.1/thumb/v7-m/crtbegin.o
 .ARM.attributes
                0x000000000000004a       0x33 AE_RTOS/AE_RTOS_FIFO.o
 .ARM.attributes
                0x000000000000007d       0x33 AE_RTOS/CortexMx_Os_Porting.o
 .ARM.attributes
                0x00000000000000b0       0x33 AE_RTOS/Scheduler.o
 .ARM.attributes
                0x00000000000000e3       0x33 Src/MCAL/EXTI/EXTI.o
 .ARM.attributes
                0x0000000000000116       0x33 Src/MCAL/SPI/SPI.o
 .ARM.attributes
                0x0000000000000149       0x33 Src/MCAL/USART/USART.o
 .ARM.attributes
                0x000000000000017c       0x33 Src/main.o
 .ARM.attributes
                0x00000000000001af       0x21 Startup/startup_stm32f103c6tx.o
 .ARM.attributes
                0x00000000000001d0       0x2d c:/st/stm32cubeide_1.4.0/stm32cubeide/plugins/com.st.stm32cube.ide.mcu.externaltools.gnu-tools-for-stm32.7-2018-q2-update.win32_1.4.0.202007081208/tools/bin/../lib/gcc/arm-none-eabi/7.3.1/../../../../arm-none-eabi/lib/thumb/v7-m\libc_nano.a(lib_a-init.o)
 .ARM.attributes
                0x00000000000001fd       0x1b c:/st/stm32cubeide_1.4.0/stm32cubeide/plugins/com.st.stm32cube.ide.mcu.externaltools.gnu-tools-for-stm32.7-2018-q2-update.win32_1.4.0.202007081208/tools/bin/../lib/gcc/arm-none-eabi/7.3.1/../../../../arm-none-eabi/lib/thumb/v7-m\libc_nano.a(lib_a-strcmp.o)
 .ARM.attributes
                0x0000000000000218       0x1d c:/st/stm32cubeide_1.4.0/stm32cubeide/plugins/com.st.stm32cube.ide.mcu.externaltools.gnu-tools-for-stm32.7-2018-q2-update.win32_1.4.0.202007081208/tools/bin/../lib/gcc/arm-none-eabi/7.3.1/thumb/v7-m/crtn.o
OUTPUT(Arm_course.axf elf32-littlearm)

.debug_info     0x0000000000000000     0x5b12
 .debug_info    0x0000000000000000      0xca8 AE_RTOS/AE_RTOS_FIFO.o
 .debug_info    0x0000000000000ca8      0x642 AE_RTOS/CortexMx_Os_Porting.o
 .debug_info    0x00000000000012ea     0x1105 AE_RTOS/Scheduler.o
 .debug_info    0x00000000000023ef      0xda6 Src/MCAL/EXTI/EXTI.o
 .debug_info    0x0000000000003195      0xe85 Src/MCAL/SPI/SPI.o
 .debug_info    0x000000000000401a      0xdf6 Src/MCAL/USART/USART.o
 .debug_info    0x0000000000004e10      0xce0 Src/main.o
 .debug_info    0x0000000000005af0       0x22 Startup/startup_stm32f103c6tx.o

.debug_abbrev   0x0000000000000000      0xf25
 .debug_abbrev  0x0000000000000000      0x1cf AE_RTOS/AE_RTOS_FIFO.o
 .debug_abbrev  0x00000000000001cf      0x1c4 AE_RTOS/CortexMx_Os_Porting.o
 .debug_abbrev  0x0000000000000393      0x355 AE_RTOS/Scheduler.o
 .debug_abbrev  0x00000000000006e8      0x210 Src/MCAL/EXTI/EXTI.o
 .debug_abbrev  0x00000000000008f8      0x217 Src/MCAL/SPI/SPI.o
 .debug_abbrev  0x0000000000000b0f      0x22c Src/MCAL/USART/USART.o
 .debug_abbrev  0x0000000000000d3b      0x1d8 Src/main.o
 .debug_abbrev  0x0000000000000f13       0x12 Startup/startup_stm32f103c6tx.o

.debug_loc      0x0000000000000000     0x12b0
 .debug_loc     0x0000000000000000      0x1cc AE_RTOS/AE_RTOS_FIFO.o
 .debug_loc     0x00000000000001cc      0x284 AE_RTOS/CortexMx_Os_Porting.o
 .debug_loc     0x0000000000000450      0x514 AE_RTOS/Scheduler.o
 .debug_loc     0x0000000000000964      0x320 Src/MCAL/EXTI/EXTI.o
 .debug_loc     0x0000000000000c84      0x2bc Src/MCAL/SPI/SPI.o
 .debug_loc     0x0000000000000f40      0x294 Src/MCAL/USART/USART.o
 .debug_loc     0x00000000000011d4       0xdc Src/main.o

.debug_aranges  0x0000000000000000      0x2f8
 .debug_aranges
                0x0000000000000000       0x40 AE_RTOS/AE_RTOS_FIFO.o
 .debug_aranges
                0x0000000000000040       0x70 AE_RTOS/CortexMx_Os_Porting.o
 .debug_aranges
                0x00000000000000b0       0xa8 AE_RTOS/Scheduler.o
 .debug_aranges
                0x0000000000000158       0x80 Src/MCAL/EXTI/EXTI.o
 .debug_aranges
                0x00000000000001d8       0x58 Src/MCAL/SPI/SPI.o
 .debug_aranges
                0x0000000000000230       0x60 Src/MCAL/USART/USART.o
 .debug_aranges
                0x0000000000000290       0x40 Src/main.o
 .debug_aranges
                0x00000000000002d0       0x28 Startup/startup_stm32f103c6tx.o

.debug_ranges   0x0000000000000000      0x280
 .debug_ranges  0x0000000000000000       0x30 AE_RTOS/AE_RTOS_FIFO.o
 .debug_ranges  0x0000000000000030       0x60 AE_RTOS/CortexMx_Os_Porting.o
 .debug_ranges  0x0000000000000090       0x98 AE_RTOS/Scheduler.o
 .debug_ranges  0x0000000000000128       0x70 Src/MCAL/EXTI/EXTI.o
 .debug_ranges  0x0000000000000198       0x48 Src/MCAL/SPI/SPI.o
 .debug_ranges  0x00000000000001e0       0x50 Src/MCAL/USART/USART.o
 .debug_ranges  0x0000000000000230       0x30 Src/main.o
 .debug_ranges  0x0000000000000260       0x20 Startup/startup_stm32f103c6tx.o

.debug_macro    0x0000000000000000     0x40c6
 .debug_macro   0x0000000000000000      0x23d AE_RTOS/AE_RTOS_FIFO.o
 .debug_macro   0x000000000000023d      0xa60 AE_RTOS/AE_RTOS_FIFO.o
 .debug_macro   0x0000000000000c9d       0x22 AE_RTOS/AE_RTOS_FIFO.o
 .debug_macro   0x0000000000000cbf       0x40 AE_RTOS/AE_RTOS_FIFO.o
 .debug_macro   0x0000000000000cff       0x18 AE_RTOS/AE_RTOS_FIFO.o
 .debug_macro   0x0000000000000d17       0x94 AE_RTOS/AE_RTOS_FIFO.o
 .debug_macro   0x0000000000000dab       0x3c AE_RTOS/AE_RTOS_FIFO.o
 .debug_macro   0x0000000000000de7       0x34 AE_RTOS/AE_RTOS_FIFO.o
 .debug_macro   0x0000000000000e1b       0x16 AE_RTOS/AE_RTOS_FIFO.o
 .debug_macro   0x0000000000000e31       0x57 AE_RTOS/AE_RTOS_FIFO.o
 .debug_macro   0x0000000000000e88       0x97 AE_RTOS/AE_RTOS_FIFO.o
 .debug_macro   0x0000000000000f1f      0x330 AE_RTOS/AE_RTOS_FIFO.o
 .debug_macro   0x000000000000124f       0xfd AE_RTOS/AE_RTOS_FIFO.o
 .debug_macro   0x000000000000134c       0x10 AE_RTOS/AE_RTOS_FIFO.o
 .debug_macro   0x000000000000135c       0x52 AE_RTOS/AE_RTOS_FIFO.o
 .debug_macro   0x00000000000013ae       0x1f AE_RTOS/AE_RTOS_FIFO.o
 .debug_macro   0x00000000000013cd       0x43 AE_RTOS/AE_RTOS_FIFO.o
 .debug_macro   0x0000000000001410       0x20 AE_RTOS/AE_RTOS_FIFO.o
 .debug_macro   0x0000000000001430      0x1a3 AE_RTOS/AE_RTOS_FIFO.o
 .debug_macro   0x00000000000015d3       0x10 AE_RTOS/AE_RTOS_FIFO.o
 .debug_macro   0x00000000000015e3       0x6a AE_RTOS/AE_RTOS_FIFO.o
 .debug_macro   0x000000000000164d       0x1c AE_RTOS/AE_RTOS_FIFO.o
 .debug_macro   0x0000000000001669       0x52 AE_RTOS/AE_RTOS_FIFO.o
 .debug_macro   0x00000000000016bb       0x40 AE_RTOS/AE_RTOS_FIFO.o
 .debug_macro   0x00000000000016fb       0x10 AE_RTOS/AE_RTOS_FIFO.o
 .debug_macro   0x000000000000170b       0x40 AE_RTOS/AE_RTOS_FIFO.o
 .debug_macro   0x000000000000174b       0xd7 AE_RTOS/AE_RTOS_FIFO.o
 .debug_macro   0x0000000000001822       0x1c AE_RTOS/AE_RTOS_FIFO.o
 .debug_macro   0x000000000000183e       0x3d AE_RTOS/AE_RTOS_FIFO.o
 .debug_macro   0x000000000000187b       0x16 AE_RTOS/AE_RTOS_FIFO.o
 .debug_macro   0x0000000000001891      0x145 AE_RTOS/AE_RTOS_FIFO.o
 .debug_macro   0x00000000000019d6       0xef AE_RTOS/AE_RTOS_FIFO.o
 .debug_macro   0x0000000000001ac5      0x1df AE_RTOS/AE_RTOS_FIFO.o
 .debug_macro   0x0000000000001ca4       0x28 AE_RTOS/AE_RTOS_FIFO.o
 .debug_macro   0x0000000000001ccc       0x1c AE_RTOS/AE_RTOS_FIFO.o
 .debug_macro   0x0000000000001ce8       0x22 AE_RTOS/AE_RTOS_FIFO.o
 .debug_macro   0x0000000000001d0a       0xeb AE_RTOS/AE_RTOS_FIFO.o
 .debug_macro   0x0000000000001df5      0xe74 AE_RTOS/AE_RTOS_FIFO.o
 .debug_macro   0x0000000000002c69      0x11f AE_RTOS/AE_RTOS_FIFO.o
 .debug_macro   0x0000000000002d88       0x2e AE_RTOS/AE_RTOS_FIFO.o
 .debug_macro   0x0000000000002db6       0xce AE_RTOS/CortexMx_Os_Porting.o
 .debug_macro   0x0000000000002e84       0x8e AE_RTOS/CortexMx_Os_Porting.o
 .debug_macro   0x0000000000002f12       0x51 AE_RTOS/CortexMx_Os_Porting.o
 .debug_macro   0x0000000000002f63       0xf1 AE_RTOS/CortexMx_Os_Porting.o
 .debug_macro   0x0000000000003054      0x247 AE_RTOS/Scheduler.o
 .debug_macro   0x000000000000329b       0x46 AE_RTOS/Scheduler.o
 .debug_macro   0x00000000000032e1      0x32a AE_RTOS/Scheduler.o
 .debug_macro   0x000000000000360b      0x14c Src/MCAL/EXTI/EXTI.o
 .debug_macro   0x0000000000003757      0x214 Src/MCAL/EXTI/EXTI.o
 .debug_macro   0x000000000000396b      0x15e Src/MCAL/SPI/SPI.o
 .debug_macro   0x0000000000003ac9       0xbe Src/MCAL/SPI/SPI.o
 .debug_macro   0x0000000000003b87      0x17d Src/MCAL/USART/USART.o
 .debug_macro   0x0000000000003d04       0xdc Src/MCAL/USART/USART.o
 .debug_macro   0x0000000000003de0      0x27b Src/main.o
 .debug_macro   0x000000000000405b       0x16 Src/main.o
 .debug_macro   0x0000000000004071       0x35 Src/main.o
 .debug_macro   0x00000000000040a6       0x20 Src/main.o

.debug_line     0x0000000000000000     0x3282
 .debug_line    0x0000000000000000      0x71f AE_RTOS/AE_RTOS_FIFO.o
 .debug_line    0x000000000000071f      0x568 AE_RTOS/CortexMx_Os_Porting.o
 .debug_line    0x0000000000000c87      0x8f5 AE_RTOS/Scheduler.o
 .debug_line    0x000000000000157c      0x726 Src/MCAL/EXTI/EXTI.o
 .debug_line    0x0000000000001ca2      0x693 Src/MCAL/SPI/SPI.o
 .debug_line    0x0000000000002335      0x77e Src/MCAL/USART/USART.o
 .debug_line    0x0000000000002ab3      0x74b Src/main.o
 .debug_line    0x00000000000031fe       0x84 Startup/startup_stm32f103c6tx.o

.debug_str      0x0000000000000000    0x12a90
 .debug_str     0x0000000000000000     0xe75a AE_RTOS/AE_RTOS_FIFO.o
                                       0xe9dc (size before relaxing)
 .debug_str     0x000000000000e75a      0x345 AE_RTOS/CortexMx_Os_Porting.o
                                       0xa74c (size before relaxing)
 .debug_str     0x000000000000ea9f      0x303 AE_RTOS/Scheduler.o
                                       0xecb6 (size before relaxing)
 .debug_str     0x000000000000eda2     0x2d82 Src/MCAL/EXTI/EXTI.o
                                       0x90a6 (size before relaxing)
 .debug_str     0x0000000000011b24      0x67b Src/MCAL/SPI/SPI.o
                                       0x7f5a (size before relaxing)
 .debug_str     0x000000000001219f      0x7c3 Src/MCAL/USART/USART.o
                                       0x962c (size before relaxing)
 .debug_str     0x0000000000012962       0xfd Src/main.o
                                       0xea69 (size before relaxing)
 .debug_str     0x0000000000012a5f       0x31 Startup/startup_stm32f103c6tx.o
                                         0x6e (size before relaxing)

.comment        0x0000000000000000       0x7b
 .comment       0x0000000000000000       0x7b AE_RTOS/AE_RTOS_FIFO.o
                                         0x7c (size before relaxing)
 .comment       0x000000000000007b       0x7c AE_RTOS/CortexMx_Os_Porting.o
 .comment       0x000000000000007b       0x7c AE_RTOS/Scheduler.o
 .comment       0x000000000000007b       0x7c Src/MCAL/EXTI/EXTI.o
 .comment       0x000000000000007b       0x7c Src/MCAL/SPI/SPI.o
 .comment       0x000000000000007b       0x7c Src/MCAL/USART/USART.o
 .comment       0x000000000000007b       0x7c Src/main.o

.debug_frame    0x0000000000000000      0x9d8
 .debug_frame   0x0000000000000000       0xd8 AE_RTOS/AE_RTOS_FIFO.o
 .debug_frame   0x00000000000000d8      0x160 AE_RTOS/CortexMx_Os_Porting.o
 .debug_frame   0x0000000000000238      0x278 AE_RTOS/Scheduler.o
 .debug_frame   0x00000000000004b0      0x1b0 Src/MCAL/EXTI/EXTI.o
 .debug_frame   0x0000000000000660      0x144 Src/MCAL/SPI/SPI.o
 .debug_frame   0x00000000000007a4      0x14c Src/MCAL/USART/USART.o
 .debug_frame   0x00000000000008f0       0x9c Src/main.o
 .debug_frame   0x000000000000098c       0x2c c:/st/stm32cubeide_1.4.0/stm32cubeide/plugins/com.st.stm32cube.ide.mcu.externaltools.gnu-tools-for-stm32.7-2018-q2-update.win32_1.4.0.202007081208/tools/bin/../lib/gcc/arm-none-eabi/7.3.1/../../../../arm-none-eabi/lib/thumb/v7-m\libc_nano.a(lib_a-init.o)
 .debug_frame   0x00000000000009b8       0x20 c:/st/stm32cubeide_1.4.0/stm32cubeide/plugins/com.st.stm32cube.ide.mcu.externaltools.gnu-tools-for-stm32.7-2018-q2-update.win32_1.4.0.202007081208/tools/bin/../lib/gcc/arm-none-eabi/7.3.1/../../../../arm-none-eabi/lib/thumb/v7-m\libc_nano.a(lib_a-strcmp.o)
