Archive member included to satisfy reference by file (symbol)

c:/st/stm32cubeide_1.4.0/stm32cubeide/plugins/com.st.stm32cube.ide.mcu.externaltools.gnu-tools-for-stm32.7-2018-q2-update.win32_1.4.0.202007081208/tools/bin/../lib/gcc/arm-none-eabi/7.3.1/../../../../arm-none-eabi/lib/thumb/v7-m\libc_nano.a(lib_a-errno.o)
                              Src/syscalls.o (__errno)
c:/st/stm32cubeide_1.4.0/stm32cubeide/plugins/com.st.stm32cube.ide.mcu.externaltools.gnu-tools-for-stm32.7-2018-q2-update.win32_1.4.0.202007081208/tools/bin/../lib/gcc/arm-none-eabi/7.3.1/../../../../arm-none-eabi/lib/thumb/v7-m\libc_nano.a(lib_a-exit.o)
                              c:/st/stm32cubeide_1.4.0/stm32cubeide/plugins/com.st.stm32cube.ide.mcu.externaltools.gnu-tools-for-stm32.7-2018-q2-update.win32_1.4.0.202007081208/tools/bin/../lib/gcc/arm-none-eabi/7.3.1/../../../../arm-none-eabi/lib/thumb/v7-m/crt0.o (exit)
c:/st/stm32cubeide_1.4.0/stm32cubeide/plugins/com.st.stm32cube.ide.mcu.externaltools.gnu-tools-for-stm32.7-2018-q2-update.win32_1.4.0.202007081208/tools/bin/../lib/gcc/arm-none-eabi/7.3.1/../../../../arm-none-eabi/lib/thumb/v7-m\libc_nano.a(lib_a-impure.o)
                              c:/st/stm32cubeide_1.4.0/stm32cubeide/plugins/com.st.stm32cube.ide.mcu.externaltools.gnu-tools-for-stm32.7-2018-q2-update.win32_1.4.0.202007081208/tools/bin/../lib/gcc/arm-none-eabi/7.3.1/../../../../arm-none-eabi/lib/thumb/v7-m\libc_nano.a(lib_a-exit.o) (_global_impure_ptr)
c:/st/stm32cubeide_1.4.0/stm32cubeide/plugins/com.st.stm32cube.ide.mcu.externaltools.gnu-tools-for-stm32.7-2018-q2-update.win32_1.4.0.202007081208/tools/bin/../lib/gcc/arm-none-eabi/7.3.1/../../../../arm-none-eabi/lib/thumb/v7-m\libc_nano.a(lib_a-init.o)
                              c:/st/stm32cubeide_1.4.0/stm32cubeide/plugins/com.st.stm32cube.ide.mcu.externaltools.gnu-tools-for-stm32.7-2018-q2-update.win32_1.4.0.202007081208/tools/bin/../lib/gcc/arm-none-eabi/7.3.1/../../../../arm-none-eabi/lib/thumb/v7-m/crt0.o (__libc_init_array)
c:/st/stm32cubeide_1.4.0/stm32cubeide/plugins/com.st.stm32cube.ide.mcu.externaltools.gnu-tools-for-stm32.7-2018-q2-update.win32_1.4.0.202007081208/tools/bin/../lib/gcc/arm-none-eabi/7.3.1/../../../../arm-none-eabi/lib/thumb/v7-m\libc_nano.a(lib_a-memset.o)
                              c:/st/stm32cubeide_1.4.0/stm32cubeide/plugins/com.st.stm32cube.ide.mcu.externaltools.gnu-tools-for-stm32.7-2018-q2-update.win32_1.4.0.202007081208/tools/bin/../lib/gcc/arm-none-eabi/7.3.1/../../../../arm-none-eabi/lib/thumb/v7-m/crt0.o (memset)
c:/st/stm32cubeide_1.4.0/stm32cubeide/plugins/com.st.stm32cube.ide.mcu.externaltools.gnu-tools-for-stm32.7-2018-q2-update.win32_1.4.0.202007081208/tools/bin/../lib/gcc/arm-none-eabi/7.3.1/../../../../arm-none-eabi/lib/thumb/v7-m\libc_nano.a(lib_a-strcmp.o)
                              AE_RTOS/Scheduler.o (strcmp)

Allocating common symbols
Common symbol       size              file

task2LED            0x1               Src/main.o
RTOS_IDLE_Task      0x44              AE_RTOS/Scheduler.o
OS_Control          0x1ac             AE_RTOS/Scheduler.o
task3LED            0x1               Src/main.o
ReadyQueue          0x14              AE_RTOS/Scheduler.o
Task1               0x44              Src/main.o
ReadyQueue_FIFO     0x190             AE_RTOS/Scheduler.o
Task3               0x44              Src/main.o
Global_ptr_callBack
                    0x3c              Src/MCAL/EXTI/EXTI.o
task1LED            0x1               Src/main.o
Task2               0x44              Src/main.o
IdleTaskLed         0x1               AE_RTOS/Scheduler.o
SystikLED           0x1               AE_RTOS/CortexMx_Os_Porting.o

Discarded input sections

 .text          0x0000000000000000        0x0 c:/st/stm32cubeide_1.4.0/stm32cubeide/plugins/com.st.stm32cube.ide.mcu.externaltools.gnu-tools-for-stm32.7-2018-q2-update.win32_1.4.0.202007081208/tools/bin/../lib/gcc/arm-none-eabi/7.3.1/thumb/v7-m/crti.o
 .data          0x0000000000000000        0x0 c:/st/stm32cubeide_1.4.0/stm32cubeide/plugins/com.st.stm32cube.ide.mcu.externaltools.gnu-tools-for-stm32.7-2018-q2-update.win32_1.4.0.202007081208/tools/bin/../lib/gcc/arm-none-eabi/7.3.1/thumb/v7-m/crti.o
 .bss           0x0000000000000000        0x0 c:/st/stm32cubeide_1.4.0/stm32cubeide/plugins/com.st.stm32cube.ide.mcu.externaltools.gnu-tools-for-stm32.7-2018-q2-update.win32_1.4.0.202007081208/tools/bin/../lib/gcc/arm-none-eabi/7.3.1/thumb/v7-m/crti.o
 .data          0x0000000000000000        0x4 c:/st/stm32cubeide_1.4.0/stm32cubeide/plugins/com.st.stm32cube.ide.mcu.externaltools.gnu-tools-for-stm32.7-2018-q2-update.win32_1.4.0.202007081208/tools/bin/../lib/gcc/arm-none-eabi/7.3.1/thumb/v7-m/crtbegin.o
 .text          0x0000000000000000       0x74 c:/st/stm32cubeide_1.4.0/stm32cubeide/plugins/com.st.stm32cube.ide.mcu.externaltools.gnu-tools-for-stm32.7-2018-q2-update.win32_1.4.0.202007081208/tools/bin/../lib/gcc/arm-none-eabi/7.3.1/../../../../arm-none-eabi/lib/thumb/v7-m/crt0.o
[...]
Memory Configuration

Name             Origin             Length             Attributes
RAM              0x0000000020000000 0x0000000000002800 xrw
ROM              0x0000000008000000 0x0000000000008000 xr
*default*        0x0000000000000000 0xffffffffffffffff

Linker script and memory map

LOAD c:/st/stm32cubeide_1.4.0/stm32cubeide/plugins/com.st.stm32cube.ide.mcu.externaltools.gnu-tools-for-stm32.7-2018-q2-update.win32_1.4.0.202007081208/tools/bin/../lib/gcc/arm-none-eabi/7.3.1/thumb/v7-m/crti.o
LOAD c:/st/stm32cubeide_1.4.0/stm32cubeide/plugins/com.st.stm32cube.ide.mcu.externaltools.gnu-tools-for-stm32.7-2018-q2-update.win32_1.4.0.202007081208/tools/bin/../lib/gcc/arm-none-eabi/7.3.1/thumb/v7-m/crtbegin.o
LOAD c:/st/stm32cubeide_1.4.0/stm32cubeide/plugins/com.st.stm32cube.ide.mcu.externaltools.gnu-tools-for-stm32.7-2018-q2-update.win32_1.4.0.202007081208/tools/bin/../lib/gcc/arm-none-eabi/7.3.1/../../../../arm-none-eabi/lib/thumb/v7-m/crt0.o
LOAD AE_RTOS/AE_RTOS_FIFO.o
LOAD AE_RTOS/CortexMx_Os_Porting.o
LOAD AE_RTOS/Scheduler.o
LOAD Src/HAL/KEYPAD/KEYPAD.o
LOAD Src/HAL/LCD/LCD.o
LOAD Src/MCAL/EXTI/EXTI.o
LOAD Src/MCAL/GPIO/GPIO.o
LOAD Src/MCAL/I2C/I2C.o
LOAD Src/MCAL/RCC/RCC.o
LOAD Src/MCAL/SPI/SPI.o
LOAD Src/MCAL/USART/USART.o
LOAD Src/main.o
LOAD Src/syscalls.o
LOAD Src/sysmem.o
LOAD Startup/startup_stm32f103c6tx.o
START GROUP
LOAD c:/st/stm32cubeide_1.4.0/stm32cubeide/plugins/com.st.stm32cube.ide.mcu.externaltools.gnu-tools-for-stm32.7-2018-q2-update.win32_1.4.0.202007081208/tools/bin/../lib/gcc/arm-none-eabi/7.3.1/../../../../arm-none-eabi/lib/thumb/v7-m\libc_nano.a
LOAD c:/st/stm32cubeide_1.4.0/stm32cubeide/plugins/com.st.stm32cube.ide.mcu.externaltools.gnu-tools-for-stm32.7-2018-q2-update.win32_1.4.0.202007081208/tools/bin/../lib/gcc/arm-none-eabi/7.3.1/../../../../arm-none-eabi/lib/thumb/v7-m\libm.a
END GROUP
START GROUP
LOAD c:/st/stm32cubeide_1.4.0/stm32cubeide/plugins/com.st.stm32cube.ide.mcu.externaltools.gnu-tools-for-stm32.7-2018-q2-update.win32_1.4.0.202007081208/tools/bin/../lib/gcc/arm-none-eabi/7.3.1/thumb/v7-m\libgcc.a
LOAD c:/st/stm32cubeide_1.4.0/stm32cubeide/plugins/com.st.stm32cube.ide.mcu.externaltools.gnu-tools-for-stm32.7-2018-q2-update.win32_1.4.0.202007081208/tools/bin/../lib/gcc/arm-none-eabi/7.3.1/../../../../arm-none-eabi/lib/thumb/v7-m\libc_nano.a
END GROUP
START GROUP
LOAD c:/st/stm32cubeide_1.4.0/stm32cubeide/plugins/com.st.stm32cube.ide.mcu.externaltools.gnu-tools-for-stm32.7-2018-q2-update.win32_1.4.0.202007081208/tools/bin/../lib/gcc/arm-none-eabi/7.3.1/thumb/v7-m\libgcc.a
LOAD c:/st/stm32cubeide_1.4.0/stm32cubeide/plugins/com.st.stm32cube.ide.mcu.externaltools.gnu-tools-for-stm32.7-2018-q2-update.win32_1.4.0.202007081208/tools/bin/../lib/gcc/arm-none-eabi/7.3.1/../../../../arm-none-eabi/lib/thumb/v7-m\libc_nano.a
LOAD c:/st/stm32cubeide_1.4.0/stm32cubeide/plugins/com.st.stm32cube.ide.mcu.externaltools.gnu-tools-for-stm32.7-2018-q2-update.win32_1.4.0.202007081208/tools/bin/../lib/gcc/arm-none-eabi/7.3.1/../../../../arm-none-eabi/lib/thumb/v7-m\libnosys.a
END GROUP
START GROUP
LOAD c:/st/stm32cubeide_1.4.0/stm32cubeide/plugins/com.st.stm32cube.ide.mcu.externaltools.gnu-tools-for-stm32.7-2018-q2-update.win32_1.4.0.202007081208/tools/bin/../lib/gcc/arm-none-eabi/7.3.1/thumb/v7-m\libgcc.a
LOAD c:/st/stm32cubeide_1.4.0/stm32cubeide/plugins/com.st.stm32cube.ide.mcu.externaltools.gnu-tools-for-stm32.7-2018-q2-update.win32_1.4.0.202007081208/tools/bin/../lib/gcc/arm-none-eabi/7.3.1/../../../../arm-none-eabi/lib/thumb/v7-m\libc_nano.a
LOAD c:/st/stm32cubeide_1.4.0/stm32cubeide/plugins/com.st.stm32cube.ide.mcu.externaltools.gnu-tools-for-stm32.7-2018-q2-update.win32_1.4.0.202007081208/tools/bin/../lib/gcc/arm-none-eabi/7.3.1/../../../../arm-none-eabi/lib/thumb/v7-m\libnosys.a
END GROUP
LOAD c:/st/stm32cubeide_1.4.0/stm32cubeide/plugins/com.st.stm32cube.ide.mcu.externaltools.gnu-tools-for-stm32.7-2018-q2-update.win32_1.4.0.202007081208/tools/bin/../lib/gcc/arm-none-eabi/7.3.1/thumb/v7-m/crtend.o
LOAD c:/st/stm32cubeide_1.4.0/stm32cubeide/plugins/com.st.stm32cube.ide.mcu.externaltools.gnu-tools-for-stm32.7-2018-q2-update.win32_1.4.0.202007081208/tools/bin/../lib/gcc/arm-none-eabi/7.3.1/thumb/v7-m/crtn.o
                0x0000000020002800                _estack = (ORIGIN (RAM) + LENGTH (RAM))
                0x0000000000000200                _Min_Heap_Size = 0x200
                0x0000000000000400                _Min_Stack_Size = 0x400

.isr_vector     0x0000000008000000      0x130
                0x0000000008000000                . = ALIGN (0x4)
 *(.isr_vector)
 .isr_vector    0x0000000008000000      0x130 Startup/startup_stm32f103c6tx.o
                0x0000000008000000                g_pfnVectors
                0x0000000008000130                . = ALIGN (0x4)

.text           0x0000000008000130      0xe64
                0x0000000008000130                . = ALIGN (0x4)
 *(.text)
 .text          0x0000000008000130       0x40 c:/st/stm32cubeide_1.4.0/stm32cubeide/plugins/com.st.stm32cube.ide.mcu.externaltools.gnu-tools-for-stm32.7-2018-q2-update.win32_1.4.0.202007081208/tools/bin/../lib/gcc/arm-none-eabi/7.3.1/thumb/v7-m/crtbegin.o
 .text          0x0000000008000170       0x14 c:/st/stm32cubeide_1.4.0/stm32cubeide/plugins/com.st.stm32cube.ide.mcu.externaltools.gnu-tools-for-stm32.7-2018-q2-update.win32_1.4.0.202007081208/tools/bin/../lib/gcc/arm-none-eabi/7.3.1/../../../../arm-none-eabi/lib/thumb/v7-m\libc_nano.a(lib_a-strcmp.o)
                0x0000000008000170                strcmp
 *(.text*)
 .text.FIFO_init
                0x0000000008000184       0x44 AE_RTOS/AE_RTOS_FIFO.o
                0x0000000008000184                FIFO_init
 .text.FIFO_enqueue
                0x00000000080001c8       0x84 AE_RTOS/AE_RTOS_FIFO.o
                0x00000000080001c8                FIFO_enqueue
 .text.FIFO_dequeue
                0x000000000800024c       0x7a AE_RTOS/AE_RTOS_FIFO.o
                0x000000000800024c                FIFO_dequeue
 *fill*         0x00000000080002c6        0x2 
 .text.__NVIC_SetPriority
                0x00000000080002c8       0x54 AE_RTOS/CortexMx_Os_Porting.o
 .text.SysTick_Config
                0x000000000800031c       0x44 AE_RTOS/CortexMx_Os_Porting.o
 .text.HardFault_Handler
                0x0000000008000360        0x6 AE_RTOS/CortexMx_Os_Porting.o
                0x0000000008000360                HardFault_Handler
 .text.MemManage_Handler
                0x0000000008000366        0x6 AE_RTOS/CortexMx_Os_Porting.o
                0x0000000008000366                MemManage_Handler
 .text.BusFault_Handler
                0x000000000800036c        0x6 AE_RTOS/CortexMx_Os_Porting.o
                0x000000000800036c                BusFault_Handler
 .text.UsageFault_Handler
                0x0000000008000372        0x6 AE_RTOS/CortexMx_Os_Porting.o
                0x0000000008000372                UsageFault_Handler
 .text.SysTick_Handler
                0x0000000008000378       0x24 AE_RTOS/CortexMx_Os_Porting.o
                0x0000000008000378                SysTick_Handler
 .text.SVC_Handler
                0x000000000800039c       0x14 AE_RTOS/CortexMx_Os_Porting.o
                0x000000000800039c                SVC_Handler
 .text.HW_Init  0x00000000080003b0       0x12 AE_RTOS/CortexMx_Os_Porting.o
                0x00000000080003b0                HW_Init
 *fill*         0x00000000080003c2        0x2 
 .text.trigger_OS_PendSV
                0x00000000080003c4       0x1c AE_RTOS/CortexMx_Os_Porting.o
                0x00000000080003c4                trigger_OS_PendSV
 .text.System_Start_Ticker
                0x00000000080003e0       0x10 AE_RTOS/CortexMx_Os_Porting.o
                0x00000000080003e0                System_Start_Ticker
 .text.PendSV_Handler
                0x00000000080003f0      0x1b8 AE_RTOS/Scheduler.o
                0x00000000080003f0                PendSV_Handler
 .text.RTOS_PrivCreate_MainStack
                0x00000000080005a8       0x50 AE_RTOS/Scheduler.o
                0x00000000080005a8                RTOS_PrivCreate_MainStack
 .text.RTOS_privIdleTask
                0x00000000080005f8       0x1c AE_RTOS/Scheduler.o
                0x00000000080005f8                RTOS_privIdleTask
 .text.RTOS_PrivCreate_Stack
                0x0000000008000614       0x7c AE_RTOS/Scheduler.o
                0x0000000008000614                RTOS_PrivCreate_Stack
 .text.RTOS_Tasks_Sorting
                0x0000000008000690       0x90 AE_RTOS/Scheduler.o
                0x0000000008000690                RTOS_Tasks_Sorting
 .text.RTOS_Update_SchedulerTable
                0x0000000008000720       0xc0 AE_RTOS/Scheduler.o
                0x0000000008000720                RTOS_Update_SchedulerTable
 .text.RTOS_Select_Next_Task
                0x00000000080007e0       0xa4 AE_RTOS/Scheduler.o
                0x00000000080007e0                RTOS_Select_Next_Task
 .text.OS_SVC_Services
                0x0000000008000884       0x60 AE_RTOS/Scheduler.o
                0x0000000008000884                OS_SVC_Services
 .text.Os_SVC_Set
                0x00000000080008e4       0x2e AE_RTOS/Scheduler.o
                0x00000000080008e4                Os_SVC_Set
 *fill*         0x0000000008000912        0x2 
 .text.RTOS_Init
                0x0000000008000914       0x80 AE_RTOS/Scheduler.o
                0x0000000008000914                RTOS_Init
 .text.RTOS_Create_Task
                0x0000000008000994       0x7c AE_RTOS/Scheduler.o
                0x0000000008000994                RTOS_Create_Task
 .text.RTOS_Activate_Task
                0x0000000008000a10       0x24 AE_RTOS/Scheduler.o
                0x0000000008000a10                RTOS_Activate_Task
 .text.RTOS_StartOS
                0x0000000008000a34       0x68 AE_RTOS/Scheduler.o
                0x0000000008000a34                RTOS_StartOS
 .text.EXTI0_IRQHandler
                0x0000000008000a9c       0x24 Src/MCAL/EXTI/EXTI.o
                0x0000000008000a9c                EXTI0_IRQHandler
 .text.EXTI1_IRQHandler
                0x0000000008000ac0       0x24 Src/MCAL/EXTI/EXTI.o
                0x0000000008000ac0                EXTI1_IRQHandler
 .text.EXTI2_IRQHandler
                0x0000000008000ae4       0x24 Src/MCAL/EXTI/EXTI.o
                0x0000000008000ae4                EXTI2_IRQHandler
 .text.EXTI3_IRQHandler
                0x0000000008000b08       0x24 Src/MCAL/EXTI/EXTI.o
                0x0000000008000b08                EXTI3_IRQHandler
 .text.EXTI4_IRQHandler
                0x0000000008000b2c       0x24 Src/MCAL/EXTI/EXTI.o
                0x0000000008000b2c                EXTI4_IRQHandler
 .text.EXTI9_5_IRQHandler
                0x0000000008000b50       0xa8 Src/MCAL/EXTI/EXTI.o
                0x0000000008000b50                EXTI9_5_IRQHandler
 .text.EXTI15_10_IRQHandler
                0x0000000008000bf8       0xc4 Src/MCAL/EXTI/EXTI.o
                0x0000000008000bf8                EXTI15_10_IRQHandler
 .text.SPI1_IRQHandler
                0x0000000008000cbc       0x5c Src/MCAL/SPI/SPI.o
                0x0000000008000cbc                SPI1_IRQHandler
 .text.SPI2_IRQHandler
                0x0000000008000d18       0x5c Src/MCAL/SPI/SPI.o
                0x0000000008000d18                SPI2_IRQHandler
 .text.USART1_IRQHandler
                0x0000000008000d74       0x14 Src/MCAL/USART/USART.o
                0x0000000008000d74                USART1_IRQHandler
 .text.USART2_IRQHandler
                0x0000000008000d88       0x14 Src/MCAL/USART/USART.o
                0x0000000008000d88                USART2_IRQHandler
 .text.USART3_IRQHandler
                0x0000000008000d9c       0x14 Src/MCAL/USART/USART.o
                0x0000000008000d9c                USART3_IRQHandler
 .text.task1_fun
                0x0000000008000db0       0x18 Src/main.o
                0x0000000008000db0                task1_fun
 .text.task2_fun
                0x0000000008000dc8       0x18 Src/main.o
                0x0000000008000dc8                task2_fun
 .text.task3_fun
                0x0000000008000de0       0x18 Src/main.o
                0x0000000008000de0                task3_fun
 .text.main     0x0000000008000df8       0xe8 Src/main.o
                0x0000000008000df8                main
 .text.Reset_Handler
                0x0000000008000ee0       0x50 Startup/startup_stm32f103c6tx.o
                0x0000000008000ee0                Reset_Handler
 .text.Default_Handler
                0x0000000008000f30        0x2 Startup/startup_stm32f103c6tx.o
                0x0000000008000f30                TIM8_TRG_COM_IRQHandler
                0x0000000008000f30                TIM8_CC_IRQHandler
                0x0000000008000f30                DebugMon_Handler
                0x0000000008000f30                TIM1_CC_IRQHandler
                0x0000000008000f30                TIM6_IRQHandler
                0x0000000008000f30                PVD_IRQHandler
                0x0000000008000f30                SDIO_IRQHandler
                0x0000000008000f30                NMI_Handler
                0x0000000008000f30                USB_HP_CAN_TX_IRQHandler
                0x0000000008000f30                I2C2_EV_IRQHandler
                0x0000000008000f30                ADC1_2_IRQHandler
                0x0000000008000f30                CAN_SCE_IRQHandler
                0x0000000008000f30                TAMPER_IRQHandler
                0x0000000008000f30                TIM8_UP_IRQHandler
                0x0000000008000f30                DMA2_Channel2_IRQHandler
                0x0000000008000f30                DMA1_Channel4_IRQHandler
                0x0000000008000f30                RTC_IRQHandler
                0x0000000008000f30                DMA1_Channel7_IRQHandler
                0x0000000008000f30                UART5_IRQHandler
                0x0000000008000f30                ADC3_IRQHandler
                0x0000000008000f30                TIM4_IRQHandler
                0x0000000008000f30                CAN_RX1_IRQHandler
                0x0000000008000f30                DMA2_Channel1_IRQHandler
                0x0000000008000f30                I2C1_EV_IRQHandler
                0x0000000008000f30                DMA1_Channel6_IRQHandler
                0x0000000008000f30                UART4_IRQHandler
                0x0000000008000f30                TIM3_IRQHandler
                0x0000000008000f30                RCC_IRQHandler
                0x0000000008000f30                TIM1_TRG_COM_IRQHandler
                0x0000000008000f30                DMA1_Channel1_IRQHandler
                0x0000000008000f30                Default_Handler
                0x0000000008000f30                TIM7_IRQHandler
                0x0000000008000f30                TIM5_IRQHandler
                0x0000000008000f30                USB_LP_CAN_RX0_IRQHandler
                0x0000000008000f30                DMA1_Channel5_IRQHandler
                0x0000000008000f30                DMA1_Channel3_IRQHandler
                0x0000000008000f30                FSMC_IRQHandler
                0x0000000008000f30                TIM1_UP_IRQHandler
                0x0000000008000f30                WWDG_IRQHandler
                0x0000000008000f30                TIM2_IRQHandler
                0x0000000008000f30                TIM1_BRK_IRQHandler
                0x0000000008000f30                RTCAlarm_IRQHandler
                0x0000000008000f30                DMA2_Channel4_5_IRQHandler
                0x0000000008000f30                I2C2_ER_IRQHandler
                0x0000000008000f30                DMA1_Channel2_IRQHandler
                0x0000000008000f30                TIM8_BRK_IRQHandler
                0x0000000008000f30                FLASH_IRQHandler
                0x0000000008000f30                SPI3_IRQHandler
                0x0000000008000f30                I2C1_ER_IRQHandler
                0x0000000008000f30                DMA2_Channel3_IRQHandler
 *fill*         0x0000000008000f32        0x2 
 .text.__libc_init_array
                0x0000000008000f34       0x48 c:/st/stm32cubeide_1.4.0/stm32cubeide/plugins/com.st.stm32cube.ide.mcu.externaltools.gnu-tools-for-stm32.7-2018-q2-update.win32_1.4.0.202007081208/tools/bin/../lib/gcc/arm-none-eabi/7.3.1/../../../../arm-none-eabi/lib/thumb/v7-m\libc_nano.a(lib_a-init.o)
                0x0000000008000f34                __libc_init_array
 *(.glue_7)
 .glue_7        0x0000000008000f7c        0x0 linker stubs
 *(.glue_7t)
 .glue_7t       0x0000000008000f7c        0x0 linker stubs
 *(.eh_frame)
 .eh_frame      0x0000000008000f7c        0x0 c:/st/stm32cubeide_1.4.0/stm32cubeide/plugins/com.st.stm32cube.ide.mcu.externaltools.gnu-tools-for-stm32.7-2018-q2-update.win32_1.4.0.202007081208/tools/bin/../lib/gcc/arm-none-eabi/7.3.1/thumb/v7-m/crtbegin.o
 *(.init)
 .init          0x0000000008000f7c        0x4 c:/st/stm32cubeide_1.4.0/stm32cubeide/plugins/com.st.stm32cube.ide.mcu.externaltools.gnu-tools-for-stm32.7-2018-q2-update.win32_1.4.0.202007081208/tools/bin/../lib/gcc/arm-none-eabi/7.3.1/thumb/v7-m/crti.o
                0x0000000008000f7c                _init
 .init          0x0000000008000f80        0x8 c:/st/stm32cubeide_1.4.0/stm32cubeide/plugins/com.st.stm32cube.ide.mcu.externaltools.gnu-tools-for-stm32.7-2018-q2-update.win32_1.4.0.202007081208/tools/bin/../lib/gcc/arm-none-eabi/7.3.1/thumb/v7-m/crtn.o
 *(.fini)
 .fini          0x0000000008000f88        0x4 c:/st/stm32cubeide_1.4.0/stm32cubeide/plugins/com.st.stm32cube.ide.mcu.externaltools.gnu-tools-for-stm32.7-2018-q2-update.win32_1.4.0.202007081208/tools/bin/../lib/gcc/arm-none-eabi/7.3.1/thumb/v7-m/crti.o
                0x0000000008000f88                _fini
 .fini          0x0000000008000f8c        0x8 c:/st/stm32cubeide_1.4.0/stm32cubeide/plugins/com.st.stm32cube.ide.mcu.externaltools.gnu-tools-for-stm32.7-2018-q2-update.win32_1.4.0.202007081208/tools/bin/../lib/gcc/arm-none-eabi/7.3.1/thumb/v7-m/crtn.o
                0x0000000008000f94                . = ALIGN (0x4)
                0x0000000008000f94                _etext = .

.vfp11_veneer   0x0000000008000f94        0x0
 .vfp11_veneer  0x0000000008000f94        0x0 linker stubs

.v4_bx          0x0000000008000f94        0x0
 .v4_bx         0x0000000008000f94        0x0 linker stubs

.iplt           0x0000000008000f94        0x0
 .iplt          0x0000000008000f94        0x0 c:/st/stm32cubeide_1.4.0/stm32cubeide/plugins/com.st.stm32cube.ide.mcu.externaltools.gnu-tools-for-stm32.7-2018-q2-update.win32_1.4.0.202007081208/tools/bin/../lib/gcc/arm-none-eabi/7.3.1/thumb/v7-m/crtbegin.o

.rodata         0x0000000008000f94       0x24
                0x0000000008000f94                . = ALIGN (0x4)
 *(.rodata)
 .rodata        0x0000000008000f94        0xa AE_RTOS/Scheduler.o
 *fill*         0x0000000008000f9e        0x2 
 .rodata        0x0000000008000fa0       0x17 Src/main.o
 *(.rodata*)
                0x0000000008000fb8                . = ALIGN (0x4)
 *fill*         0x0000000008000fb7        0x1 

.rel.dyn        0x0000000008000fb8        0x0
 .rel.iplt      0x0000000008000fb8        0x0 c:/st/stm32cubeide_1.4.0/stm32cubeide/plugins/com.st.stm32cube.ide.mcu.externaltools.gnu-tools-for-stm32.7-2018-q2-update.win32_1.4.0.202007081208/tools/bin/../lib/gcc/arm-none-eabi/7.3.1/thumb/v7-m/crtbegin.o

.ARM.extab      0x0000000008000fb8        0x0
                0x0000000008000fb8                . = ALIGN (0x4)
 *(.ARM.extab* .gnu.linkonce.armextab.*)
                0x0000000008000fb8                . = ALIGN (0x4)

.ARM            0x0000000008000fb8        0x0
                0x0000000008000fb8                . = ALIGN (0x4)
                0x0000000008000fb8                __exidx_start = .
 *(.ARM.exidx*)
                0x0000000008000fb8                __exidx_end = .
                0x0000000008000fb8                . = ALIGN (0x4)

.preinit_array  0x0000000008000fb8        0x0
                0x0000000008000fb8                . = ALIGN (0x4)
                0x0000000008000fb8                PROVIDE (__preinit_array_start = .)
 *(.preinit_array*)
                0x0000000008000fb8                PROVIDE (__preinit_array_end = .)
                0x0000000008000fb8                . = ALIGN (0x4)

.init_array     0x0000000008000fb8        0x4
                0x0000000008000fb8                . = ALIGN (0x4)
                0x0000000008000fb8                PROVIDE (__init_array_start = .)
 *(SORT_BY_NAME(.init_array.*))
 *(.init_array*)
 .init_array    0x0000000008000fb8        0x4 c:/st/stm32cubeide_1.4.0/stm32cubeide/plugins/com.st.stm32cube.ide.mcu.externaltools.gnu-tools-for-stm32.7-2018-q2-update.win32_1.4.0.202007081208/tools/bin/../lib/gcc/arm-none-eabi/7.3.1/thumb/v7-m/crtbegin.o
                0x0000000008000fbc                PROVIDE (__init_array_end = .)
                0x0000000008000fbc                . = ALIGN (0x4)

.fini_array     0x0000000008000fbc        0x4
                0x0000000008000fbc                . = ALIGN (0x4)
                [!provide]                        PROVIDE (__fini_array_start = .)
 *(SORT_BY_NAME(.fini_array.*))
 *(.fini_array*)
 .fini_array    0x0000000008000fbc        0x4 c:/st/stm32cubeide_1.4.0/stm32cubeide/plugins/com.st.stm32cube.ide.mcu.externaltools.gnu-tools-for-stm32.7-2018-q2-update.win32_1.4.0.202007081208/tools/bin/../lib/gcc/arm-none-eabi/7.3.1/thumb/v7-m/crtbegin.o
                [!provide]                        PROVIDE (__fini_array_end = .)
                0x0000000008000fc0                . = ALIGN (0x4)
                0x0000000008000fc0                _sidata = LOADADDR (.data)

.data           0x0000000020000000        0x0 load address 0x0000000008000fc0
                0x0000000020000000                . = ALIGN (0x4)
                0x0000000020000000                _sdata = .
 *(.data)
 *(.data*)
                0x0000000020000000                . = ALIGN (0x4)
                0x0000000020000000                _edata = .

.igot.plt       0x0000000020000000        0x0 load address 0x0000000008000fc0
 .igot.plt      0x0000000020000000        0x0 c:/st/stm32cubeide_1.4.0/stm32cubeide/plugins/com.st.stm32cube.ide.mcu.externaltools.gnu-tools-for-stm32.7-2018-q2-update.win32_1.4.0.202007081208/tools/bin/../lib/gcc/arm-none-eabi/7.3.1/thumb/v7-m/crtbegin.o
                0x0000000020000000                . = ALIGN (0x4)

.bss            0x0000000020000000      0x4d4 load address 0x0000000008000fc0
                0x0000000020000000                _sbss = .
                0x0000000020000000                __bss_start__ = _sbss
 *(.bss)
 .bss           0x0000000020000000       0x1c c:/st/stm32cubeide_1.4.0/stm32cubeide/plugins/com.st.stm32cube.ide.mcu.externaltools.gnu-tools-for-stm32.7-2018-q2-update.win32_1.4.0.202007081208/tools/bin/../lib/gcc/arm-none-eabi/7.3.1/thumb/v7-m/crtbegin.o
 *(.bss*)
 .bss.Global_SPI_Config
                0x000000002000001c        0x8 Src/MCAL/SPI/SPI.o
                0x000000002000001c                Global_SPI_Config
 .bss.Gl_Config
                0x0000000020000024        0x4 Src/MCAL/USART/USART.o
                0x0000000020000024                Gl_Config
 *(COMMON)
 COMMON         0x0000000020000028        0x1 AE_RTOS/CortexMx_Os_Porting.o
                0x0000000020000028                SystikLED
 *fill*         0x0000000020000029        0x3 
 COMMON         0x000000002000002c      0x395 AE_RTOS/Scheduler.o
                0x000000002000002c                RTOS_IDLE_Task
                0x0000000020000070                OS_Control
                0x000000002000021c                ReadyQueue
                0x0000000020000230                ReadyQueue_FIFO
                0x00000000200003c0                IdleTaskLed
 *fill*         0x00000000200003c1        0x3 
 COMMON         0x00000000200003c4       0x3c Src/MCAL/EXTI/EXTI.o
                0x00000000200003c4                Global_ptr_callBack
 COMMON         0x0000000020000400       0xd4 Src/main.o
                0x0000000020000400                task2LED
                0x0000000020000401                task3LED
                0x0000000020000404                Task1
                0x0000000020000448                Task3
                0x000000002000048c                task1LED
                0x0000000020000490                Task2
                0x00000000200004d4                . = ALIGN (0x4)
                0x00000000200004d4                _ebss = .
                0x00000000200004d4                __bss_end__ = _ebss

._user_heap_stack
                0x00000000200004d4      0x604 load address 0x0000000008000fc0
                0x00000000200004d8                . = ALIGN (0x8)
 *fill*         0x00000000200004d4        0x4 
                [!provide]                        PROVIDE (end = .)
                0x00000000200004d8                PROVIDE (_end = .)
                0x00000000200006d8                . = (. + _Min_Heap_Size)
 *fill*         0x00000000200004d8      0x200 
                0x0000000020000ad8                . = (. + _Min_Stack_Size)
 *fill*         0x00000000200006d8      0x400 
                0x0000000020000ad8                . = ALIGN (0x8)
                0x0000000020000ad8                _eheap = .

/DISCARD/
 libc.a(*)
 libm.a(*)
 libgcc.a(*)

.ARM.attributes
                0x0000000000000000       0x29
 *(.ARM.attributes)
 .ARM.attributes
                0x0000000000000000       0x1d c:/st/stm32cubeide_1.4.0/stm32cubeide/plugins/com.st.stm32cube.ide.mcu.externaltools.gnu-tools-for-stm32.7-2018-q2-update.win32_1.4.0.202007081208/tools/bin/../lib/gcc/arm-none-eabi/7.3.1/thumb/v7-m/crti.o
 .ARM.attributes
                0x000000000000001d       0x2d c:/st/stm32cubeide_1.4.0/stm32cubeide/plugins/com.st.stm32cube.ide.mcu.externaltools.gnu-tools-for-stm32.7-2018-q2-update.win32_1.4.0.202007081208/tools/bin/../lib/gcc/arm-none-eabi/7.3.1/thumb/v7-m/crtbegin.o
 .ARM.attributes
                0x000000000000004a       0x33 AE_RTOS/AE_RTOS_FIFO.o
 .ARM.attributes
                0x000000000000007d       0x33 AE_RTOS/CortexMx_Os_Porting.o
 .ARM.attributes
                0x00000000000000b0       0x33 AE_RTOS/Scheduler.o
 .ARM.attributes
                0x00000000000000e3       0x33 Src/MCAL/EXTI/EXTI.o
 .ARM.attributes
                0x0000000000000116       0x33 Src/MCAL/SPI/SPI.o
 .ARM.attributes
                0x0000000000000149       0x33 Src/MCAL/USART/USART.o
 .ARM.attributes
                0x000000000000017c       0x33 Src/main.o
 .ARM.attributes
                0x00000000000001af       0x21 Startup/startup_stm32f103c6tx.o
 .ARM.attributes
                0x00000000000001d0       0x2d c:/st/stm32cubeide_1.4.0/stm32cubeide/plugins/com.st.stm32cube.ide.mcu.externaltools.gnu-tools-for-stm32.7-2018-q2-update.win32_1.4.0.202007081208/tools/bin/../lib/gcc/arm-none-eabi/7.3.1/../../../../arm-none-eabi/lib/thumb/v7-m\libc_nano.a(lib_a-init.o)
 .ARM.attributes
                0x00000000000001fd       0x1b c:/st/stm32cubeide_1.4.0/stm32cubeide/plugins/com.st.stm32cube.ide.mcu.externaltools.gnu-tools-for-stm32.7-2018-q2-update.win32_1.4.0.202007081208/tools/bin/../lib/gcc/arm-none-eabi/7.3.1/../../../../arm-none-eabi/lib/thumb/v7-m\libc_nano.a(lib_a-strcmp.o)
 .ARM.attributes
                0x0000000000000218       0x1d c:/st/stm32cubeide_1.4.0/stm32cubeide/plugins/com.st.stm32cube.ide.mcu.externaltools.gnu-tools-for-stm32.7-2018-q2-update.win32_1.4.0.202007081208/tools/bin/../lib/gcc/arm-none-eabi/7.3.1/thumb/v7-m/crtn.o
OUTPUT(Arm_course.axf elf32-littlearm)

.debug_info     0x0000000000000000     0x5933
 .debug_info    0x0000000000000000      0xc91 AE_RTOS/AE_RTOS_FIFO.o
 .debug_info    0x0000000000000c91      0x62f AE_RTOS/CortexMx_Os_Porting.o
 .debug_info    0x00000000000012c0      0xfd6 AE_RTOS/Scheduler.o
 .debug_info    0x0000000000002296      0xda6 Src/MCAL/EXTI/EXTI.o
 .debug_info    0x000000000000303c      0xe85 Src/MCAL/SPI/SPI.o
 .debug_info    0x0000000000003ec1      0xdf6 Src/MCAL/USART/USART.o
 .debug_info    0x0000000000004cb7      0xc5a Src/main.o
 .debug_info    0x0000000000005911       0x22 Startup/startup_stm32f103c6tx.o

.debug_abbrev   0x0000000000000000      0xedc
 .debug_abbrev  0x0000000000000000      0x1b5 AE_RTOS/AE_RTOS_FIFO.o
 .debug_abbrev  0x00000000000001b5      0x1b1 AE_RTOS/CortexMx_Os_Porting.o
 .debug_abbrev  0x0000000000000366      0x301 AE_RTOS/Scheduler.o
 .debug_abbrev  0x0000000000000667      0x210 Src/MCAL/EXTI/EXTI.o
 .debug_abbrev  0x0000000000000877      0x217 Src/MCAL/SPI/SPI.o
 .debug_abbrev  0x0000000000000a8e      0x22c Src/MCAL/USART/USART.o
 .debug_abbrev  0x0000000000000cba      0x210 Src/main.o
 .debug_abbrev  0x0000000000000eca       0x12 Startup/startup_stm32f103c6tx.o

.debug_loc      0x0000000000000000     0x10f0
 .debug_loc     0x0000000000000000      0x170 AE_RTOS/AE_RTOS_FIFO.o
 .debug_loc     0x0000000000000170      0x224 AE_RTOS/CortexMx_Os_Porting.o
 .debug_loc     0x0000000000000394      0x3e0 AE_RTOS/Scheduler.o
 .debug_loc     0x0000000000000774      0x320 Src/MCAL/EXTI/EXTI.o
 .debug_loc     0x0000000000000a94      0x2bc Src/MCAL/SPI/SPI.o
 .debug_loc     0x0000000000000d50      0x294 Src/MCAL/USART/USART.o
 .debug_loc     0x0000000000000fe4      0x10c Src/main.o

.debug_aranges  0x0000000000000000      0x2d0
 .debug_aranges
                0x0000000000000000       0x38 AE_RTOS/AE_RTOS_FIFO.o
 .debug_aranges
                0x0000000000000038       0x70 AE_RTOS/CortexMx_Os_Porting.o
 .debug_aranges
                0x00000000000000a8       0x88 AE_RTOS/Scheduler.o
 .debug_aranges
                0x0000000000000130       0x80 Src/MCAL/EXTI/EXTI.o
 .debug_aranges
                0x00000000000001b0       0x58 Src/MCAL/SPI/SPI.o
 .debug_aranges
                0x0000000000000208       0x60 Src/MCAL/USART/USART.o
 .debug_aranges
                0x0000000000000268       0x40 Src/main.o
 .debug_aranges
                0x00000000000002a8       0x28 Startup/startup_stm32f103c6tx.o

.debug_ranges   0x0000000000000000      0x258
 .debug_ranges  0x0000000000000000       0x28 AE_RTOS/AE_RTOS_FIFO.o
 .debug_ranges  0x0000000000000028       0x60 AE_RTOS/CortexMx_Os_Porting.o
 .debug_ranges  0x0000000000000088       0x78 AE_RTOS/Scheduler.o
 .debug_ranges  0x0000000000000100       0x70 Src/MCAL/EXTI/EXTI.o
 .debug_ranges  0x0000000000000170       0x48 Src/MCAL/SPI/SPI.o
 .debug_ranges  0x00000000000001b8       0x50 Src/MCAL/USART/USART.o
 .debug_ranges  0x0000000000000208       0x30 Src/main.o
 .debug_ranges  0x0000000000000238       0x20 Startup/startup_stm32f103c6tx.o

.debug_macro    0x0000000000000000     0x40cc
 .debug_macro   0x0000000000000000      0x23d AE_RTOS/AE_RTOS_FIFO.o
 .debug_macro   0x000000000000023d      0xa60 AE_RTOS/AE_RTOS_FIFO.o
 .debug_macro   0x0000000000000c9d       0x22 AE_RTOS/AE_RTOS_FIFO.o
 .debug_macro   0x0000000000000cbf       0x40 AE_RTOS/AE_RTOS_FIFO.o
 .debug_macro   0x0000000000000cff       0x18 AE_RTOS/AE_RTOS_FIFO.o
 .debug_macro   0x0000000000000d17       0x94 AE_RTOS/AE_RTOS_FIFO.o
 .debug_macro   0x0000000000000dab       0x3c AE_RTOS/AE_RTOS_FIFO.o
 .debug_macro   0x0000000000000de7       0x34 AE_RTOS/AE_RTOS_FIFO.o
 .debug_macro   0x0000000000000e1b       0x16 AE_RTOS/AE_RTOS_FIFO.o
 .debug_macro   0x0000000000000e31       0x57 AE_RTOS/AE_RTOS_FIFO.o
 .debug_macro   0x0000000000000e88       0x97 AE_RTOS/AE_RTOS_FIFO.o
 .debug_macro   0x0000000000000f1f      0x330 AE_RTOS/AE_RTOS_FIFO.o
 .debug_macro   0x000000000000124f       0xfd AE_RTOS/AE_RTOS_FIFO.o
 .debug_macro   0x000000000000134c       0x10 AE_RTOS/AE_RTOS_FIFO.o
 .debug_macro   0x000000000000135c       0x52 AE_RTOS/AE_RTOS_FIFO.o
 .debug_macro   0x00000000000013ae       0x1f AE_RTOS/AE_RTOS_FIFO.o
 .debug_macro   0x00000000000013cd       0x43 AE_RTOS/AE_RTOS_FIFO.o
 .debug_macro   0x0000000000001410       0x20 AE_RTOS/AE_RTOS_FIFO.o
 .debug_macro   0x0000000000001430      0x1a3 AE_RTOS/AE_RTOS_FIFO.o
 .debug_macro   0x00000000000015d3       0x10 AE_RTOS/AE_RTOS_FIFO.o
 .debug_macro   0x00000000000015e3       0x6a AE_RTOS/AE_RTOS_FIFO.o
 .debug_macro   0x000000000000164d       0x1c AE_RTOS/AE_RTOS_FIFO.o
 .debug_macro   0x0000000000001669       0x52 AE_RTOS/AE_RTOS_FIFO.o
 .debug_macro   0x00000000000016bb       0x40 AE_RTOS/AE_RTOS_FIFO.o
 .debug_macro   0x00000000000016fb       0x10 AE_RTOS/AE_RTOS_FIFO.o
 .debug_macro   0x000000000000170b       0x40 AE_RTOS/AE_RTOS_FIFO.o
 .debug_macro   0x000000000000174b       0xd7 AE_RTOS/AE_RTOS_FIFO.o
 .debug_macro   0x0000000000001822       0x1c AE_RTOS/AE_RTOS_FIFO.o
 .debug_macro   0x000000000000183e       0x3d AE_RTOS/AE_RTOS_FIFO.o
 .debug_macro   0x000000000000187b       0x16 AE_RTOS/AE_RTOS_FIFO.o
 .debug_macro   0x0000000000001891      0x145 AE_RTOS/AE_RTOS_FIFO.o
 .debug_macro   0x00000000000019d6       0xef AE_RTOS/AE_RTOS_FIFO.o
 .debug_macro   0x0000000000001ac5      0x1df AE_RTOS/AE_RTOS_FIFO.o
 .debug_macro   0x0000000000001ca4       0x28 AE_RTOS/AE_RTOS_FIFO.o
 .debug_macro   0x0000000000001ccc       0x1c AE_RTOS/AE_RTOS_FIFO.o
 .debug_macro   0x0000000000001ce8       0x22 AE_RTOS/AE_RTOS_FIFO.o
 .debug_macro   0x0000000000001d0a       0xeb AE_RTOS/AE_RTOS_FIFO.o
 .debug_macro   0x0000000000001df5      0xe74 AE_RTOS/AE_RTOS_FIFO.o
 .debug_macro   0x0000000000002c69      0x11f AE_RTOS/AE_RTOS_FIFO.o
 .debug_macro   0x0000000000002d88       0x28 AE_RTOS/AE_RTOS_FIFO.o
 .debug_macro   0x0000000000002db0       0xce AE_RTOS/CortexMx_Os_Porting.o
 .debug_macro   0x0000000000002e7e       0x8e AE_RTOS/CortexMx_Os_Porting.o
 .debug_macro   0x0000000000002f0c       0x51 AE_RTOS/CortexMx_Os_Porting.o
 .debug_macro   0x0000000000002f5d       0xf1 AE_RTOS/CortexMx_Os_Porting.o
 .debug_macro   0x000000000000304e      0x247 AE_RTOS/Scheduler.o
 .debug_macro   0x0000000000003295       0x46 AE_RTOS/Scheduler.o
 .debug_macro   0x00000000000032db      0x32a AE_RTOS/Scheduler.o
 .debug_macro   0x0000000000003605      0x150 Src/MCAL/EXTI/EXTI.o
 .debug_macro   0x0000000000003755      0x214 Src/MCAL/EXTI/EXTI.o
 .debug_macro   0x0000000000003969      0x162 Src/MCAL/SPI/SPI.o
 .debug_macro   0x0000000000003acb       0xbe Src/MCAL/SPI/SPI.o
 .debug_macro   0x0000000000003b89      0x181 Src/MCAL/USART/USART.o
 .debug_macro   0x0000000000003d0a       0xdc Src/MCAL/USART/USART.o
 .debug_macro   0x0000000000003de6      0x27b Src/main.o
 .debug_macro   0x0000000000004061       0x16 Src/main.o
 .debug_macro   0x0000000000004077       0x35 Src/main.o
 .debug_macro   0x00000000000040ac       0x20 Src/main.o

.debug_line     0x0000000000000000     0x322c
 .debug_line    0x0000000000000000      0x70d AE_RTOS/AE_RTOS_FIFO.o
 .debug_line    0x000000000000070d      0x577 AE_RTOS/CortexMx_Os_Porting.o
 .debug_line    0x0000000000000c84      0x87d AE_RTOS/Scheduler.o
 .debug_line    0x0000000000001501      0x735 Src/MCAL/EXTI/EXTI.o
 .debug_line    0x0000000000001c36      0x6a2 Src/MCAL/SPI/SPI.o
 .debug_line    0x00000000000022d8      0x78d Src/MCAL/USART/USART.o
 .debug_line    0x0000000000002a65      0x743 Src/main.o
 .debug_line    0x00000000000031a8       0x84 Startup/startup_stm32f103c6tx.o

.debug_str      0x0000000000000000    0x1298e
 .debug_str     0x0000000000000000     0xe6fb AE_RTOS/AE_RTOS_FIFO.o
                                       0xe97c (size before relaxing)
 .debug_str     0x000000000000e6fb      0x32f AE_RTOS/CortexMx_Os_Porting.o
                                       0xa6c1 (size before relaxing)
 .debug_str     0x000000000000ea2a      0x296 AE_RTOS/Scheduler.o
                                       0xebc7 (size before relaxing)
 .debug_str     0x000000000000ecc0     0x2d82 Src/MCAL/EXTI/EXTI.o
                                       0x90a6 (size before relaxing)
 .debug_str     0x0000000000011a42      0x67b Src/MCAL/SPI/SPI.o
                                       0x7f5a (size before relaxing)
 .debug_str     0x00000000000120bd      0x7c3 Src/MCAL/USART/USART.o
                                       0x962c (size before relaxing)
 .debug_str     0x0000000000012880       0xdd Src/main.o
                                       0xe9eb (size before relaxing)
 .debug_str     0x000000000001295d       0x31 Startup/startup_stm32f103c6tx.o
                                         0x6e (size before relaxing)

.comment        0x0000000000000000       0x7b
 .comment       0x0000000000000000       0x7b AE_RTOS/AE_RTOS_FIFO.o
                                         0x7c (size before relaxing)
 .comment       0x000000000000007b       0x7c AE_RTOS/CortexMx_Os_Porting.o
 .comment       0x000000000000007b       0x7c AE_RTOS/Scheduler.o
 .comment       0x000000000000007b       0x7c Src/MCAL/EXTI/EXTI.o
 .comment       0x000000000000007b       0x7c Src/MCAL/SPI/SPI.o
 .comment       0x000000000000007b       0x7c Src/MCAL/USART/USART.o
 .comment       0x000000000000007b       0x7c Src/main.o

.debug_frame    0x0000000000000000      0x900
 .debug_frame   0x0000000000000000       0xb0 AE_RTOS/AE_RTOS_FIFO.o
 .debug_frame   0x00000000000000b0      0x140 AE_RTOS/CortexMx_Os_Porting.o
 .debug_frame   0x00000000000001f0      0x1e8 AE_RTOS/Scheduler.o
 .debug_frame   0x00000000000003d8      0x1b0 Src/MCAL/EXTI/EXTI.o
 .debug_frame   0x0000000000000588      0x144 Src/MCAL/SPI/SPI.o
 .debug_frame   0x00000000000006cc      0x14c Src/MCAL/USART/USART.o
 .debug_frame   0x0000000000000818       0x9c Src/main.o
 .debug_frame   0x00000000000008b4       0x2c c:/st/stm32cubeide_1.4.0/stm32cubeide/plugins/com.st.stm32cube.ide.mcu.externaltools.gnu-tools-for-stm32.7-2018-q2-update.win32_1.4.0.202007081208/tools/bin/../lib/gcc/arm-none-eabi/7.3.1/../../../../arm-none-eabi/lib/thumb/v7-m\libc_nano.a(lib_a-init.o)
 .debug_frame   0x00000000000008e0       0x20 c:/st/stm32cubeide_1.4.0/stm32cubeide/plugins/com.st.stm32cube.ide.mcu.externaltools.gnu-tools-for-stm32.7-2018-q2-update.win32_1.4.0.202007081208/tools/bin/../lib/gcc/arm-none-eabi/7.3.1/../../../../arm-none-eabi/lib/thumb/v7-m\libc_nano.a(lib_a-strcmp.o)
