
Memory Configuration

Name             Origin             Length             Attributes
Mem              0x00000000         0x04000000         xrw
*default*        0x00000000         0xffffffff

Linker script and memory map

                0x00010000                . = 0x10000

.startup        0x00010000        0xc
 startup.o(.text)
 .text          0x00010000        0xc startup.o
                0x00010000                reset

.text           0x0001000c       0x70
 *(.text)
 .text          0x0001000c       0x1c main.o
                0x0001000c                main
 .text          0x00010028       0x54 uart.o
                0x00010028                UART_Send_String

.glue_7         0x0001007c        0x0
 .glue_7        0x0001007c        0x0 linker stubs

.glue_7t        0x0001007c        0x0
 .glue_7t       0x0001007c        0x0 linker stubs

.vfp11_veneer   0x0001007c        0x0
 .vfp11_veneer  0x0001007c        0x0 linker stubs

.v4_bx          0x0001007c        0x0
 .v4_bx         0x0001007c        0x0 linker stubs

.iplt           0x0001007c        0x0
 .iplt          0x0001007c        0x0 startup.o

.rel.dyn        0x0001007c        0x0
 .rel.iplt      0x0001007c        0x0 startup.o

.data           0x0001007c       0x64
 *(.data)
 .data          0x0001007c        0x0 startup.o
 .data          0x0001007c       0x64 main.o
                0x0001007c                string_buffer
 .data          0x000100e0        0x0 uart.o

.igot.plt       0x000100e0        0x0
 .igot.plt      0x000100e0        0x0 startup.o

.bss            0x000100e0       0x7e
 *(.bss)
 .bss           0x000100e0        0x0 startup.o
 .bss           0x000100e0        0x0 main.o
 .bss           0x000100e0        0x0 uart.o
 *(.comment)
 .comment       0x000100e0       0x7e main.o
                                 0x7f (size before relaxing)
 .comment       0x0001015e       0x7f uart.o
                0x000111dd                . = (. + 0x1000)
                0x000111dd                stack_top = .
LOAD main.o
LOAD uart.o
LOAD startup.o
OUTPUT(learn_in_depth.elf elf32-littlearm)

.ARM.attributes
                0x00000000       0x2e
 .ARM.attributes
                0x00000000       0x12 startup.o
 .ARM.attributes
                0x00000012       0x32 main.o
 .ARM.attributes
                0x00000044       0x32 uart.o

.debug_info     0x00000000       0x57
 .debug_info    0x00000000       0x57 uart.o

.debug_abbrev   0x00000000       0x51
 .debug_abbrev  0x00000000       0x51 uart.o

.debug_aranges  0x00000000       0x20
 .debug_aranges
                0x00000000       0x20 uart.o

.debug_line     0x00000000       0x39
 .debug_line    0x00000000       0x39 uart.o

.debug_str      0x00000000       0xb0
 .debug_str     0x00000000       0xb0 uart.o

.debug_frame    0x00000000       0x30
 .debug_frame   0x00000000       0x30 uart.o
