Archive member included to satisfy reference by file (symbol)

c:/st/stm32cubeide_1.4.0/stm32cubeide/plugins/com.st.stm32cube.ide.mcu.externaltools.gnu-tools-for-stm32.7-2018-q2-update.win32_1.4.0.202007081208/tools/bin/../lib/gcc/arm-none-eabi/7.3.1/../../../../arm-none-eabi/lib/thumb/v7-m\libc_nano.a(lib_a-errno.o)
                              Src/syscalls.o (__errno)
c:/st/stm32cubeide_1.4.0/stm32cubeide/plugins/com.st.stm32cube.ide.mcu.externaltools.gnu-tools-for-stm32.7-2018-q2-update.win32_1.4.0.202007081208/tools/bin/../lib/gcc/arm-none-eabi/7.3.1/../../../../arm-none-eabi/lib/thumb/v7-m\libc_nano.a(lib_a-exit.o)
                              c:/st/stm32cubeide_1.4.0/stm32cubeide/plugins/com.st.stm32cube.ide.mcu.externaltools.gnu-tools-for-stm32.7-2018-q2-update.win32_1.4.0.202007081208/tools/bin/../lib/gcc/arm-none-eabi/7.3.1/../../../../arm-none-eabi/lib/thumb/v7-m/crt0.o (exit)
c:/st/stm32cubeide_1.4.0/stm32cubeide/plugins/com.st.stm32cube.ide.mcu.externaltools.gnu-tools-for-stm32.7-2018-q2-update.win32_1.4.0.202007081208/tools/bin/../lib/gcc/arm-none-eabi/7.3.1/../../../../arm-none-eabi/lib/thumb/v7-m\libc_nano.a(lib_a-impure.o)
                              c:/st/stm32cubeide_1.4.0/stm32cubeide/plugins/com.st.stm32cube.ide.mcu.externaltools.gnu-tools-for-stm32.7-2018-q2-update.win32_1.4.0.202007081208/tools/bin/../lib/gcc/arm-none-eabi/7.3.1/../../../../arm-none-eabi/lib/thumb/v7-m\libc_nano.a(lib_a-exit.o) (_global_impure_ptr)
c:/st/stm32cubeide_1.4.0/stm32cubeide/plugins/com.st.stm32cube.ide.mcu.externaltools.gnu-tools-for-stm32.7-2018-q2-update.win32_1.4.0.202007081208/tools/bin/../lib/gcc/arm-none-eabi/7.3.1/../../../../arm-none-eabi/lib/thumb/v7-m\libc_nano.a(lib_a-init.o)
                              c:/st/stm32cubeide_1.4.0/stm32cubeide/plugins/com.st.stm32cube.ide.mcu.externaltools.gnu-tools-for-stm32.7-2018-q2-update.win32_1.4.0.202007081208/tools/bin/../lib/gcc/arm-none-eabi/7.3.1/../../../../arm-none-eabi/lib/thumb/v7-m/crt0.o (__libc_init_array)
c:/st/stm32cubeide_1.4.0/stm32cubeide/plugins/com.st.stm32cube.ide.mcu.externaltools.gnu-tools-for-stm32.7-2018-q2-update.win32_1.4.0.202007081208/tools/bin/../lib/gcc/arm-none-eabi/7.3.1/../../../../arm-none-eabi/lib/thumb/v7-m\libc_nano.a(lib_a-memset.o)
                              c:/st/stm32cubeide_1.4.0/stm32cubeide/plugins/com.st.stm32cube.ide.mcu.externaltools.gnu-tools-for-stm32.7-2018-q2-update.win32_1.4.0.202007081208/tools/bin/../lib/gcc/arm-none-eabi/7.3.1/../../../../arm-none-eabi/lib/thumb/v7-m/crt0.o (memset)

Allocating common symbols
Common symbol       size              file

Global_ptr_callBack
                    0x3c              STM32_F103C6_Drivers/MCAL/EXTI/EXTI.o

Discarded input sections

 .text          0x0000000000000000        0x0 c:/st/stm32cubeide_1.4.0/stm32cubeide/plugins/com.st.stm32cube.ide.mcu.externaltools.gnu-tools-for-stm32.7-2018-q2-update.win32_1.4.0.202007081208/tools/bin/../lib/gcc/arm-none-eabi/7.3.1/thumb/v7-m/crti.o
 .data          0x0000000000000000        0x0 c:/st/stm32cubeide_1.4.0/stm32cubeide/plugins/com.st.stm32cube.ide.mcu.externaltools.gnu-tools-for-stm32.7-2018-q2-update.win32_1.4.0.202007081208/tools/bin/../lib/gcc/arm-none-eabi/7.3.1/thumb/v7-m/crti.o
 .bss           0x0000000000000000        0x0 c:/st/stm32cubeide_1.4.0/stm32cubeide/plugins/com.st.stm32cube.ide.mcu.externaltools.gnu-tools-for-stm32.7-2018-q2-update.win32_1.4.0.202007081208/tools/bin/../lib/gcc/arm-none-eabi/7.3.1/thumb/v7-m/crti.o
 .data          0x0000000000000000        0x4 c:/st/stm32cubeide_1.4.0/stm32cubeide/plugins/com.st.stm32cube.ide.mcu.externaltools.gnu-tools-for-stm32.7-2018-q2-update.win32_1.4.0.202007081208/tools/bin/../lib/gcc/arm-none-eabi/7.3.1/thumb/v7-m/crtbegin.o
 .text          0x0000000000000000       0x74 c:/st/stm32cubeide_1.4.0/stm32cubeide/plugins/com.st.stm32cube.ide.mcu.externaltools.gnu-tools-for-stm32.7-2018-q2-update.win32_1.4.0.202007081208/tools/bin/../lib/gcc/arm-none-eabi/7.3.1/../../../../arm-none-eabi/lib/thumb/v7-m/crt0.o
 .data          0x0000000000000000        0x0 c:/st/stm32cubeide_1.4.0/stm32cubeide/plugins/com.st.stm32cube.ide.mcu.externaltools.gnu-tools-for-stm32.7-2018-q2-update.win32_1.4.0.202007081208/tools/bin/../lib/gcc/arm-none-eabi/7.3.1/../../../../arm-none-eabi/lib/thumb/v7-m/crt0.o
 .bss           0x0000000000000000        0x0 c:/st/stm32cubeide_1.4.0/stm32cubeide/plugins/com.st.stm32cube.ide.mcu.externaltools.gnu-tools-for-stm32.7-2018-q2-update.win32_1.4.0.202007081208/tools/bin/../lib/gcc/arm-none-eabi/7.3.1/../../../../arm-none-eabi/lib/thumb/v7-m/crt0.o
 .ARM.extab     0x0000000000000000        0x0 c:/st/stm32cubeide_1.4.0/stm32cubeide/plugins/com.st.stm32cube.ide.mcu.externaltools.gnu-tools-for-stm32.7-2018-q2-update.win32_1.4.0.202007081208/tools/bin/../lib/gcc/arm-none-eabi/7.3.1/../../../../arm-none-eabi/lib/thumb/v7-m/crt0.o
 .ARM.exidx     0x0000000000000000        0x8 c:/st/stm32cubeide_1.4.0/stm32cubeide/plugins/com.st.stm32cube.ide.mcu.externaltools.gnu-tools-for-stm32.7-2018-q2-update.win32_1.4.0.202007081208/tools/bin/../lib/gcc/arm-none-eabi/7.3.1/../../../../arm-none-eabi/lib/thumb/v7-m/crt0.o
 .ARM.attributes
                0x0000000000000000       0x1b c:/st/stm32cubeide_1.4.0/stm32cubeide/plugins/com.st.stm32cube.ide.mcu.externaltools.gnu-tools-for-stm32.7-2018-q2-update.win32_1.4.0.202007081208/tools/bin/../lib/gcc/arm-none-eabi/7.3.1/../../../../arm-none-eabi/lib/thumb/v7-m/crt0.o
 .group         0x0000000000000000        0xc STM32_F103C6_Drivers/HAL/KEYPAD/KEYPAD.o
 .group         0x0000000000000000        0xc STM32_F103C6_Drivers/HAL/KEYPAD/KEYPAD.o
 .group         0x0000000000000000        0xc STM32_F103C6_Drivers/HAL/KEYPAD/KEYPAD.o
 .group         0x0000000000000000        0xc STM32_F103C6_Drivers/HAL/KEYPAD/KEYPAD.o
 .group         0x0000000000000000        0xc STM32_F103C6_Drivers/HAL/KEYPAD/KEYPAD.o
 .group         0x0000000000000000        0xc STM32_F103C6_Drivers/HAL/KEYPAD/KEYPAD.o
 .group         0x0000000000000000        0xc STM32_F103C6_Drivers/HAL/KEYPAD/KEYPAD.o
 .group         0x0000000000000000        0xc STM32_F103C6_Drivers/HAL/KEYPAD/KEYPAD.o
 .group         0x0000000000000000        0xc STM32_F103C6_Drivers/HAL/KEYPAD/KEYPAD.o
 .group         0x0000000000000000        0xc STM32_F103C6_Drivers/HAL/KEYPAD/KEYPAD.o
 .group         0x0000000000000000        0xc STM32_F103C6_Drivers/HAL/KEYPAD/KEYPAD.o
 .group         0x0000000000000000        0xc STM32_F103C6_Drivers/HAL/KEYPAD/KEYPAD.o
 .group         0x0000000000000000        0xc STM32_F103C6_Drivers/HAL/KEYPAD/KEYPAD.o
 .group         0x0000000000000000        0xc STM32_F103C6_Drivers/HAL/KEYPAD/KEYPAD.o
 .group         0x0000000000000000        0xc STM32_F103C6_Drivers/HAL/KEYPAD/KEYPAD.o
 .group         0x0000000000000000        0xc STM32_F103C6_Drivers/HAL/KEYPAD/KEYPAD.o
 .group         0x0000000000000000        0xc STM32_F103C6_Drivers/HAL/KEYPAD/KEYPAD.o
 .group         0x0000000000000000        0xc STM32_F103C6_Drivers/HAL/KEYPAD/KEYPAD.o
 .group         0x0000000000000000        0xc STM32_F103C6_Drivers/HAL/KEYPAD/KEYPAD.o
 .group         0x0000000000000000        0xc STM32_F103C6_Drivers/HAL/KEYPAD/KEYPAD.o
 .group         0x0000000000000000        0xc STM32_F103C6_Drivers/HAL/KEYPAD/KEYPAD.o
 .group         0x0000000000000000        0xc STM32_F103C6_Drivers/HAL/KEYPAD/KEYPAD.o
 .group         0x0000000000000000        0xc STM32_F103C6_Drivers/HAL/KEYPAD/KEYPAD.o
 .text          0x0000000000000000        0x0 STM32_F103C6_Drivers/HAL/KEYPAD/KEYPAD.o
 .data          0x0000000000000000        0x0 STM32_F103C6_Drivers/HAL/KEYPAD/KEYPAD.o
 .bss           0x0000000000000000        0x0 STM32_F103C6_Drivers/HAL/KEYPAD/KEYPAD.o
 .text.HAL_KEYPAD_Init
                0x0000000000000000       0xb4 STM32_F103C6_Drivers/HAL/KEYPAD/KEYPAD.o
 .rodata        0x0000000000000000       0x10 STM32_F103C6_Drivers/HAL/KEYPAD/KEYPAD.o
 .text.HAL_KEYPAD_Get_PressedKey
                0x0000000000000000       0xcc STM32_F103C6_Drivers/HAL/KEYPAD/KEYPAD.o
 .debug_info    0x0000000000000000      0xb38 STM32_F103C6_Drivers/HAL/KEYPAD/KEYPAD.o
 .debug_abbrev  0x0000000000000000      0x1b1 STM32_F103C6_Drivers/HAL/KEYPAD/KEYPAD.o
 .debug_loc     0x0000000000000000       0xa0 STM32_F103C6_Drivers/HAL/KEYPAD/KEYPAD.o
 .debug_aranges
                0x0000000000000000       0x28 STM32_F103C6_Drivers/HAL/KEYPAD/KEYPAD.o
 .debug_ranges  0x0000000000000000       0x18 STM32_F103C6_Drivers/HAL/KEYPAD/KEYPAD.o
 .debug_macro   0x0000000000000000      0x14a STM32_F103C6_Drivers/HAL/KEYPAD/KEYPAD.o
 .debug_macro   0x0000000000000000      0xa60 STM32_F103C6_Drivers/HAL/KEYPAD/KEYPAD.o
 .debug_macro   0x0000000000000000       0x2e STM32_F103C6_Drivers/HAL/KEYPAD/KEYPAD.o
 .debug_macro   0x0000000000000000       0x18 STM32_F103C6_Drivers/HAL/KEYPAD/KEYPAD.o
 .debug_macro   0x0000000000000000       0x22 STM32_F103C6_Drivers/HAL/KEYPAD/KEYPAD.o
 .debug_macro   0x0000000000000000       0x40 STM32_F103C6_Drivers/HAL/KEYPAD/KEYPAD.o
 .debug_macro   0x0000000000000000       0x94 STM32_F103C6_Drivers/HAL/KEYPAD/KEYPAD.o
 .debug_macro   0x0000000000000000       0x3c STM32_F103C6_Drivers/HAL/KEYPAD/KEYPAD.o
 .debug_macro   0x0000000000000000       0x34 STM32_F103C6_Drivers/HAL/KEYPAD/KEYPAD.o
 .debug_macro   0x0000000000000000       0x16 STM32_F103C6_Drivers/HAL/KEYPAD/KEYPAD.o
 .debug_macro   0x0000000000000000      0x10e STM32_F103C6_Drivers/HAL/KEYPAD/KEYPAD.o
 .debug_macro   0x0000000000000000       0x8d STM32_F103C6_Drivers/HAL/KEYPAD/KEYPAD.o
 .debug_macro   0x0000000000000000       0x57 STM32_F103C6_Drivers/HAL/KEYPAD/KEYPAD.o
 .debug_macro   0x0000000000000000       0x52 STM32_F103C6_Drivers/HAL/KEYPAD/KEYPAD.o
 .debug_macro   0x0000000000000000       0x1f STM32_F103C6_Drivers/HAL/KEYPAD/KEYPAD.o
 .debug_macro   0x0000000000000000       0x43 STM32_F103C6_Drivers/HAL/KEYPAD/KEYPAD.o
 .debug_macro   0x0000000000000000       0x20 STM32_F103C6_Drivers/HAL/KEYPAD/KEYPAD.o
 .debug_macro   0x0000000000000000      0x1a3 STM32_F103C6_Drivers/HAL/KEYPAD/KEYPAD.o
 .debug_macro   0x0000000000000000      0x330 STM32_F103C6_Drivers/HAL/KEYPAD/KEYPAD.o
 .debug_macro   0x0000000000000000       0x16 STM32_F103C6_Drivers/HAL/KEYPAD/KEYPAD.o
 .debug_macro   0x0000000000000000       0x29 STM32_F103C6_Drivers/HAL/KEYPAD/KEYPAD.o
 .debug_macro   0x0000000000000000      0x1b0 STM32_F103C6_Drivers/HAL/KEYPAD/KEYPAD.o
 .debug_macro   0x0000000000000000       0xc4 STM32_F103C6_Drivers/HAL/KEYPAD/KEYPAD.o
 .debug_macro   0x0000000000000000       0x2e STM32_F103C6_Drivers/HAL/KEYPAD/KEYPAD.o
 .debug_line    0x0000000000000000      0x643 STM32_F103C6_Drivers/HAL/KEYPAD/KEYPAD.o
 .debug_str     0x0000000000000000     0x718c STM32_F103C6_Drivers/HAL/KEYPAD/KEYPAD.o
 .comment       0x0000000000000000       0x7c STM32_F103C6_Drivers/HAL/KEYPAD/KEYPAD.o
 .debug_frame   0x0000000000000000       0x5c STM32_F103C6_Drivers/HAL/KEYPAD/KEYPAD.o
 .ARM.attributes
                0x0000000000000000       0x33 STM32_F103C6_Drivers/HAL/KEYPAD/KEYPAD.o
 .group         0x0000000000000000        0xc STM32_F103C6_Drivers/HAL/LCD/LCD.o
 .group         0x0000000000000000        0xc STM32_F103C6_Drivers/HAL/LCD/LCD.o
 .group         0x0000000000000000        0xc STM32_F103C6_Drivers/HAL/LCD/LCD.o
 .group         0x0000000000000000        0xc STM32_F103C6_Drivers/HAL/LCD/LCD.o
 .group         0x0000000000000000        0xc STM32_F103C6_Drivers/HAL/LCD/LCD.o
 .group         0x0000000000000000        0xc STM32_F103C6_Drivers/HAL/LCD/LCD.o
 .group         0x0000000000000000        0xc STM32_F103C6_Drivers/HAL/LCD/LCD.o
 .group         0x0000000000000000        0xc STM32_F103C6_Drivers/HAL/LCD/LCD.o
 .group         0x0000000000000000        0xc STM32_F103C6_Drivers/HAL/LCD/LCD.o
 .group         0x0000000000000000        0xc STM32_F103C6_Drivers/HAL/LCD/LCD.o
 .group         0x0000000000000000        0xc STM32_F103C6_Drivers/HAL/LCD/LCD.o
 .group         0x0000000000000000        0xc STM32_F103C6_Drivers/HAL/LCD/LCD.o
 .group         0x0000000000000000        0xc STM32_F103C6_Drivers/HAL/LCD/LCD.o
 .group         0x0000000000000000        0xc STM32_F103C6_Drivers/HAL/LCD/LCD.o
 .group         0x0000000000000000        0xc STM32_F103C6_Drivers/HAL/LCD/LCD.o
 .group         0x0000000000000000        0xc STM32_F103C6_Drivers/HAL/LCD/LCD.o
 .group         0x0000000000000000        0xc STM32_F103C6_Drivers/HAL/LCD/LCD.o
 .group         0x0000000000000000        0xc STM32_F103C6_Drivers/HAL/LCD/LCD.o
 .group         0x0000000000000000        0xc STM32_F103C6_Drivers/HAL/LCD/LCD.o
 .group         0x0000000000000000        0xc STM32_F103C6_Drivers/HAL/LCD/LCD.o
 .group         0x0000000000000000        0xc STM32_F103C6_Drivers/HAL/LCD/LCD.o
 .group         0x0000000000000000        0xc STM32_F103C6_Drivers/HAL/LCD/LCD.o
 .group         0x0000000000000000        0xc STM32_F103C6_Drivers/HAL/LCD/LCD.o
 .text          0x0000000000000000        0x0 STM32_F103C6_Drivers/HAL/LCD/LCD.o
 .data          0x0000000000000000        0x0 STM32_F103C6_Drivers/HAL/LCD/LCD.o
 .bss           0x0000000000000000        0x0 STM32_F103C6_Drivers/HAL/LCD/LCD.o
 .text.HAL_LCD_Display_Number
                0x0000000000000000       0x1e STM32_F103C6_Drivers/HAL/LCD/LCD.o
 .debug_macro   0x0000000000000000      0xa60 STM32_F103C6_Drivers/HAL/LCD/LCD.o
 .debug_macro   0x0000000000000000       0x2e STM32_F103C6_Drivers/HAL/LCD/LCD.o
 .debug_macro   0x0000000000000000       0x18 STM32_F103C6_Drivers/HAL/LCD/LCD.o
 .debug_macro   0x0000000000000000       0x22 STM32_F103C6_Drivers/HAL/LCD/LCD.o
 .debug_macro   0x0000000000000000       0x40 STM32_F103C6_Drivers/HAL/LCD/LCD.o
 .debug_macro   0x0000000000000000       0x94 STM32_F103C6_Drivers/HAL/LCD/LCD.o
 .debug_macro   0x0000000000000000       0x3c STM32_F103C6_Drivers/HAL/LCD/LCD.o
 .debug_macro   0x0000000000000000       0x34 STM32_F103C6_Drivers/HAL/LCD/LCD.o
 .debug_macro   0x0000000000000000       0x16 STM32_F103C6_Drivers/HAL/LCD/LCD.o
 .debug_macro   0x0000000000000000      0x10e STM32_F103C6_Drivers/HAL/LCD/LCD.o
 .debug_macro   0x0000000000000000       0x8d STM32_F103C6_Drivers/HAL/LCD/LCD.o
 .debug_macro   0x0000000000000000       0x57 STM32_F103C6_Drivers/HAL/LCD/LCD.o
 .debug_macro   0x0000000000000000       0x52 STM32_F103C6_Drivers/HAL/LCD/LCD.o
 .debug_macro   0x0000000000000000       0x1f STM32_F103C6_Drivers/HAL/LCD/LCD.o
 .debug_macro   0x0000000000000000       0x43 STM32_F103C6_Drivers/HAL/LCD/LCD.o
 .debug_macro   0x0000000000000000       0x20 STM32_F103C6_Drivers/HAL/LCD/LCD.o
 .debug_macro   0x0000000000000000      0x1a3 STM32_F103C6_Drivers/HAL/LCD/LCD.o
 .debug_macro   0x0000000000000000      0x330 STM32_F103C6_Drivers/HAL/LCD/LCD.o
 .debug_macro   0x0000000000000000       0x16 STM32_F103C6_Drivers/HAL/LCD/LCD.o
 .debug_macro   0x0000000000000000       0x29 STM32_F103C6_Drivers/HAL/LCD/LCD.o
 .debug_macro   0x0000000000000000      0x1b0 STM32_F103C6_Drivers/HAL/LCD/LCD.o
 .debug_macro   0x0000000000000000       0xc4 STM32_F103C6_Drivers/HAL/LCD/LCD.o
 .group         0x0000000000000000        0xc STM32_F103C6_Drivers/MCAL/EXTI/EXTI.o
 .group         0x0000000000000000        0xc STM32_F103C6_Drivers/MCAL/EXTI/EXTI.o
 .group         0x0000000000000000        0xc STM32_F103C6_Drivers/MCAL/EXTI/EXTI.o
 .group         0x0000000000000000        0xc STM32_F103C6_Drivers/MCAL/EXTI/EXTI.o
 .group         0x0000000000000000        0xc STM32_F103C6_Drivers/MCAL/EXTI/EXTI.o
 .group         0x0000000000000000        0xc STM32_F103C6_Drivers/MCAL/EXTI/EXTI.o
 .group         0x0000000000000000        0xc STM32_F103C6_Drivers/MCAL/EXTI/EXTI.o
 .group         0x0000000000000000        0xc STM32_F103C6_Drivers/MCAL/EXTI/EXTI.o
 .group         0x0000000000000000        0xc STM32_F103C6_Drivers/MCAL/EXTI/EXTI.o
 .group         0x0000000000000000        0xc STM32_F103C6_Drivers/MCAL/EXTI/EXTI.o
 .group         0x0000000000000000        0xc STM32_F103C6_Drivers/MCAL/EXTI/EXTI.o
 .group         0x0000000000000000        0xc STM32_F103C6_Drivers/MCAL/EXTI/EXTI.o
 .group         0x0000000000000000        0xc STM32_F103C6_Drivers/MCAL/EXTI/EXTI.o
 .group         0x0000000000000000        0xc STM32_F103C6_Drivers/MCAL/EXTI/EXTI.o
 .group         0x0000000000000000        0xc STM32_F103C6_Drivers/MCAL/EXTI/EXTI.o
 .group         0x0000000000000000        0xc STM32_F103C6_Drivers/MCAL/EXTI/EXTI.o
 .group         0x0000000000000000        0xc STM32_F103C6_Drivers/MCAL/EXTI/EXTI.o
 .group         0x0000000000000000        0xc STM32_F103C6_Drivers/MCAL/EXTI/EXTI.o
 .group         0x0000000000000000        0xc STM32_F103C6_Drivers/MCAL/EXTI/EXTI.o
 .group         0x0000000000000000        0xc STM32_F103C6_Drivers/MCAL/EXTI/EXTI.o
 .group         0x0000000000000000        0xc STM32_F103C6_Drivers/MCAL/EXTI/EXTI.o
 .group         0x0000000000000000        0xc STM32_F103C6_Drivers/MCAL/EXTI/EXTI.o
 .group         0x0000000000000000        0xc STM32_F103C6_Drivers/MCAL/EXTI/EXTI.o
 .text          0x0000000000000000        0x0 STM32_F103C6_Drivers/MCAL/EXTI/EXTI.o
 .data          0x0000000000000000        0x0 STM32_F103C6_Drivers/MCAL/EXTI/EXTI.o
 .bss           0x0000000000000000        0x0 STM32_F103C6_Drivers/MCAL/EXTI/EXTI.o
 .text.MCAL_EXTI_DeInit
                0x0000000000000000       0x94 STM32_F103C6_Drivers/MCAL/EXTI/EXTI.o
 .text.MCAL_EXTI_Update
                0x0000000000000000       0x16 STM32_F103C6_Drivers/MCAL/EXTI/EXTI.o
 .debug_macro   0x0000000000000000      0xa60 STM32_F103C6_Drivers/MCAL/EXTI/EXTI.o
 .debug_macro   0x0000000000000000       0x2e STM32_F103C6_Drivers/MCAL/EXTI/EXTI.o
 .debug_macro   0x0000000000000000       0x18 STM32_F103C6_Drivers/MCAL/EXTI/EXTI.o
 .debug_macro   0x0000000000000000       0x22 STM32_F103C6_Drivers/MCAL/EXTI/EXTI.o
 .debug_macro   0x0000000000000000       0x40 STM32_F103C6_Drivers/MCAL/EXTI/EXTI.o
 .debug_macro   0x0000000000000000       0x94 STM32_F103C6_Drivers/MCAL/EXTI/EXTI.o
 .debug_macro   0x0000000000000000       0x3c STM32_F103C6_Drivers/MCAL/EXTI/EXTI.o
 .debug_macro   0x0000000000000000       0x34 STM32_F103C6_Drivers/MCAL/EXTI/EXTI.o
 .debug_macro   0x0000000000000000       0x16 STM32_F103C6_Drivers/MCAL/EXTI/EXTI.o
 .debug_macro   0x0000000000000000      0x10e STM32_F103C6_Drivers/MCAL/EXTI/EXTI.o
 .debug_macro   0x0000000000000000       0x8d STM32_F103C6_Drivers/MCAL/EXTI/EXTI.o
 .debug_macro   0x0000000000000000       0x57 STM32_F103C6_Drivers/MCAL/EXTI/EXTI.o
 .debug_macro   0x0000000000000000       0x52 STM32_F103C6_Drivers/MCAL/EXTI/EXTI.o
 .debug_macro   0x0000000000000000       0x1f STM32_F103C6_Drivers/MCAL/EXTI/EXTI.o
 .debug_macro   0x0000000000000000       0x43 STM32_F103C6_Drivers/MCAL/EXTI/EXTI.o
 .debug_macro   0x0000000000000000       0x20 STM32_F103C6_Drivers/MCAL/EXTI/EXTI.o
 .debug_macro   0x0000000000000000      0x1a3 STM32_F103C6_Drivers/MCAL/EXTI/EXTI.o
 .debug_macro   0x0000000000000000      0x330 STM32_F103C6_Drivers/MCAL/EXTI/EXTI.o
 .debug_macro   0x0000000000000000       0x16 STM32_F103C6_Drivers/MCAL/EXTI/EXTI.o
 .debug_macro   0x0000000000000000       0x29 STM32_F103C6_Drivers/MCAL/EXTI/EXTI.o
 .debug_macro   0x0000000000000000      0x1b0 STM32_F103C6_Drivers/MCAL/EXTI/EXTI.o
 .debug_macro   0x0000000000000000       0xc4 STM32_F103C6_Drivers/MCAL/EXTI/EXTI.o
 .group         0x0000000000000000        0xc STM32_F103C6_Drivers/MCAL/GPIO/GPIO.o
 .group         0x0000000000000000        0xc STM32_F103C6_Drivers/MCAL/GPIO/GPIO.o
 .group         0x0000000000000000        0xc STM32_F103C6_Drivers/MCAL/GPIO/GPIO.o
 .group         0x0000000000000000        0xc STM32_F103C6_Drivers/MCAL/GPIO/GPIO.o
 .group         0x0000000000000000        0xc STM32_F103C6_Drivers/MCAL/GPIO/GPIO.o
 .group         0x0000000000000000        0xc STM32_F103C6_Drivers/MCAL/GPIO/GPIO.o
 .group         0x0000000000000000        0xc STM32_F103C6_Drivers/MCAL/GPIO/GPIO.o
 .group         0x0000000000000000        0xc STM32_F103C6_Drivers/MCAL/GPIO/GPIO.o
 .group         0x0000000000000000        0xc STM32_F103C6_Drivers/MCAL/GPIO/GPIO.o
 .group         0x0000000000000000        0xc STM32_F103C6_Drivers/MCAL/GPIO/GPIO.o
 .group         0x0000000000000000        0xc STM32_F103C6_Drivers/MCAL/GPIO/GPIO.o
 .group         0x0000000000000000        0xc STM32_F103C6_Drivers/MCAL/GPIO/GPIO.o
 .group         0x0000000000000000        0xc STM32_F103C6_Drivers/MCAL/GPIO/GPIO.o
 .group         0x0000000000000000        0xc STM32_F103C6_Drivers/MCAL/GPIO/GPIO.o
 .group         0x0000000000000000        0xc STM32_F103C6_Drivers/MCAL/GPIO/GPIO.o
 .group         0x0000000000000000        0xc STM32_F103C6_Drivers/MCAL/GPIO/GPIO.o
 .group         0x0000000000000000        0xc STM32_F103C6_Drivers/MCAL/GPIO/GPIO.o
 .group         0x0000000000000000        0xc STM32_F103C6_Drivers/MCAL/GPIO/GPIO.o
 .group         0x0000000000000000        0xc STM32_F103C6_Drivers/MCAL/GPIO/GPIO.o
 .group         0x0000000000000000        0xc STM32_F103C6_Drivers/MCAL/GPIO/GPIO.o
 .group         0x0000000000000000        0xc STM32_F103C6_Drivers/MCAL/GPIO/GPIO.o
 .group         0x0000000000000000        0xc STM32_F103C6_Drivers/MCAL/GPIO/GPIO.o
 .text          0x0000000000000000        0x0 STM32_F103C6_Drivers/MCAL/GPIO/GPIO.o
 .data          0x0000000000000000        0x0 STM32_F103C6_Drivers/MCAL/GPIO/GPIO.o
 .bss           0x0000000000000000        0x0 STM32_F103C6_Drivers/MCAL/GPIO/GPIO.o
 .text.MCAL_GPIO_DeInit
                0x0000000000000000       0x3a STM32_F103C6_Drivers/MCAL/GPIO/GPIO.o
 .text.MCAL_GPIO_Port_Write
                0x0000000000000000       0x1c STM32_F103C6_Drivers/MCAL/GPIO/GPIO.o
 .text.MCAL_GPIO_Pin_Read
                0x0000000000000000       0x34 STM32_F103C6_Drivers/MCAL/GPIO/GPIO.o
 .text.MCAL_GPIO_Pin_Toggle
                0x0000000000000000       0x28 STM32_F103C6_Drivers/MCAL/GPIO/GPIO.o
 .text.MCAL_GPIO_Port_Read
                0x0000000000000000       0x1a STM32_F103C6_Drivers/MCAL/GPIO/GPIO.o
 .text.MCAL_GPIO_Pin_Lock
                0x0000000000000000       0x5e STM32_F103C6_Drivers/MCAL/GPIO/GPIO.o
 .debug_macro   0x0000000000000000      0xa60 STM32_F103C6_Drivers/MCAL/GPIO/GPIO.o
 .debug_macro   0x0000000000000000       0x2e STM32_F103C6_Drivers/MCAL/GPIO/GPIO.o
 .debug_macro   0x0000000000000000       0x18 STM32_F103C6_Drivers/MCAL/GPIO/GPIO.o
 .debug_macro   0x0000000000000000       0x22 STM32_F103C6_Drivers/MCAL/GPIO/GPIO.o
 .debug_macro   0x0000000000000000       0x40 STM32_F103C6_Drivers/MCAL/GPIO/GPIO.o
 .debug_macro   0x0000000000000000       0x94 STM32_F103C6_Drivers/MCAL/GPIO/GPIO.o
 .debug_macro   0x0000000000000000       0x3c STM32_F103C6_Drivers/MCAL/GPIO/GPIO.o
 .debug_macro   0x0000000000000000       0x34 STM32_F103C6_Drivers/MCAL/GPIO/GPIO.o
 .debug_macro   0x0000000000000000       0x16 STM32_F103C6_Drivers/MCAL/GPIO/GPIO.o
 .debug_macro   0x0000000000000000      0x10e STM32_F103C6_Drivers/MCAL/GPIO/GPIO.o
 .debug_macro   0x0000000000000000       0x8d STM32_F103C6_Drivers/MCAL/GPIO/GPIO.o
 .debug_macro   0x0000000000000000       0x57 STM32_F103C6_Drivers/MCAL/GPIO/GPIO.o
 .debug_macro   0x0000000000000000       0x52 STM32_F103C6_Drivers/MCAL/GPIO/GPIO.o
 .debug_macro   0x0000000000000000       0x1f STM32_F103C6_Drivers/MCAL/GPIO/GPIO.o
 .debug_macro   0x0000000000000000       0x43 STM32_F103C6_Drivers/MCAL/GPIO/GPIO.o
 .debug_macro   0x0000000000000000       0x20 STM32_F103C6_Drivers/MCAL/GPIO/GPIO.o
 .debug_macro   0x0000000000000000      0x1a3 STM32_F103C6_Drivers/MCAL/GPIO/GPIO.o
 .debug_macro   0x0000000000000000      0x330 STM32_F103C6_Drivers/MCAL/GPIO/GPIO.o
 .debug_macro   0x0000000000000000       0x16 STM32_F103C6_Drivers/MCAL/GPIO/GPIO.o
 .debug_macro   0x0000000000000000       0x29 STM32_F103C6_Drivers/MCAL/GPIO/GPIO.o
 .debug_macro   0x0000000000000000      0x1b0 STM32_F103C6_Drivers/MCAL/GPIO/GPIO.o
 .debug_macro   0x0000000000000000       0xc4 STM32_F103C6_Drivers/MCAL/GPIO/GPIO.o
 .group         0x0000000000000000        0xc STM32_F103C6_Drivers/main.o
 .group         0x0000000000000000        0xc STM32_F103C6_Drivers/main.o
 .group         0x0000000000000000        0xc STM32_F103C6_Drivers/main.o
 .group         0x0000000000000000        0xc STM32_F103C6_Drivers/main.o
 .group         0x0000000000000000        0xc STM32_F103C6_Drivers/main.o
 .group         0x0000000000000000        0xc STM32_F103C6_Drivers/main.o
 .group         0x0000000000000000        0xc STM32_F103C6_Drivers/main.o
 .group         0x0000000000000000        0xc STM32_F103C6_Drivers/main.o
 .group         0x0000000000000000        0xc STM32_F103C6_Drivers/main.o
 .group         0x0000000000000000        0xc STM32_F103C6_Drivers/main.o
 .group         0x0000000000000000        0xc STM32_F103C6_Drivers/main.o
 .group         0x0000000000000000        0xc STM32_F103C6_Drivers/main.o
 .group         0x0000000000000000        0xc STM32_F103C6_Drivers/main.o
 .group         0x0000000000000000        0xc STM32_F103C6_Drivers/main.o
 .group         0x0000000000000000        0xc STM32_F103C6_Drivers/main.o
 .group         0x0000000000000000        0xc STM32_F103C6_Drivers/main.o
 .group         0x0000000000000000        0xc STM32_F103C6_Drivers/main.o
 .group         0x0000000000000000        0xc STM32_F103C6_Drivers/main.o
 .group         0x0000000000000000        0xc STM32_F103C6_Drivers/main.o
 .group         0x0000000000000000        0xc STM32_F103C6_Drivers/main.o
 .group         0x0000000000000000        0xc STM32_F103C6_Drivers/main.o
 .group         0x0000000000000000        0xc STM32_F103C6_Drivers/main.o
 .group         0x0000000000000000        0xc STM32_F103C6_Drivers/main.o
 .group         0x0000000000000000        0xc STM32_F103C6_Drivers/main.o
 .group         0x0000000000000000        0xc STM32_F103C6_Drivers/main.o
 .text          0x0000000000000000        0x0 STM32_F103C6_Drivers/main.o
 .data          0x0000000000000000        0x0 STM32_F103C6_Drivers/main.o
 .bss           0x0000000000000000        0x0 STM32_F103C6_Drivers/main.o
 .text.GPIO_init
                0x0000000000000000       0x40 STM32_F103C6_Drivers/main.o
 .debug_macro   0x0000000000000000      0xa60 STM32_F103C6_Drivers/main.o
 .debug_macro   0x0000000000000000       0x18 STM32_F103C6_Drivers/main.o
 .debug_macro   0x0000000000000000       0x22 STM32_F103C6_Drivers/main.o
 .debug_macro   0x0000000000000000       0x40 STM32_F103C6_Drivers/main.o
 .debug_macro   0x0000000000000000       0x94 STM32_F103C6_Drivers/main.o
 .debug_macro   0x0000000000000000       0x3c STM32_F103C6_Drivers/main.o
 .debug_macro   0x0000000000000000       0x34 STM32_F103C6_Drivers/main.o
 .debug_macro   0x0000000000000000       0x16 STM32_F103C6_Drivers/main.o
 .debug_macro   0x0000000000000000      0x10e STM32_F103C6_Drivers/main.o
 .debug_macro   0x0000000000000000       0x8d STM32_F103C6_Drivers/main.o
 .debug_macro   0x0000000000000000       0x57 STM32_F103C6_Drivers/main.o
 .debug_macro   0x0000000000000000       0x52 STM32_F103C6_Drivers/main.o
 .debug_macro   0x0000000000000000       0x1f STM32_F103C6_Drivers/main.o
 .debug_macro   0x0000000000000000       0x43 STM32_F103C6_Drivers/main.o
 .debug_macro   0x0000000000000000       0x20 STM32_F103C6_Drivers/main.o
 .debug_macro   0x0000000000000000      0x1a3 STM32_F103C6_Drivers/main.o
 .debug_macro   0x0000000000000000      0x330 STM32_F103C6_Drivers/main.o
 .debug_macro   0x0000000000000000       0x16 STM32_F103C6_Drivers/main.o
 .debug_macro   0x0000000000000000       0x29 STM32_F103C6_Drivers/main.o
 .debug_macro   0x0000000000000000       0x2e STM32_F103C6_Drivers/main.o
 .debug_macro   0x0000000000000000      0x1b0 STM32_F103C6_Drivers/main.o
 .debug_macro   0x0000000000000000       0xc4 STM32_F103C6_Drivers/main.o
 .debug_macro   0x0000000000000000       0x94 STM32_F103C6_Drivers/main.o
 .debug_macro   0x0000000000000000       0x2e STM32_F103C6_Drivers/main.o
 .debug_macro   0x0000000000000000      0x214 STM32_F103C6_Drivers/main.o
 .group         0x0000000000000000        0xc Src/syscalls.o
 .group         0x0000000000000000        0xc Src/syscalls.o
 .group         0x0000000000000000        0xc Src/syscalls.o
 .group         0x0000000000000000        0xc Src/syscalls.o
 .group         0x0000000000000000        0xc Src/syscalls.o
 .group         0x0000000000000000        0xc Src/syscalls.o
 .group         0x0000000000000000        0xc Src/syscalls.o
 .group         0x0000000000000000        0xc Src/syscalls.o
 .group         0x0000000000000000        0xc Src/syscalls.o
 .group         0x0000000000000000        0xc Src/syscalls.o
 .group         0x0000000000000000        0xc Src/syscalls.o
 .group         0x0000000000000000        0xc Src/syscalls.o
 .group         0x0000000000000000        0xc Src/syscalls.o
 .group         0x0000000000000000        0xc Src/syscalls.o
 .group         0x0000000000000000        0xc Src/syscalls.o
 .group         0x0000000000000000        0xc Src/syscalls.o
 .group         0x0000000000000000        0xc Src/syscalls.o
 .group         0x0000000000000000        0xc Src/syscalls.o
 .group         0x0000000000000000        0xc Src/syscalls.o
 .group         0x0000000000000000        0xc Src/syscalls.o
 .group         0x0000000000000000        0xc Src/syscalls.o
 .group         0x0000000000000000        0xc Src/syscalls.o
 .group         0x0000000000000000        0xc Src/syscalls.o
 .group         0x0000000000000000        0xc Src/syscalls.o
 .group         0x0000000000000000        0xc Src/syscalls.o
 .group         0x0000000000000000        0xc Src/syscalls.o
 .group         0x0000000000000000        0xc Src/syscalls.o
 .group         0x0000000000000000        0xc Src/syscalls.o
 .group         0x0000000000000000        0xc Src/syscalls.o
 .group         0x0000000000000000        0xc Src/syscalls.o
 .group         0x0000000000000000        0xc Src/syscalls.o
 .group         0x0000000000000000        0xc Src/syscalls.o
 .group         0x0000000000000000        0xc Src/syscalls.o
 .group         0x0000000000000000        0xc Src/syscalls.o
 .group         0x0000000000000000        0xc Src/syscalls.o
 .group         0x0000000000000000        0xc Src/syscalls.o
 .group         0x0000000000000000        0xc Src/syscalls.o
 .group         0x0000000000000000        0xc Src/syscalls.o
 .group         0x0000000000000000        0xc Src/syscalls.o
 .group         0x0000000000000000        0xc Src/syscalls.o
 .group         0x0000000000000000        0xc Src/syscalls.o
 .group         0x0000000000000000        0xc Src/syscalls.o
 .group         0x0000000000000000        0xc Src/syscalls.o
 .group         0x0000000000000000        0xc Src/syscalls.o
 .text          0x0000000000000000        0x0 Src/syscalls.o
 .data          0x0000000000000000        0x0 Src/syscalls.o
 .bss           0x0000000000000000        0x0 Src/syscalls.o
 .bss.__env     0x0000000000000000        0x4 Src/syscalls.o
 .data.environ  0x0000000000000000        0x4 Src/syscalls.o
 .text.initialise_monitor_handles
                0x0000000000000000        0xc Src/syscalls.o
 .text._getpid  0x0000000000000000        0xe Src/syscalls.o
 .text._kill    0x0000000000000000       0x20 Src/syscalls.o
 .text._exit    0x0000000000000000       0x14 Src/syscalls.o
 .text._read    0x0000000000000000       0x3a Src/syscalls.o
 .text._write   0x0000000000000000       0x38 Src/syscalls.o
 .text._close   0x0000000000000000       0x16 Src/syscalls.o
 .text._fstat   0x0000000000000000       0x1e Src/syscalls.o
 .text._isatty  0x0000000000000000       0x14 Src/syscalls.o
 .text._lseek   0x0000000000000000       0x18 Src/syscalls.o
 .text._open    0x0000000000000000       0x1a Src/syscalls.o
 .text._wait    0x0000000000000000       0x1e Src/syscalls.o
 .text._unlink  0x0000000000000000       0x1e Src/syscalls.o
 .text._times   0x0000000000000000       0x16 Src/syscalls.o
 .text._stat    0x0000000000000000       0x1e Src/syscalls.o
 .text._link    0x0000000000000000       0x20 Src/syscalls.o
 .text._fork    0x0000000000000000       0x16 Src/syscalls.o
 .text._execve  0x0000000000000000       0x22 Src/syscalls.o
 .debug_info    0x0000000000000000     0x1038 Src/syscalls.o
 .debug_abbrev  0x0000000000000000      0x254 Src/syscalls.o
 .debug_loc     0x0000000000000000      0x5b8 Src/syscalls.o
 .debug_aranges
                0x0000000000000000       0xa8 Src/syscalls.o
 .debug_ranges  0x0000000000000000       0x98 Src/syscalls.o
 .debug_macro   0x0000000000000000      0x243 Src/syscalls.o
 .debug_macro   0x0000000000000000      0xa60 Src/syscalls.o
 .debug_macro   0x0000000000000000       0x22 Src/syscalls.o
 .debug_macro   0x0000000000000000       0x40 Src/syscalls.o
 .debug_macro   0x0000000000000000       0x18 Src/syscalls.o
 .debug_macro   0x0000000000000000       0x94 Src/syscalls.o
 .debug_macro   0x0000000000000000       0x3c Src/syscalls.o
 .debug_macro   0x0000000000000000       0x34 Src/syscalls.o
 .debug_macro   0x0000000000000000       0x57 Src/syscalls.o
 .debug_macro   0x0000000000000000      0x174 Src/syscalls.o
 .debug_macro   0x0000000000000000      0x330 Src/syscalls.o
 .debug_macro   0x0000000000000000       0x52 Src/syscalls.o
 .debug_macro   0x0000000000000000       0x1f Src/syscalls.o
 .debug_macro   0x0000000000000000       0x43 Src/syscalls.o
 .debug_macro   0x0000000000000000       0x20 Src/syscalls.o
 .debug_macro   0x0000000000000000      0x1a3 Src/syscalls.o
 .debug_macro   0x0000000000000000       0x10 Src/syscalls.o
 .debug_macro   0x0000000000000000       0x35 Src/syscalls.o
 .debug_macro   0x0000000000000000       0x10 Src/syscalls.o
 .debug_macro   0x0000000000000000       0x10 Src/syscalls.o
 .debug_macro   0x0000000000000000       0x10 Src/syscalls.o
 .debug_macro   0x0000000000000000       0x6a Src/syscalls.o
 .debug_macro   0x0000000000000000       0x1c Src/syscalls.o
 .debug_macro   0x0000000000000000       0x52 Src/syscalls.o
 .debug_macro   0x0000000000000000       0x40 Src/syscalls.o
 .debug_macro   0x0000000000000000       0x10 Src/syscalls.o
 .debug_macro   0x0000000000000000       0x40 Src/syscalls.o
 .debug_macro   0x0000000000000000       0xd7 Src/syscalls.o
 .debug_macro   0x0000000000000000       0x1c Src/syscalls.o
 .debug_macro   0x0000000000000000       0x3d Src/syscalls.o
 .debug_macro   0x0000000000000000       0x35 Src/syscalls.o
 .debug_macro   0x0000000000000000      0x122 Src/syscalls.o
 .debug_macro   0x0000000000000000       0x16 Src/syscalls.o
 .debug_macro   0x0000000000000000       0x16 Src/syscalls.o
 .debug_macro   0x0000000000000000       0x29 Src/syscalls.o
 .debug_macro   0x0000000000000000       0x10 Src/syscalls.o
 .debug_macro   0x0000000000000000      0x241 Src/syscalls.o
 .debug_macro   0x0000000000000000       0x1c Src/syscalls.o
 .debug_macro   0x0000000000000000       0x10 Src/syscalls.o
 .debug_macro   0x0000000000000000       0x10 Src/syscalls.o
 .debug_macro   0x0000000000000000       0x16 Src/syscalls.o
 .debug_macro   0x0000000000000000      0x145 Src/syscalls.o
 .debug_macro   0x0000000000000000      0x189 Src/syscalls.o
 .debug_macro   0x0000000000000000       0x16 Src/syscalls.o
 .debug_macro   0x0000000000000000       0x88 Src/syscalls.o
 .debug_line    0x0000000000000000      0x739 Src/syscalls.o
 .debug_str     0x0000000000000000     0x8872 Src/syscalls.o
 .comment       0x0000000000000000       0x7c Src/syscalls.o
 .debug_frame   0x0000000000000000      0x2ac Src/syscalls.o
 .ARM.attributes
                0x0000000000000000       0x33 Src/syscalls.o
 .group         0x0000000000000000        0xc Src/sysmem.o
 .group         0x0000000000000000        0xc Src/sysmem.o
 .group         0x0000000000000000        0xc Src/sysmem.o
 .group         0x0000000000000000        0xc Src/sysmem.o
 .group         0x0000000000000000        0xc Src/sysmem.o
 .group         0x0000000000000000        0xc Src/sysmem.o
 .group         0x0000000000000000        0xc Src/sysmem.o
 .group         0x0000000000000000        0xc Src/sysmem.o
 .group         0x0000000000000000        0xc Src/sysmem.o
 .group         0x0000000000000000        0xc Src/sysmem.o
 .group         0x0000000000000000        0xc Src/sysmem.o
 .group         0x0000000000000000        0xc Src/sysmem.o
 .group         0x0000000000000000        0xc Src/sysmem.o
 .group         0x0000000000000000        0xc Src/sysmem.o
 .group         0x0000000000000000        0xc Src/sysmem.o
 .group         0x0000000000000000        0xc Src/sysmem.o
 .group         0x0000000000000000        0xc Src/sysmem.o
 .group         0x0000000000000000        0xc Src/sysmem.o
 .group         0x0000000000000000        0xc Src/sysmem.o
 .text          0x0000000000000000        0x0 Src/sysmem.o
 .data          0x0000000000000000        0x0 Src/sysmem.o
 .bss           0x0000000000000000        0x0 Src/sysmem.o
 .bss.__sbrk_heap_end
                0x0000000000000000        0x4 Src/sysmem.o
 .text._sbrk    0x0000000000000000       0x6c Src/sysmem.o
 .debug_info    0x0000000000000000      0xa7c Src/sysmem.o
 .debug_abbrev  0x0000000000000000      0x18e Src/sysmem.o
 .debug_loc     0x0000000000000000       0x50 Src/sysmem.o
 .debug_aranges
                0x0000000000000000       0x20 Src/sysmem.o
 .debug_ranges  0x0000000000000000       0x10 Src/sysmem.o
 .debug_macro   0x0000000000000000       0xee Src/sysmem.o
 .debug_macro   0x0000000000000000      0xa60 Src/sysmem.o
 .debug_macro   0x0000000000000000       0x10 Src/sysmem.o
 .debug_macro   0x0000000000000000       0x22 Src/sysmem.o
 .debug_macro   0x0000000000000000       0x40 Src/sysmem.o
 .debug_macro   0x0000000000000000       0x18 Src/sysmem.o
 .debug_macro   0x0000000000000000       0x94 Src/sysmem.o
 .debug_macro   0x0000000000000000       0x3c Src/sysmem.o
 .debug_macro   0x0000000000000000       0x34 Src/sysmem.o
 .debug_macro   0x0000000000000000      0x174 Src/sysmem.o
 .debug_macro   0x0000000000000000       0x57 Src/sysmem.o
 .debug_macro   0x0000000000000000       0x52 Src/sysmem.o
 .debug_macro   0x0000000000000000       0x1f Src/sysmem.o
 .debug_macro   0x0000000000000000       0x43 Src/sysmem.o
 .debug_macro   0x0000000000000000       0x20 Src/sysmem.o
 .debug_macro   0x0000000000000000      0x1a3 Src/sysmem.o
 .debug_macro   0x0000000000000000      0x23b Src/sysmem.o
 .debug_macro   0x0000000000000000       0xef Src/sysmem.o
 .debug_macro   0x0000000000000000       0x6a Src/sysmem.o
 .debug_macro   0x0000000000000000      0x1df Src/sysmem.o
 .debug_line    0x0000000000000000      0x4c2 Src/sysmem.o
 .debug_str     0x0000000000000000     0x5f40 Src/sysmem.o
 .comment       0x0000000000000000       0x7c Src/sysmem.o
 .debug_frame   0x0000000000000000       0x34 Src/sysmem.o
 .ARM.attributes
                0x0000000000000000       0x33 Src/sysmem.o
 .text          0x0000000000000000       0x14 Startup/startup_stm32f103c6tx.o
 .data          0x0000000000000000        0x0 Startup/startup_stm32f103c6tx.o
 .bss           0x0000000000000000        0x0 Startup/startup_stm32f103c6tx.o
 .text          0x0000000000000000        0x0 c:/st/stm32cubeide_1.4.0/stm32cubeide/plugins/com.st.stm32cube.ide.mcu.externaltools.gnu-tools-for-stm32.7-2018-q2-update.win32_1.4.0.202007081208/tools/bin/../lib/gcc/arm-none-eabi/7.3.1/../../../../arm-none-eabi/lib/thumb/v7-m\libc_nano.a(lib_a-errno.o)
 .data          0x0000000000000000        0x0 c:/st/stm32cubeide_1.4.0/stm32cubeide/plugins/com.st.stm32cube.ide.mcu.externaltools.gnu-tools-for-stm32.7-2018-q2-update.win32_1.4.0.202007081208/tools/bin/../lib/gcc/arm-none-eabi/7.3.1/../../../../arm-none-eabi/lib/thumb/v7-m\libc_nano.a(lib_a-errno.o)
 .bss           0x0000000000000000        0x0 c:/st/stm32cubeide_1.4.0/stm32cubeide/plugins/com.st.stm32cube.ide.mcu.externaltools.gnu-tools-for-stm32.7-2018-q2-update.win32_1.4.0.202007081208/tools/bin/../lib/gcc/arm-none-eabi/7.3.1/../../../../arm-none-eabi/lib/thumb/v7-m\libc_nano.a(lib_a-errno.o)
 .text.__errno  0x0000000000000000        0xc c:/st/stm32cubeide_1.4.0/stm32cubeide/plugins/com.st.stm32cube.ide.mcu.externaltools.gnu-tools-for-stm32.7-2018-q2-update.win32_1.4.0.202007081208/tools/bin/../lib/gcc/arm-none-eabi/7.3.1/../../../../arm-none-eabi/lib/thumb/v7-m\libc_nano.a(lib_a-errno.o)
 .debug_frame   0x0000000000000000       0x20 c:/st/stm32cubeide_1.4.0/stm32cubeide/plugins/com.st.stm32cube.ide.mcu.externaltools.gnu-tools-for-stm32.7-2018-q2-update.win32_1.4.0.202007081208/tools/bin/../lib/gcc/arm-none-eabi/7.3.1/../../../../arm-none-eabi/lib/thumb/v7-m\libc_nano.a(lib_a-errno.o)
 .ARM.attributes
                0x0000000000000000       0x2d c:/st/stm32cubeide_1.4.0/stm32cubeide/plugins/com.st.stm32cube.ide.mcu.externaltools.gnu-tools-for-stm32.7-2018-q2-update.win32_1.4.0.202007081208/tools/bin/../lib/gcc/arm-none-eabi/7.3.1/../../../../arm-none-eabi/lib/thumb/v7-m\libc_nano.a(lib_a-errno.o)
 .text          0x0000000000000000        0x0 c:/st/stm32cubeide_1.4.0/stm32cubeide/plugins/com.st.stm32cube.ide.mcu.externaltools.gnu-tools-for-stm32.7-2018-q2-update.win32_1.4.0.202007081208/tools/bin/../lib/gcc/arm-none-eabi/7.3.1/../../../../arm-none-eabi/lib/thumb/v7-m\libc_nano.a(lib_a-exit.o)
 .data          0x0000000000000000        0x0 c:/st/stm32cubeide_1.4.0/stm32cubeide/plugins/com.st.stm32cube.ide.mcu.externaltools.gnu-tools-for-stm32.7-2018-q2-update.win32_1.4.0.202007081208/tools/bin/../lib/gcc/arm-none-eabi/7.3.1/../../../../arm-none-eabi/lib/thumb/v7-m\libc_nano.a(lib_a-exit.o)
 .bss           0x0000000000000000        0x0 c:/st/stm32cubeide_1.4.0/stm32cubeide/plugins/com.st.stm32cube.ide.mcu.externaltools.gnu-tools-for-stm32.7-2018-q2-update.win32_1.4.0.202007081208/tools/bin/../lib/gcc/arm-none-eabi/7.3.1/../../../../arm-none-eabi/lib/thumb/v7-m\libc_nano.a(lib_a-exit.o)
 .text.exit     0x0000000000000000       0x28 c:/st/stm32cubeide_1.4.0/stm32cubeide/plugins/com.st.stm32cube.ide.mcu.externaltools.gnu-tools-for-stm32.7-2018-q2-update.win32_1.4.0.202007081208/tools/bin/../lib/gcc/arm-none-eabi/7.3.1/../../../../arm-none-eabi/lib/thumb/v7-m\libc_nano.a(lib_a-exit.o)
 .debug_frame   0x0000000000000000       0x28 c:/st/stm32cubeide_1.4.0/stm32cubeide/plugins/com.st.stm32cube.ide.mcu.externaltools.gnu-tools-for-stm32.7-2018-q2-update.win32_1.4.0.202007081208/tools/bin/../lib/gcc/arm-none-eabi/7.3.1/../../../../arm-none-eabi/lib/thumb/v7-m\libc_nano.a(lib_a-exit.o)
 .ARM.attributes
                0x0000000000000000       0x2d c:/st/stm32cubeide_1.4.0/stm32cubeide/plugins/com.st.stm32cube.ide.mcu.externaltools.gnu-tools-for-stm32.7-2018-q2-update.win32_1.4.0.202007081208/tools/bin/../lib/gcc/arm-none-eabi/7.3.1/../../../../arm-none-eabi/lib/thumb/v7-m\libc_nano.a(lib_a-exit.o)
 .text          0x0000000000000000        0x0 c:/st/stm32cubeide_1.4.0/stm32cubeide/plugins/com.st.stm32cube.ide.mcu.externaltools.gnu-tools-for-stm32.7-2018-q2-update.win32_1.4.0.202007081208/tools/bin/../lib/gcc/arm-none-eabi/7.3.1/../../../../arm-none-eabi/lib/thumb/v7-m\libc_nano.a(lib_a-impure.o)
 .data          0x0000000000000000        0x0 c:/st/stm32cubeide_1.4.0/stm32cubeide/plugins/com.st.stm32cube.ide.mcu.externaltools.gnu-tools-for-stm32.7-2018-q2-update.win32_1.4.0.202007081208/tools/bin/../lib/gcc/arm-none-eabi/7.3.1/../../../../arm-none-eabi/lib/thumb/v7-m\libc_nano.a(lib_a-impure.o)
 .bss           0x0000000000000000        0x0 c:/st/stm32cubeide_1.4.0/stm32cubeide/plugins/com.st.stm32cube.ide.mcu.externaltools.gnu-tools-for-stm32.7-2018-q2-update.win32_1.4.0.202007081208/tools/bin/../lib/gcc/arm-none-eabi/7.3.1/../../../../arm-none-eabi/lib/thumb/v7-m\libc_nano.a(lib_a-impure.o)
 .data._impure_ptr
                0x0000000000000000        0x4 c:/st/stm32cubeide_1.4.0/stm32cubeide/plugins/com.st.stm32cube.ide.mcu.externaltools.gnu-tools-for-stm32.7-2018-q2-update.win32_1.4.0.202007081208/tools/bin/../lib/gcc/arm-none-eabi/7.3.1/../../../../arm-none-eabi/lib/thumb/v7-m\libc_nano.a(lib_a-impure.o)
 .data.impure_data
                0x0000000000000000       0x60 c:/st/stm32cubeide_1.4.0/stm32cubeide/plugins/com.st.stm32cube.ide.mcu.externaltools.gnu-tools-for-stm32.7-2018-q2-update.win32_1.4.0.202007081208/tools/bin/../lib/gcc/arm-none-eabi/7.3.1/../../../../arm-none-eabi/lib/thumb/v7-m\libc_nano.a(lib_a-impure.o)
 .rodata._global_impure_ptr
                0x0000000000000000        0x4 c:/st/stm32cubeide_1.4.0/stm32cubeide/plugins/com.st.stm32cube.ide.mcu.externaltools.gnu-tools-for-stm32.7-2018-q2-update.win32_1.4.0.202007081208/tools/bin/../lib/gcc/arm-none-eabi/7.3.1/../../../../arm-none-eabi/lib/thumb/v7-m\libc_nano.a(lib_a-impure.o)
 .ARM.attributes
                0x0000000000000000       0x2d c:/st/stm32cubeide_1.4.0/stm32cubeide/plugins/com.st.stm32cube.ide.mcu.externaltools.gnu-tools-for-stm32.7-2018-q2-update.win32_1.4.0.202007081208/tools/bin/../lib/gcc/arm-none-eabi/7.3.1/../../../../arm-none-eabi/lib/thumb/v7-m\libc_nano.a(lib_a-impure.o)
 .text          0x0000000000000000        0x0 c:/st/stm32cubeide_1.4.0/stm32cubeide/plugins/com.st.stm32cube.ide.mcu.externaltools.gnu-tools-for-stm32.7-2018-q2-update.win32_1.4.0.202007081208/tools/bin/../lib/gcc/arm-none-eabi/7.3.1/../../../../arm-none-eabi/lib/thumb/v7-m\libc_nano.a(lib_a-init.o)
 .data          0x0000000000000000        0x0 c:/st/stm32cubeide_1.4.0/stm32cubeide/plugins/com.st.stm32cube.ide.mcu.externaltools.gnu-tools-for-stm32.7-2018-q2-update.win32_1.4.0.202007081208/tools/bin/../lib/gcc/arm-none-eabi/7.3.1/../../../../arm-none-eabi/lib/thumb/v7-m\libc_nano.a(lib_a-init.o)
 .bss           0x0000000000000000        0x0 c:/st/stm32cubeide_1.4.0/stm32cubeide/plugins/com.st.stm32cube.ide.mcu.externaltools.gnu-tools-for-stm32.7-2018-q2-update.win32_1.4.0.202007081208/tools/bin/../lib/gcc/arm-none-eabi/7.3.1/../../../../arm-none-eabi/lib/thumb/v7-m\libc_nano.a(lib_a-init.o)
 .text          0x0000000000000000        0x0 c:/st/stm32cubeide_1.4.0/stm32cubeide/plugins/com.st.stm32cube.ide.mcu.externaltools.gnu-tools-for-stm32.7-2018-q2-update.win32_1.4.0.202007081208/tools/bin/../lib/gcc/arm-none-eabi/7.3.1/../../../../arm-none-eabi/lib/thumb/v7-m\libc_nano.a(lib_a-memset.o)
 .data          0x0000000000000000        0x0 c:/st/stm32cubeide_1.4.0/stm32cubeide/plugins/com.st.stm32cube.ide.mcu.externaltools.gnu-tools-for-stm32.7-2018-q2-update.win32_1.4.0.202007081208/tools/bin/../lib/gcc/arm-none-eabi/7.3.1/../../../../arm-none-eabi/lib/thumb/v7-m\libc_nano.a(lib_a-memset.o)
 .bss           0x0000000000000000        0x0 c:/st/stm32cubeide_1.4.0/stm32cubeide/plugins/com.st.stm32cube.ide.mcu.externaltools.gnu-tools-for-stm32.7-2018-q2-update.win32_1.4.0.202007081208/tools/bin/../lib/gcc/arm-none-eabi/7.3.1/../../../../arm-none-eabi/lib/thumb/v7-m\libc_nano.a(lib_a-memset.o)
 .text.memset   0x0000000000000000       0x10 c:/st/stm32cubeide_1.4.0/stm32cubeide/plugins/com.st.stm32cube.ide.mcu.externaltools.gnu-tools-for-stm32.7-2018-q2-update.win32_1.4.0.202007081208/tools/bin/../lib/gcc/arm-none-eabi/7.3.1/../../../../arm-none-eabi/lib/thumb/v7-m\libc_nano.a(lib_a-memset.o)
 .debug_frame   0x0000000000000000       0x20 c:/st/stm32cubeide_1.4.0/stm32cubeide/plugins/com.st.stm32cube.ide.mcu.externaltools.gnu-tools-for-stm32.7-2018-q2-update.win32_1.4.0.202007081208/tools/bin/../lib/gcc/arm-none-eabi/7.3.1/../../../../arm-none-eabi/lib/thumb/v7-m\libc_nano.a(lib_a-memset.o)
 .ARM.attributes
                0x0000000000000000       0x2d c:/st/stm32cubeide_1.4.0/stm32cubeide/plugins/com.st.stm32cube.ide.mcu.externaltools.gnu-tools-for-stm32.7-2018-q2-update.win32_1.4.0.202007081208/tools/bin/../lib/gcc/arm-none-eabi/7.3.1/../../../../arm-none-eabi/lib/thumb/v7-m\libc_nano.a(lib_a-memset.o)
 .text          0x0000000000000000        0x0 c:/st/stm32cubeide_1.4.0/stm32cubeide/plugins/com.st.stm32cube.ide.mcu.externaltools.gnu-tools-for-stm32.7-2018-q2-update.win32_1.4.0.202007081208/tools/bin/../lib/gcc/arm-none-eabi/7.3.1/thumb/v7-m/crtend.o
 .data          0x0000000000000000        0x0 c:/st/stm32cubeide_1.4.0/stm32cubeide/plugins/com.st.stm32cube.ide.mcu.externaltools.gnu-tools-for-stm32.7-2018-q2-update.win32_1.4.0.202007081208/tools/bin/../lib/gcc/arm-none-eabi/7.3.1/thumb/v7-m/crtend.o
 .bss           0x0000000000000000        0x0 c:/st/stm32cubeide_1.4.0/stm32cubeide/plugins/com.st.stm32cube.ide.mcu.externaltools.gnu-tools-for-stm32.7-2018-q2-update.win32_1.4.0.202007081208/tools/bin/../lib/gcc/arm-none-eabi/7.3.1/thumb/v7-m/crtend.o
 .eh_frame      0x0000000000000000        0x4 c:/st/stm32cubeide_1.4.0/stm32cubeide/plugins/com.st.stm32cube.ide.mcu.externaltools.gnu-tools-for-stm32.7-2018-q2-update.win32_1.4.0.202007081208/tools/bin/../lib/gcc/arm-none-eabi/7.3.1/thumb/v7-m/crtend.o
 .ARM.attributes
                0x0000000000000000       0x2d c:/st/stm32cubeide_1.4.0/stm32cubeide/plugins/com.st.stm32cube.ide.mcu.externaltools.gnu-tools-for-stm32.7-2018-q2-update.win32_1.4.0.202007081208/tools/bin/../lib/gcc/arm-none-eabi/7.3.1/thumb/v7-m/crtend.o
 .text          0x0000000000000000        0x0 c:/st/stm32cubeide_1.4.0/stm32cubeide/plugins/com.st.stm32cube.ide.mcu.externaltools.gnu-tools-for-stm32.7-2018-q2-update.win32_1.4.0.202007081208/tools/bin/../lib/gcc/arm-none-eabi/7.3.1/thumb/v7-m/crtn.o
 .data          0x0000000000000000        0x0 c:/st/stm32cubeide_1.4.0/stm32cubeide/plugins/com.st.stm32cube.ide.mcu.externaltools.gnu-tools-for-stm32.7-2018-q2-update.win32_1.4.0.202007081208/tools/bin/../lib/gcc/arm-none-eabi/7.3.1/thumb/v7-m/crtn.o
 .bss           0x0000000000000000        0x0 c:/st/stm32cubeide_1.4.0/stm32cubeide/plugins/com.st.stm32cube.ide.mcu.externaltools.gnu-tools-for-stm32.7-2018-q2-update.win32_1.4.0.202007081208/tools/bin/../lib/gcc/arm-none-eabi/7.3.1/thumb/v7-m/crtn.o

Memory Configuration

Name             Origin             Length             Attributes
RAM              0x0000000020000000 0x0000000000002800 xrw
ROM              0x0000000008000000 0x0000000000008000 xr
*default*        0x0000000000000000 0xffffffffffffffff

Linker script and memory map

LOAD c:/st/stm32cubeide_1.4.0/stm32cubeide/plugins/com.st.stm32cube.ide.mcu.externaltools.gnu-tools-for-stm32.7-2018-q2-update.win32_1.4.0.202007081208/tools/bin/../lib/gcc/arm-none-eabi/7.3.1/thumb/v7-m/crti.o
LOAD c:/st/stm32cubeide_1.4.0/stm32cubeide/plugins/com.st.stm32cube.ide.mcu.externaltools.gnu-tools-for-stm32.7-2018-q2-update.win32_1.4.0.202007081208/tools/bin/../lib/gcc/arm-none-eabi/7.3.1/thumb/v7-m/crtbegin.o
LOAD c:/st/stm32cubeide_1.4.0/stm32cubeide/plugins/com.st.stm32cube.ide.mcu.externaltools.gnu-tools-for-stm32.7-2018-q2-update.win32_1.4.0.202007081208/tools/bin/../lib/gcc/arm-none-eabi/7.3.1/../../../../arm-none-eabi/lib/thumb/v7-m/crt0.o
LOAD STM32_F103C6_Drivers/HAL/KEYPAD/KEYPAD.o
LOAD STM32_F103C6_Drivers/HAL/LCD/LCD.o
LOAD STM32_F103C6_Drivers/MCAL/EXTI/EXTI.o
LOAD STM32_F103C6_Drivers/MCAL/GPIO/GPIO.o
LOAD STM32_F103C6_Drivers/main.o
LOAD Src/syscalls.o
LOAD Src/sysmem.o
LOAD Startup/startup_stm32f103c6tx.o
START GROUP
LOAD c:/st/stm32cubeide_1.4.0/stm32cubeide/plugins/com.st.stm32cube.ide.mcu.externaltools.gnu-tools-for-stm32.7-2018-q2-update.win32_1.4.0.202007081208/tools/bin/../lib/gcc/arm-none-eabi/7.3.1/../../../../arm-none-eabi/lib/thumb/v7-m\libc_nano.a
LOAD c:/st/stm32cubeide_1.4.0/stm32cubeide/plugins/com.st.stm32cube.ide.mcu.externaltools.gnu-tools-for-stm32.7-2018-q2-update.win32_1.4.0.202007081208/tools/bin/../lib/gcc/arm-none-eabi/7.3.1/../../../../arm-none-eabi/lib/thumb/v7-m\libm.a
END GROUP
START GROUP
LOAD c:/st/stm32cubeide_1.4.0/stm32cubeide/plugins/com.st.stm32cube.ide.mcu.externaltools.gnu-tools-for-stm32.7-2018-q2-update.win32_1.4.0.202007081208/tools/bin/../lib/gcc/arm-none-eabi/7.3.1/thumb/v7-m\libgcc.a
LOAD c:/st/stm32cubeide_1.4.0/stm32cubeide/plugins/com.st.stm32cube.ide.mcu.externaltools.gnu-tools-for-stm32.7-2018-q2-update.win32_1.4.0.202007081208/tools/bin/../lib/gcc/arm-none-eabi/7.3.1/../../../../arm-none-eabi/lib/thumb/v7-m\libg_nano.a
LOAD c:/st/stm32cubeide_1.4.0/stm32cubeide/plugins/com.st.stm32cube.ide.mcu.externaltools.gnu-tools-for-stm32.7-2018-q2-update.win32_1.4.0.202007081208/tools/bin/../lib/gcc/arm-none-eabi/7.3.1/../../../../arm-none-eabi/lib/thumb/v7-m\libc_nano.a
END GROUP
START GROUP
LOAD c:/st/stm32cubeide_1.4.0/stm32cubeide/plugins/com.st.stm32cube.ide.mcu.externaltools.gnu-tools-for-stm32.7-2018-q2-update.win32_1.4.0.202007081208/tools/bin/../lib/gcc/arm-none-eabi/7.3.1/thumb/v7-m\libgcc.a
LOAD c:/st/stm32cubeide_1.4.0/stm32cubeide/plugins/com.st.stm32cube.ide.mcu.externaltools.gnu-tools-for-stm32.7-2018-q2-update.win32_1.4.0.202007081208/tools/bin/../lib/gcc/arm-none-eabi/7.3.1/../../../../arm-none-eabi/lib/thumb/v7-m\libc_nano.a
LOAD c:/st/stm32cubeide_1.4.0/stm32cubeide/plugins/com.st.stm32cube.ide.mcu.externaltools.gnu-tools-for-stm32.7-2018-q2-update.win32_1.4.0.202007081208/tools/bin/../lib/gcc/arm-none-eabi/7.3.1/../../../../arm-none-eabi/lib/thumb/v7-m\libnosys.a
END GROUP
START GROUP
LOAD c:/st/stm32cubeide_1.4.0/stm32cubeide/plugins/com.st.stm32cube.ide.mcu.externaltools.gnu-tools-for-stm32.7-2018-q2-update.win32_1.4.0.202007081208/tools/bin/../lib/gcc/arm-none-eabi/7.3.1/thumb/v7-m\libgcc.a
LOAD c:/st/stm32cubeide_1.4.0/stm32cubeide/plugins/com.st.stm32cube.ide.mcu.externaltools.gnu-tools-for-stm32.7-2018-q2-update.win32_1.4.0.202007081208/tools/bin/../lib/gcc/arm-none-eabi/7.3.1/../../../../arm-none-eabi/lib/thumb/v7-m\libc_nano.a
LOAD c:/st/stm32cubeide_1.4.0/stm32cubeide/plugins/com.st.stm32cube.ide.mcu.externaltools.gnu-tools-for-stm32.7-2018-q2-update.win32_1.4.0.202007081208/tools/bin/../lib/gcc/arm-none-eabi/7.3.1/../../../../arm-none-eabi/lib/thumb/v7-m\libnosys.a
END GROUP
LOAD c:/st/stm32cubeide_1.4.0/stm32cubeide/plugins/com.st.stm32cube.ide.mcu.externaltools.gnu-tools-for-stm32.7-2018-q2-update.win32_1.4.0.202007081208/tools/bin/../lib/gcc/arm-none-eabi/7.3.1/thumb/v7-m/crtend.o
LOAD c:/st/stm32cubeide_1.4.0/stm32cubeide/plugins/com.st.stm32cube.ide.mcu.externaltools.gnu-tools-for-stm32.7-2018-q2-update.win32_1.4.0.202007081208/tools/bin/../lib/gcc/arm-none-eabi/7.3.1/thumb/v7-m/crtn.o
                0x0000000020002800                _estack = (ORIGIN (RAM) + LENGTH (RAM))
                0x0000000000000200                _Min_Heap_Size = 0x200
                0x0000000000000400                _Min_Stack_Size = 0x400

.isr_vector     0x0000000008000000      0x130
                0x0000000008000000                . = ALIGN (0x4)
 *(.isr_vector)
 .isr_vector    0x0000000008000000      0x130 Startup/startup_stm32f103c6tx.o
                0x0000000008000000                g_pfnVectors
                0x0000000008000130                . = ALIGN (0x4)

.text           0x0000000008000130      0xdac
                0x0000000008000130                . = ALIGN (0x4)
 *(.text)
 .text          0x0000000008000130       0x40 c:/st/stm32cubeide_1.4.0/stm32cubeide/plugins/com.st.stm32cube.ide.mcu.externaltools.gnu-tools-for-stm32.7-2018-q2-update.win32_1.4.0.202007081208/tools/bin/../lib/gcc/arm-none-eabi/7.3.1/thumb/v7-m/crtbegin.o
 *(.text*)
 .text.wait_ms  0x0000000008000170       0x38 STM32_F103C6_Drivers/HAL/LCD/LCD.o
                0x0000000008000170                wait_ms
 .text.Private_LCD_Pins_init
                0x00000000080001a8      0x124 STM32_F103C6_Drivers/HAL/LCD/LCD.o
                0x00000000080001a8                Private_LCD_Pins_init
 .text.Private_LCD_Kick
                0x00000000080002cc       0x28 STM32_F103C6_Drivers/HAL/LCD/LCD.o
                0x00000000080002cc                Private_LCD_Kick
 .text.HAL_LCD_Init
                0x00000000080002f4       0x34 STM32_F103C6_Drivers/HAL/LCD/LCD.o
                0x00000000080002f4                HAL_LCD_Init
 .text.HAL_LCD_Send_Command
                0x0000000008000328       0xdc STM32_F103C6_Drivers/HAL/LCD/LCD.o
                0x0000000008000328                HAL_LCD_Send_Command
 .text.HAL_LCD_Display_Char
                0x0000000008000404       0xdc STM32_F103C6_Drivers/HAL/LCD/LCD.o
                0x0000000008000404                HAL_LCD_Display_Char
 .text.HAL_LCD_Clear_Screen
                0x00000000080004e0        0xe STM32_F103C6_Drivers/HAL/LCD/LCD.o
                0x00000000080004e0                HAL_LCD_Clear_Screen
 .text.HAL_LCD_Display_String
                0x00000000080004ee       0x36 STM32_F103C6_Drivers/HAL/LCD/LCD.o
                0x00000000080004ee                HAL_LCD_Display_String
 .text.HAL_LCD_GoToXY
                0x0000000008000524       0x4a STM32_F103C6_Drivers/HAL/LCD/LCD.o
                0x0000000008000524                HAL_LCD_GoToXY
 *fill*         0x000000000800056e        0x2 
 .text.Private_Enable_NVIC
                0x0000000008000570       0xcc STM32_F103C6_Drivers/MCAL/EXTI/EXTI.o
                0x0000000008000570                Private_Enable_NVIC
 .text.Private_Disable_NVIC
                0x000000000800063c       0xcc STM32_F103C6_Drivers/MCAL/EXTI/EXTI.o
                0x000000000800063c                Private_Disable_NVIC
 .text.Private_EXTI_Update
                0x0000000008000708      0x1e8 STM32_F103C6_Drivers/MCAL/EXTI/EXTI.o
                0x0000000008000708                Private_EXTI_Update
 .text.MCAL_EXTI_Init
                0x00000000080008f0       0x16 STM32_F103C6_Drivers/MCAL/EXTI/EXTI.o
                0x00000000080008f0                MCAL_EXTI_Init
 *fill*         0x0000000008000906        0x2 
 .text.EXTI0_IRQHandler
                0x0000000008000908       0x24 STM32_F103C6_Drivers/MCAL/EXTI/EXTI.o
                0x0000000008000908                EXTI0_IRQHandler
 .text.EXTI1_IRQHandler
                0x000000000800092c       0x24 STM32_F103C6_Drivers/MCAL/EXTI/EXTI.o
                0x000000000800092c                EXTI1_IRQHandler
 .text.EXTI2_IRQHandler
                0x0000000008000950       0x24 STM32_F103C6_Drivers/MCAL/EXTI/EXTI.o
                0x0000000008000950                EXTI2_IRQHandler
 .text.EXTI3_IRQHandler
                0x0000000008000974       0x24 STM32_F103C6_Drivers/MCAL/EXTI/EXTI.o
                0x0000000008000974                EXTI3_IRQHandler
 .text.EXTI4_IRQHandler
                0x0000000008000998       0x24 STM32_F103C6_Drivers/MCAL/EXTI/EXTI.o
                0x0000000008000998                EXTI4_IRQHandler
 .text.EXTI9_5_IRQHandler
                0x00000000080009bc       0xa8 STM32_F103C6_Drivers/MCAL/EXTI/EXTI.o
                0x00000000080009bc                EXTI9_5_IRQHandler
 .text.EXTI15_10_IRQHandler
                0x0000000008000a64       0xc4 STM32_F103C6_Drivers/MCAL/EXTI/EXTI.o
                0x0000000008000a64                EXTI15_10_IRQHandler
 .text.Private_Get_CRLH_Position
                0x0000000008000b28       0xa4 STM32_F103C6_Drivers/MCAL/GPIO/GPIO.o
                0x0000000008000b28                Private_Get_CRLH_Position
 .text.MCAL_GPIO_Init
                0x0000000008000bcc      0x10a STM32_F103C6_Drivers/MCAL/GPIO/GPIO.o
                0x0000000008000bcc                MCAL_GPIO_Init
 .text.MCAL_GPIO_Pin_Write
                0x0000000008000cd6       0x48 STM32_F103C6_Drivers/MCAL/GPIO/GPIO.o
                0x0000000008000cd6                MCAL_GPIO_Pin_Write
 *fill*         0x0000000008000d1e        0x2 
 .text.CLK_init
                0x0000000008000d20       0x34 STM32_F103C6_Drivers/main.o
                0x0000000008000d20                CLK_init
 .text.wait     0x0000000008000d54       0x38 STM32_F103C6_Drivers/main.o
                0x0000000008000d54                wait
 .text.EXTI9_CallBack
                0x0000000008000d8c       0x40 STM32_F103C6_Drivers/main.o
                0x0000000008000d8c                EXTI9_CallBack
 .text.main     0x0000000008000dcc       0x5c STM32_F103C6_Drivers/main.o
                0x0000000008000dcc                main
 .text.Reset_Handler
                0x0000000008000e28       0x50 Startup/startup_stm32f103c6tx.o
                0x0000000008000e28                Reset_Handler
 .text.Default_Handler
                0x0000000008000e78        0x2 Startup/startup_stm32f103c6tx.o
                0x0000000008000e78                TIM8_TRG_COM_IRQHandler
                0x0000000008000e78                TIM8_CC_IRQHandler
                0x0000000008000e78                DebugMon_Handler
                0x0000000008000e78                TIM1_CC_IRQHandler
                0x0000000008000e78                HardFault_Handler
                0x0000000008000e78                TIM6_IRQHandler
                0x0000000008000e78                SysTick_Handler
                0x0000000008000e78                PVD_IRQHandler
                0x0000000008000e78                SDIO_IRQHandler
                0x0000000008000e78                PendSV_Handler
                0x0000000008000e78                NMI_Handler
                0x0000000008000e78                USB_HP_CAN_TX_IRQHandler
                0x0000000008000e78                I2C2_EV_IRQHandler
                0x0000000008000e78                UsageFault_Handler
                0x0000000008000e78                ADC1_2_IRQHandler
                0x0000000008000e78                SPI1_IRQHandler
                0x0000000008000e78                CAN_SCE_IRQHandler
                0x0000000008000e78                TAMPER_IRQHandler
                0x0000000008000e78                TIM8_UP_IRQHandler
                0x0000000008000e78                DMA2_Channel2_IRQHandler
                0x0000000008000e78                DMA1_Channel4_IRQHandler
                0x0000000008000e78                USART3_IRQHandler
                0x0000000008000e78                RTC_IRQHandler
                0x0000000008000e78                DMA1_Channel7_IRQHandler
                0x0000000008000e78                UART5_IRQHandler
                0x0000000008000e78                ADC3_IRQHandler
                0x0000000008000e78                TIM4_IRQHandler
                0x0000000008000e78                CAN_RX1_IRQHandler
                0x0000000008000e78                DMA2_Channel1_IRQHandler
                0x0000000008000e78                I2C1_EV_IRQHandler
                0x0000000008000e78                DMA1_Channel6_IRQHandler
                0x0000000008000e78                UART4_IRQHandler
                0x0000000008000e78                TIM3_IRQHandler
                0x0000000008000e78                RCC_IRQHandler
                0x0000000008000e78                TIM1_TRG_COM_IRQHandler
                0x0000000008000e78                DMA1_Channel1_IRQHandler
                0x0000000008000e78                Default_Handler
                0x0000000008000e78                TIM7_IRQHandler
                0x0000000008000e78                TIM5_IRQHandler
                0x0000000008000e78                SPI2_IRQHandler
                0x0000000008000e78                USB_LP_CAN_RX0_IRQHandler
                0x0000000008000e78                MemManage_Handler
                0x0000000008000e78                SVC_Handler
                0x0000000008000e78                DMA1_Channel5_IRQHandler
                0x0000000008000e78                DMA1_Channel3_IRQHandler
                0x0000000008000e78                FSMC_IRQHandler
                0x0000000008000e78                TIM1_UP_IRQHandler
                0x0000000008000e78                WWDG_IRQHandler
                0x0000000008000e78                TIM2_IRQHandler
                0x0000000008000e78                TIM1_BRK_IRQHandler
                0x0000000008000e78                RTCAlarm_IRQHandler
                0x0000000008000e78                DMA2_Channel4_5_IRQHandler
                0x0000000008000e78                USART2_IRQHandler
                0x0000000008000e78                I2C2_ER_IRQHandler
                0x0000000008000e78                DMA1_Channel2_IRQHandler
                0x0000000008000e78                TIM8_BRK_IRQHandler
                0x0000000008000e78                FLASH_IRQHandler
                0x0000000008000e78                BusFault_Handler
                0x0000000008000e78                USART1_IRQHandler
                0x0000000008000e78                SPI3_IRQHandler
                0x0000000008000e78                I2C1_ER_IRQHandler
                0x0000000008000e78                DMA2_Channel3_IRQHandler
 *fill*         0x0000000008000e7a        0x2 
 .text.__libc_init_array
                0x0000000008000e7c       0x48 c:/st/stm32cubeide_1.4.0/stm32cubeide/plugins/com.st.stm32cube.ide.mcu.externaltools.gnu-tools-for-stm32.7-2018-q2-update.win32_1.4.0.202007081208/tools/bin/../lib/gcc/arm-none-eabi/7.3.1/../../../../arm-none-eabi/lib/thumb/v7-m\libc_nano.a(lib_a-init.o)
                0x0000000008000e7c                __libc_init_array
 *(.glue_7)
 .glue_7        0x0000000008000ec4        0x0 linker stubs
 *(.glue_7t)
 .glue_7t       0x0000000008000ec4        0x0 linker stubs
 *(.eh_frame)
 .eh_frame      0x0000000008000ec4        0x0 c:/st/stm32cubeide_1.4.0/stm32cubeide/plugins/com.st.stm32cube.ide.mcu.externaltools.gnu-tools-for-stm32.7-2018-q2-update.win32_1.4.0.202007081208/tools/bin/../lib/gcc/arm-none-eabi/7.3.1/thumb/v7-m/crtbegin.o
 *(.init)
 .init          0x0000000008000ec4        0x4 c:/st/stm32cubeide_1.4.0/stm32cubeide/plugins/com.st.stm32cube.ide.mcu.externaltools.gnu-tools-for-stm32.7-2018-q2-update.win32_1.4.0.202007081208/tools/bin/../lib/gcc/arm-none-eabi/7.3.1/thumb/v7-m/crti.o
                0x0000000008000ec4                _init
 .init          0x0000000008000ec8        0x8 c:/st/stm32cubeide_1.4.0/stm32cubeide/plugins/com.st.stm32cube.ide.mcu.externaltools.gnu-tools-for-stm32.7-2018-q2-update.win32_1.4.0.202007081208/tools/bin/../lib/gcc/arm-none-eabi/7.3.1/thumb/v7-m/crtn.o
 *(.fini)
 .fini          0x0000000008000ed0        0x4 c:/st/stm32cubeide_1.4.0/stm32cubeide/plugins/com.st.stm32cube.ide.mcu.externaltools.gnu-tools-for-stm32.7-2018-q2-update.win32_1.4.0.202007081208/tools/bin/../lib/gcc/arm-none-eabi/7.3.1/thumb/v7-m/crti.o
                0x0000000008000ed0                _fini
 .fini          0x0000000008000ed4        0x8 c:/st/stm32cubeide_1.4.0/stm32cubeide/plugins/com.st.stm32cube.ide.mcu.externaltools.gnu-tools-for-stm32.7-2018-q2-update.win32_1.4.0.202007081208/tools/bin/../lib/gcc/arm-none-eabi/7.3.1/thumb/v7-m/crtn.o
                0x0000000008000edc                . = ALIGN (0x4)
                0x0000000008000edc                _etext = .

.vfp11_veneer   0x0000000008000edc        0x0
 .vfp11_veneer  0x0000000008000edc        0x0 linker stubs

.v4_bx          0x0000000008000edc        0x0
 .v4_bx         0x0000000008000edc        0x0 linker stubs

.iplt           0x0000000008000edc        0x0
 .iplt          0x0000000008000edc        0x0 c:/st/stm32cubeide_1.4.0/stm32cubeide/plugins/com.st.stm32cube.ide.mcu.externaltools.gnu-tools-for-stm32.7-2018-q2-update.win32_1.4.0.202007081208/tools/bin/../lib/gcc/arm-none-eabi/7.3.1/thumb/v7-m/crtbegin.o

.rodata         0x0000000008000edc       0x28
                0x0000000008000edc                . = ALIGN (0x4)
 *(.rodata)
 .rodata        0x0000000008000edc       0x28 STM32_F103C6_Drivers/main.o
 *(.rodata*)
                0x0000000008000f04                . = ALIGN (0x4)

.rel.dyn        0x0000000008000f04        0x0
 .rel.iplt      0x0000000008000f04        0x0 c:/st/stm32cubeide_1.4.0/stm32cubeide/plugins/com.st.stm32cube.ide.mcu.externaltools.gnu-tools-for-stm32.7-2018-q2-update.win32_1.4.0.202007081208/tools/bin/../lib/gcc/arm-none-eabi/7.3.1/thumb/v7-m/crtbegin.o

.ARM.extab      0x0000000008000f04        0x0
                0x0000000008000f04                . = ALIGN (0x4)
 *(.ARM.extab* .gnu.linkonce.armextab.*)
                0x0000000008000f04                . = ALIGN (0x4)

.ARM            0x0000000008000f04        0x0
                0x0000000008000f04                . = ALIGN (0x4)
                0x0000000008000f04                __exidx_start = .
 *(.ARM.exidx*)
                0x0000000008000f04                __exidx_end = .
                0x0000000008000f04                . = ALIGN (0x4)

.preinit_array  0x0000000008000f04        0x0
                0x0000000008000f04                . = ALIGN (0x4)
                0x0000000008000f04                PROVIDE (__preinit_array_start = .)
 *(.preinit_array*)
                0x0000000008000f04                PROVIDE (__preinit_array_end = .)
                0x0000000008000f04                . = ALIGN (0x4)

.init_array     0x0000000008000f04        0x4
                0x0000000008000f04                . = ALIGN (0x4)
                0x0000000008000f04                PROVIDE (__init_array_start = .)
 *(SORT_BY_NAME(.init_array.*))
 *(.init_array*)
 .init_array    0x0000000008000f04        0x4 c:/st/stm32cubeide_1.4.0/stm32cubeide/plugins/com.st.stm32cube.ide.mcu.externaltools.gnu-tools-for-stm32.7-2018-q2-update.win32_1.4.0.202007081208/tools/bin/../lib/gcc/arm-none-eabi/7.3.1/thumb/v7-m/crtbegin.o
                0x0000000008000f08                PROVIDE (__init_array_end = .)
                0x0000000008000f08                . = ALIGN (0x4)

.fini_array     0x0000000008000f08        0x4
                0x0000000008000f08                . = ALIGN (0x4)
                [!provide]                        PROVIDE (__fini_array_start = .)
 *(SORT_BY_NAME(.fini_array.*))
 *(.fini_array*)
 .fini_array    0x0000000008000f08        0x4 c:/st/stm32cubeide_1.4.0/stm32cubeide/plugins/com.st.stm32cube.ide.mcu.externaltools.gnu-tools-for-stm32.7-2018-q2-update.win32_1.4.0.202007081208/tools/bin/../lib/gcc/arm-none-eabi/7.3.1/thumb/v7-m/crtbegin.o
                [!provide]                        PROVIDE (__fini_array_end = .)
                0x0000000008000f0c                . = ALIGN (0x4)
                0x0000000008000f0c                _sidata = LOADADDR (.data)

.data           0x0000000020000000        0x0 load address 0x0000000008000f0c
                0x0000000020000000                . = ALIGN (0x4)
                0x0000000020000000                _sdata = .
 *(.data)
 *(.data*)
                0x0000000020000000                . = ALIGN (0x4)
                0x0000000020000000                _edata = .

.igot.plt       0x0000000020000000        0x0 load address 0x0000000008000f0c
 .igot.plt      0x0000000020000000        0x0 c:/st/stm32cubeide_1.4.0/stm32cubeide/plugins/com.st.stm32cube.ide.mcu.externaltools.gnu-tools-for-stm32.7-2018-q2-update.win32_1.4.0.202007081208/tools/bin/../lib/gcc/arm-none-eabi/7.3.1/thumb/v7-m/crtbegin.o
                0x0000000020000000                . = ALIGN (0x4)

.bss            0x0000000020000000       0x5c load address 0x0000000008000f0c
                0x0000000020000000                _sbss = .
                0x0000000020000000                __bss_start__ = _sbss
 *(.bss)
 .bss           0x0000000020000000       0x1c c:/st/stm32cubeide_1.4.0/stm32cubeide/plugins/com.st.stm32cube.ide.mcu.externaltools.gnu-tools-for-stm32.7-2018-q2-update.win32_1.4.0.202007081208/tools/bin/../lib/gcc/arm-none-eabi/7.3.1/thumb/v7-m/crtbegin.o
 *(.bss*)
 .bss.IRQ_Flag  0x000000002000001c        0x1 STM32_F103C6_Drivers/main.o
                0x000000002000001c                IRQ_Flag
 *(COMMON)
 *fill*         0x000000002000001d        0x3 
 COMMON         0x0000000020000020       0x3c STM32_F103C6_Drivers/MCAL/EXTI/EXTI.o
                0x0000000020000020                Global_ptr_callBack
                0x000000002000005c                . = ALIGN (0x4)
                0x000000002000005c                _ebss = .
                0x000000002000005c                __bss_end__ = _ebss

._user_heap_stack
                0x000000002000005c      0x604 load address 0x0000000008000f0c
                0x0000000020000060                . = ALIGN (0x8)
 *fill*         0x000000002000005c        0x4 
                [!provide]                        PROVIDE (end = .)
                0x0000000020000060                PROVIDE (_end = .)
                0x0000000020000260                . = (. + _Min_Heap_Size)
 *fill*         0x0000000020000060      0x200 
                0x0000000020000660                . = (. + _Min_Stack_Size)
 *fill*         0x0000000020000260      0x400 
                0x0000000020000660                . = ALIGN (0x8)

/DISCARD/
 libc.a(*)
 libm.a(*)
 libgcc.a(*)

.ARM.attributes
                0x0000000000000000       0x29
 *(.ARM.attributes)
 .ARM.attributes
                0x0000000000000000       0x1d c:/st/stm32cubeide_1.4.0/stm32cubeide/plugins/com.st.stm32cube.ide.mcu.externaltools.gnu-tools-for-stm32.7-2018-q2-update.win32_1.4.0.202007081208/tools/bin/../lib/gcc/arm-none-eabi/7.3.1/thumb/v7-m/crti.o
 .ARM.attributes
                0x000000000000001d       0x2d c:/st/stm32cubeide_1.4.0/stm32cubeide/plugins/com.st.stm32cube.ide.mcu.externaltools.gnu-tools-for-stm32.7-2018-q2-update.win32_1.4.0.202007081208/tools/bin/../lib/gcc/arm-none-eabi/7.3.1/thumb/v7-m/crtbegin.o
 .ARM.attributes
                0x000000000000004a       0x33 STM32_F103C6_Drivers/HAL/LCD/LCD.o
 .ARM.attributes
                0x000000000000007d       0x33 STM32_F103C6_Drivers/MCAL/EXTI/EXTI.o
 .ARM.attributes
                0x00000000000000b0       0x33 STM32_F103C6_Drivers/MCAL/GPIO/GPIO.o
 .ARM.attributes
                0x00000000000000e3       0x33 STM32_F103C6_Drivers/main.o
 .ARM.attributes
                0x0000000000000116       0x21 Startup/startup_stm32f103c6tx.o
 .ARM.attributes
                0x0000000000000137       0x2d c:/st/stm32cubeide_1.4.0/stm32cubeide/plugins/com.st.stm32cube.ide.mcu.externaltools.gnu-tools-for-stm32.7-2018-q2-update.win32_1.4.0.202007081208/tools/bin/../lib/gcc/arm-none-eabi/7.3.1/../../../../arm-none-eabi/lib/thumb/v7-m\libc_nano.a(lib_a-init.o)
 .ARM.attributes
                0x0000000000000164       0x1d c:/st/stm32cubeide_1.4.0/stm32cubeide/plugins/com.st.stm32cube.ide.mcu.externaltools.gnu-tools-for-stm32.7-2018-q2-update.win32_1.4.0.202007081208/tools/bin/../lib/gcc/arm-none-eabi/7.3.1/thumb/v7-m/crtn.o
OUTPUT(stm32_drivers.elf elf32-littlearm)

.debug_info     0x0000000000000000     0x34b6
 .debug_info    0x0000000000000000      0xceb STM32_F103C6_Drivers/HAL/LCD/LCD.o
 .debug_info    0x0000000000000ceb      0xda6 STM32_F103C6_Drivers/MCAL/EXTI/EXTI.o
 .debug_info    0x0000000000001a91      0xc8f STM32_F103C6_Drivers/MCAL/GPIO/GPIO.o
 .debug_info    0x0000000000002720      0xd74 STM32_F103C6_Drivers/main.o
 .debug_info    0x0000000000003494       0x22 Startup/startup_stm32f103c6tx.o

.debug_abbrev   0x0000000000000000      0x850
 .debug_abbrev  0x0000000000000000      0x226 STM32_F103C6_Drivers/HAL/LCD/LCD.o
 .debug_abbrev  0x0000000000000226      0x210 STM32_F103C6_Drivers/MCAL/EXTI/EXTI.o
 .debug_abbrev  0x0000000000000436      0x1de STM32_F103C6_Drivers/MCAL/GPIO/GPIO.o
 .debug_abbrev  0x0000000000000614      0x22a STM32_F103C6_Drivers/main.o
 .debug_abbrev  0x000000000000083e       0x12 Startup/startup_stm32f103c6tx.o

.debug_loc      0x0000000000000000      0xa64
 .debug_loc     0x0000000000000000      0x2c0 STM32_F103C6_Drivers/HAL/LCD/LCD.o
 .debug_loc     0x00000000000002c0      0x320 STM32_F103C6_Drivers/MCAL/EXTI/EXTI.o
 .debug_loc     0x00000000000005e0      0x330 STM32_F103C6_Drivers/MCAL/GPIO/GPIO.o
 .debug_loc     0x0000000000000910      0x154 STM32_F103C6_Drivers/main.o

.debug_aranges  0x0000000000000000      0x1b0
 .debug_aranges
                0x0000000000000000       0x68 STM32_F103C6_Drivers/HAL/LCD/LCD.o
 .debug_aranges
                0x0000000000000068       0x80 STM32_F103C6_Drivers/MCAL/EXTI/EXTI.o
 .debug_aranges
                0x00000000000000e8       0x60 STM32_F103C6_Drivers/MCAL/GPIO/GPIO.o
 .debug_aranges
                0x0000000000000148       0x40 STM32_F103C6_Drivers/main.o
 .debug_aranges
                0x0000000000000188       0x28 Startup/startup_stm32f103c6tx.o

.debug_ranges   0x0000000000000000      0x168
 .debug_ranges  0x0000000000000000       0x58 STM32_F103C6_Drivers/HAL/LCD/LCD.o
 .debug_ranges  0x0000000000000058       0x70 STM32_F103C6_Drivers/MCAL/EXTI/EXTI.o
 .debug_ranges  0x00000000000000c8       0x50 STM32_F103C6_Drivers/MCAL/GPIO/GPIO.o
 .debug_ranges  0x0000000000000118       0x30 STM32_F103C6_Drivers/main.o
 .debug_ranges  0x0000000000000148       0x20 Startup/startup_stm32f103c6tx.o

.debug_macro    0x0000000000000000      0x7fd
 .debug_macro   0x0000000000000000      0x14a STM32_F103C6_Drivers/HAL/LCD/LCD.o
 .debug_macro   0x000000000000014a       0x94 STM32_F103C6_Drivers/HAL/LCD/LCD.o
 .debug_macro   0x00000000000001de      0x150 STM32_F103C6_Drivers/MCAL/EXTI/EXTI.o
 .debug_macro   0x000000000000032e      0x214 STM32_F103C6_Drivers/MCAL/EXTI/EXTI.o
 .debug_macro   0x0000000000000542      0x12f STM32_F103C6_Drivers/MCAL/GPIO/GPIO.o
 .debug_macro   0x0000000000000671      0x18c STM32_F103C6_Drivers/main.o

.debug_line     0x0000000000000000     0x1d2d
 .debug_line    0x0000000000000000      0x6e6 STM32_F103C6_Drivers/HAL/LCD/LCD.o
 .debug_line    0x00000000000006e6      0x779 STM32_F103C6_Drivers/MCAL/EXTI/EXTI.o
 .debug_line    0x0000000000000e5f      0x61f STM32_F103C6_Drivers/MCAL/GPIO/GPIO.o
 .debug_line    0x000000000000147e      0x82b STM32_F103C6_Drivers/main.o
 .debug_line    0x0000000000001ca9       0x84 Startup/startup_stm32f103c6tx.o

.debug_str      0x0000000000000000     0x8e57
 .debug_str     0x0000000000000000     0x73ab STM32_F103C6_Drivers/HAL/LCD/LCD.o
                                       0x752e (size before relaxing)
 .debug_str     0x00000000000073ab     0x17d1 STM32_F103C6_Drivers/MCAL/EXTI/EXTI.o
                                       0x87fd (size before relaxing)
 .debug_str     0x0000000000008b7c      0x122 STM32_F103C6_Drivers/MCAL/GPIO/GPIO.o
                                       0x714d (size before relaxing)
 .debug_str     0x0000000000008c9e      0x188 STM32_F103C6_Drivers/main.o
                                       0x8b11 (size before relaxing)
 .debug_str     0x0000000000008e26       0x31 Startup/startup_stm32f103c6tx.o
                                         0x63 (size before relaxing)

.comment        0x0000000000000000       0x7b
 .comment       0x0000000000000000       0x7b STM32_F103C6_Drivers/HAL/LCD/LCD.o
                                         0x7c (size before relaxing)
 .comment       0x000000000000007b       0x7c STM32_F103C6_Drivers/MCAL/EXTI/EXTI.o
 .comment       0x000000000000007b       0x7c STM32_F103C6_Drivers/MCAL/GPIO/GPIO.o
 .comment       0x000000000000007b       0x7c STM32_F103C6_Drivers/main.o

.debug_frame    0x0000000000000000      0x570
 .debug_frame   0x0000000000000000      0x164 STM32_F103C6_Drivers/HAL/LCD/LCD.o
 .debug_frame   0x0000000000000164      0x1b0 STM32_F103C6_Drivers/MCAL/EXTI/EXTI.o
 .debug_frame   0x0000000000000314      0x178 STM32_F103C6_Drivers/MCAL/GPIO/GPIO.o
 .debug_frame   0x000000000000048c       0xb8 STM32_F103C6_Drivers/main.o
 .debug_frame   0x0000000000000544       0x2c c:/st/stm32cubeide_1.4.0/stm32cubeide/plugins/com.st.stm32cube.ide.mcu.externaltools.gnu-tools-for-stm32.7-2018-q2-update.win32_1.4.0.202007081208/tools/bin/../lib/gcc/arm-none-eabi/7.3.1/../../../../arm-none-eabi/lib/thumb/v7-m\libc_nano.a(lib_a-init.o)
